82.141.181.133 - - [23/Nov/2008:12:24:36 -0500] "GET /home/images/quick/icon.gif HTTP/1.1" 200 161 "http://www.log-viewer.com/?gclid=CJvDtenoi5cCFQsRuwodbDzmRg" "Mozilla/5.0 (Windows; U; Windows NT 5.1; hu; rv:1.9.0.4) Gecko/2008102920 Firefox/3.0.4"
82.141.181.133 - - [23/Nov/2008:12:24:36 -0500] "GET /home/images/quick/appicon.gif HTTP/1.1" 200 396 "http://www.log-viewer.com/?gclid=CJvDtenoi5cCFQsRuwodbDzmRg" "Mozilla/5.0 (Windows; U; Windows NT 5.1; hu; rv:1.9.0.4) Gecko/2008102920 Firefox/3.0.4"
82.141.181.133 - - [23/Nov/2008:12:24:36 -0500] "GET /home/images/quick/opicon.gif HTTP/1.1" 200 397 "http://www.log-viewer.com/?gclid=CJvDtenoi5cCFQsRuwodbDzmRg" "Mozilla/5.0 (Windows; U; Windows NT 5.1; hu; rv:1.9.0.4) Gecko/2008102920 Firefox/3.0.4"
82.141.181.133 - - [23/Nov/2008:12:24:36 -0500] "GET /home/images/quick/upper_line_inter_2.gif HTTP/1.1" 200 125 "http://www.log-viewer.com/?gclid=CJvDtenoi5cCFQsRuwodbDzmRg" "Mozilla/5.0 (Windows; U; Windows NT 5.1; hu; rv:1.9.0.4) Gecko/2008102920 Firefox/3.0.4"
82.141.181.133 - - [23/Nov/2008:12:24:36 -0500] "GET /home/images/quick/lower_line_inter_2.gif HTTP/1.1" 200 125 "http://www.log-viewer.com/?gclid=CJvDtenoi5cCFQsRuwodbDzmRg" "Mozilla/5.0 (Windows; U; Windows NT 5.1; hu; rv:1.9.0.4) Gecko/2008102920 Firefox/3.0.4"
92.84.183.85 - - [23/Nov/2008:12:24:36 -0500] "GET /home/images/quick/appicon.gif HTTP/1.1" 200 396 "http://www.xpolog-management.com/?gclid=CIL_8efoi5cCFQ9RQgodPTLm9g" "Mozilla/4.0 (compatible; MSIE 7.0; Windows NT 5.1; .NET CLR 2.0.50727)"
92.84.183.85 - - [23/Nov/2008:12:24:36 -0500] "GET /home/images/quick/opicon.gif HTTP/1.1" 200 397 "http://www.xpolog-management.com/?gclid=CIL_8efoi5cCFQ9RQgodPTLm9g" "Mozilla/4.0 (compatible; MSIE 7.0; Windows NT 5.1; .NET CLR 2.0.50727)"
92.84.183.85 - - [23/Nov/2008:12:24:36 -0500] "GET /home/images/quick/upper_line_inter_2.gif HTTP/1.1" 200 125 "http://www.xpolog-management.com/?gclid=CIL_8efoi5cCFQ9RQgodPTLm9g" "Mozilla/4.0 (compatible; MSIE 7.0; Windows NT 5.1; .NET CLR 2.0.50727)"
92.84.183.85 - - [23/Nov/2008:12:24:36 -0500] "GET /home/images/quick/lower_line_inter_2.gif HTTP/1.1" 200 125 "http://www.xpolog-management.com/?gclid=CIL_8efoi5cCFQ9RQgodPTLm9g" "Mozilla/4.0 (compatible; MSIE 7.0; Windows NT 5.1; .NET CLR 2.0.50727)"
82.141.181.133 - - [23/Nov/2008:12:24:36 -0500] "GET /home/images/quick/lower_line_inter.gif HTTP/1.1" 200 121 "http://www.log-viewer.com/?gclid=CJvDtenoi5cCFQsRuwodbDzmRg" "Mozilla/5.0 (Windows; U; Windows NT 5.1; hu; rv:1.9.0.4) Gecko/2008102920 Firefox/3.0.4"
82.141.181.133 - - [23/Nov/2008:12:24:36 -0500] "GET /home/images/logviewer/linux.gif HTTP/1.1" 200 1891 "http://www.log-viewer.com/?gclid=CJvDtenoi5cCFQsRuwodbDzmRg" "Mozilla/5.0 (Windows; U; Windows NT 5.1; hu; rv:1.9.0.4) Gecko/2008102920 Firefox/3.0.4"
82.141.181.133 - - [23/Nov/2008:12:24:36 -0500] "GET /home/images/logviewer/homeSnap.gif HTTP/1.1" 200 8883 "http://www.log-viewer.com/?gclid=CJvDtenoi5cCFQsRuwodbDzmRg" "Mozilla/5.0 (Windows; U; Windows NT 5.1; hu; rv:1.9.0.4) Gecko/2008102920 Firefox/3.0.4"
82.141.181.133 - - [23/Nov/2008:12:24:36 -0500] "GET /home/images/logviewer/iis.gif HTTP/1.1" 200 1567 "http://www.log-viewer.com/?gclid=CJvDtenoi5cCFQsRuwodbDzmRg" "Mozilla/5.0 (Windows; U; Windows NT 5.1; hu; rv:1.9.0.4) Gecko/2008102920 Firefox/3.0.4"
82.141.181.133 - - [23/Nov/2008:12:24:36 -0500] "GET /home/images/logviewer/apache.gif HTTP/1.1" 200 1460 "http://www.log-viewer.com/?gclid=CJvDtenoi5cCFQsRuwodbDzmRg" "Mozilla/5.0 (Windows; U; Windows NT 5.1; hu; rv:1.9.0.4) Gecko/2008102920 Firefox/3.0.4"
82.141.181.133 - - [23/Nov/2008:12:24:37 -0500] "GET /home/images/logviewer/report.gif HTTP/1.1" 200 6164 "http://www.log-viewer.com/?gclid=CJvDtenoi5cCFQsRuwodbDzmRg" "Mozilla/5.0 (Windows; U; Windows NT 5.1; hu; rv:1.9.0.4) Gecko/2008102920 Firefox/3.0.4"
92.84.183.85 - - [23/Nov/2008:12:24:37 -0500] "GET /home/images/quick/lower_line_inter.gif HTTP/1.1" 200 121 "http://www.xpolog-management.com/?gclid=CIL_8efoi5cCFQ9RQgodPTLm9g" "Mozilla/4.0 (compatible; MSIE 7.0; Windows NT 5.1; .NET CLR 2.0.50727)"
92.84.183.85 - - [23/Nov/2008:12:24:37 -0500] "GET /home/images/logviewer/iis.gif HTTP/1.1" 200 1567 "http://www.xpolog-management.com/?gclid=CIL_8efoi5cCFQ9RQgodPTLm9g" "Mozilla/4.0 (compatible; MSIE 7.0; Windows NT 5.1; .NET CLR 2.0.50727)"
82.141.181.133 - - [23/Nov/2008:12:24:37 -0500] "GET /home/images/logviewer/log4j.gif HTTP/1.1" 200 2026 "http://www.log-viewer.com/?gclid=CJvDtenoi5cCFQsRuwodbDzmRg" "Mozilla/5.0 (Windows; U; Windows NT 5.1; hu; rv:1.9.0.4) Gecko/2008102920 Firefox/3.0.4"
82.141.181.133 - - [23/Nov/2008:12:24:37 -0500] "GET /home/images/logviewer/aspnet.gif HTTP/1.1" 200 1513 "http://www.log-viewer.com/?gclid=CJvDtenoi5cCFQsRuwodbDzmRg" "Mozilla/5.0 (Windows; U; Windows NT 5.1; hu; rv:1.9.0.4) Gecko/2008102920 Firefox/3.0.4"
82.141.181.133 - - [23/Nov/2008:12:24:37 -0500] "GET /home/images/logviewer/dashboard.gif HTTP/1.1" 200 6560 "http://www.log-viewer.com/?gclid=CJvDtenoi5cCFQsRuwodbDzmRg" "Mozilla/5.0 (Windows; U; Windows NT 5.1; hu; rv:1.9.0.4) Gecko/2008102920 Firefox/3.0.4"
92.84.183.85 - - [23/Nov/2008:12:24:37 -0500] "GET /home/images/logviewer/linux.gif HTTP/1.1" 200 1891 "http://www.xpolog-management.com/?gclid=CIL_8efoi5cCFQ9RQgodPTLm9g" "Mozilla/4.0 (compatible; MSIE 7.0; Windows NT 5.1; .NET CLR 2.0.50727)"
82.141.181.133 - - [23/Nov/2008:12:24:37 -0500] "GET /home/images/logviewer/transaction.gif HTTP/1.1" 200 5449 "http://www.log-viewer.com/?gclid=CJvDtenoi5cCFQsRuwodbDzmRg" "Mozilla/5.0 (Windows; U; Windows NT 5.1; hu; rv:1.9.0.4) Gecko/2008102920 Firefox/3.0.4"
92.84.183.85 - - [23/Nov/2008:12:24:37 -0500] "GET /home/images/logviewer/homeSnap.gif HTTP/1.1" 200 8883 "http://www.xpolog-management.com/?gclid=CIL_8efoi5cCFQ9RQgodPTLm9g" "Mozilla/4.0 (compatible; MSIE 7.0; Windows NT 5.1; .NET CLR 2.0.50727)"
82.141.181.133 - - [23/Nov/2008:12:24:37 -0500] "GET /home/images/quick/header.gif HTTP/1.1" 200 305 "http://www.log-viewer.com/?gclid=CJvDtenoi5cCFQsRuwodbDzmRg" "Mozilla/5.0 (Windows; U; Windows NT 5.1; hu; rv:1.9.0.4) Gecko/2008102920 Firefox/3.0.4"
82.141.181.133 - - [23/Nov/2008:12:24:37 -0500] "GET /home/images/downloads/download-button.gif HTTP/1.1" 200 1426 "http://www.log-viewer.com/?gclid=CJvDtenoi5cCFQsRuwodbDzmRg" "Mozilla/5.0 (Windows; U; Windows NT 5.1; hu; rv:1.9.0.4) Gecko/2008102920 Firefox/3.0.4"
82.141.181.133 - - [23/Nov/2008:12:24:37 -0500] "GET /home/images/home/logo.gif HTTP/1.1" 200 3128 "http://www.log-viewer.com/?gclid=CJvDtenoi5cCFQsRuwodbDzmRg" "Mozilla/5.0 (Windows; U; Windows NT 5.1; hu; rv:1.9.0.4) Gecko/2008102920 Firefox/3.0.4"
92.84.183.85 - - [23/Nov/2008:12:24:37 -0500] "GET /home/images/downloads/download-button.gif HTTP/1.1" 200 1426 "http://www.xpolog-management.com/?gclid=CIL_8efoi5cCFQ9RQgodPTLm9g" "Mozilla/4.0 (compatible; MSIE 7.0; Windows NT 5.1; .NET CLR 2.0.50727)"
92.84.183.85 - - [23/Nov/2008:12:24:38 -0500] "GET /home/images/logviewer/report.gif HTTP/1.1" 200 6164 "http://www.xpolog-management.com/?gclid=CIL_8efoi5cCFQ9RQgodPTLm9g" "Mozilla/4.0 (compatible; MSIE 7.0; Windows NT 5.1; .NET CLR 2.0.50727)"
92.84.183.85 - - [23/Nov/2008:12:24:38 -0500] "GET /home/images/logviewer/dashboard.gif HTTP/1.1" 200 6560 "http://www.xpolog-management.com/?gclid=CIL_8efoi5cCFQ9RQgodPTLm9g" "Mozilla/4.0 (compatible; MSIE 7.0; Windows NT 5.1; .NET CLR 2.0.50727)"
198.54.202.210 - - [23/Nov/2008:12:24:53 -0500] "POST /home/common/registerAction.jsp? HTTP/1.1" 200 218 "http://www.xpolog.com/home/master/xplgMaster_downloads_trial_registration.jsp" "Mozilla/4.0 (compatible; MSIE 8.0; Windows NT 5.1; Trident/4.0; InfoPath.1; .NET CLR 1.1.4322; .NET CLR 2.0.50727)"
198.54.202.226 - - [23/Nov/2008:12:24:54 -0500] "GET /home/master/xplgMaster_downloads_trial_operationDownloadOK.jsp HTTP/1.1" 200 24727 "-" "Mozilla/4.0 (compatible; MSIE 8.0; Windows NT 5.1; Trident/4.0; InfoPath.1; .NET CLR 1.1.4322; .NET CLR 2.0.50727)"
198.54.202.195 - - [23/Nov/2008:12:24:55 -0500] "GET /home/common/conv.jsp HTTP/1.1" 200 653 "http://www.xpolog.com/home/master/xplgMaster_downloads_trial_operationDownloadOK.jsp" "Mozilla/4.0 (compatible; MSIE 8.0; Windows NT 5.1; Trident/4.0; InfoPath.1; .NET CLR 1.1.4322; .NET CLR 2.0.50727)"
121.245.47.12 - - [23/Nov/2008:12:24:59 -0500] "GET /home/css/xplg.css HTTP/1.1" 200 8720 "http://xpolog.com/?gclid=COvXq_Poi5cCFQogegodHTKw-A" "Mozilla/4.0 (compatible; MSIE 6.0; Windows NT 5.1; SV1)"
121.245.47.12 - - [23/Nov/2008:12:24:56 -0500] "GET /?gclid=COvXq_Poi5cCFQogegodHTKw-A HTTP/1.1" 200 50903 "http://pagead2.googlesyndication.com/pagead/ads?client=ca-pub-6105196450991387&dt=1227461053843&lmt=1227461053&output=html&slotname=6796159705&correlator=1227461053843&url=http%3A%2F%2Fwww.freedownloadscenter.com%2FNetwork_and_Internet%2FMisc__Networking_Tools%2FBearFlix_EZ_Booster_Download.html&ea=0&ref=http%3A%2F%2Fwww.freedownloadscenter.com%2FNetwork_and_Internet%2FMisc__Networking_Tools%2FBearFlix_EZ_Booster_Screenshot.html&frm=0&ga_vid=422150335.1227461054&ga_sid=1227461054&ga_hid=1375402854&flash=6.0.79.0&u_h=800&u_w=1280&u_ah=770&u_aw=1280&u_cd=32&u_tz=330&u_his=12&u_java=true&dtd=63" "Mozilla/4.0 (compatible; MSIE 6.0; Windows NT 5.1; SV1)"
198.54.202.234 - - [23/Nov/2008:12:25:02 -0500] "GET /home/master/xplgMaster_downloads_trial_operationDownloadOK.jsp HTTP/1.1" 200 24727 "-" "Mozilla/4.0 (compatible; MSIE 8.0; Windows NT 5.1; Trident/4.0; InfoPath.1; .NET CLR 1.1.4322; .NET CLR 2.0.50727)"
196.25.255.214 - - [23/Nov/2008:12:25:04 -0500] "GET /home/scripts/iframebackground.html HTTP/1.1" 304 - "http://www.xpolog.com/home/master/xplgMaster_downloads_trial_operationDownloadOK.jsp" "Mozilla/4.0 (compatible; MSIE 8.0; Windows NT 5.1; Trident/4.0; InfoPath.1; .NET CLR 1.1.4322; .NET CLR 2.0.50727)"
198.54.202.214 - - [23/Nov/2008:12:25:04 -0500] "GET /home/scripts/iframebackground.html HTTP/1.1" 304 - "http://www.xpolog.com/home/master/xplgMaster_downloads_trial_operationDownloadOK.jsp" "Mozilla/4.0 (compatible; MSIE 8.0; Windows NT 5.1; Trident/4.0; InfoPath.1; .NET CLR 1.1.4322; .NET CLR 2.0.50727)"
196.25.255.214 - - [23/Nov/2008:12:25:04 -0500] "GET /home/scripts/iframebackground.html HTTP/1.1" 304 - "http://www.xpolog.com/home/master/xplgMaster_downloads_trial_operationDownloadOK.jsp" "Mozilla/4.0 (compatible; MSIE 8.0; Windows NT 5.1; Trident/4.0; InfoPath.1; .NET CLR 1.1.4322; .NET CLR 2.0.50727)"
196.25.255.214 - - [23/Nov/2008:12:25:04 -0500] "GET /home/scripts/iframebackground.html HTTP/1.1" 304 - "http://www.xpolog.com/home/master/xplgMaster_downloads_trial_operationDownloadOK.jsp" "Mozilla/4.0 (compatible; MSIE 8.0; Windows NT 5.1; Trident/4.0; InfoPath.1; .NET CLR 1.1.4322; .NET CLR 2.0.50727)"
198.54.202.214 - - [23/Nov/2008:12:25:04 -0500] "GET /home/scripts/iframebackground.html HTTP/1.1" 304 - "http://www.xpolog.com/home/master/xplgMaster_downloads_trial_operationDownloadOK.jsp" "Mozilla/4.0 (compatible; MSIE 8.0; Windows NT 5.1; Trident/4.0; InfoPath.1; .NET CLR 1.1.4322; .NET CLR 2.0.50727)"
198.54.202.214 - - [23/Nov/2008:12:25:04 -0500] "GET /home/scripts/iframebackground.html HTTP/1.1" 304 - "http://www.xpolog.com/home/master/xplgMaster_downloads_trial_operationDownloadOK.jsp" "Mozilla/4.0 (compatible; MSIE 8.0; Windows NT 5.1; Trident/4.0; InfoPath.1; .NET CLR 1.1.4322; .NET CLR 2.0.50727)"
198.54.202.214 - - [23/Nov/2008:12:25:04 -0500] "GET /home/scripts/iframebackground.html HTTP/1.1" 304 - "http://www.xpolog.com/home/master/xplgMaster_downloads_trial_operationDownloadOK.jsp" "Mozilla/4.0 (compatible; MSIE 8.0; Windows NT 5.1; Trident/4.0; InfoPath.1; .NET CLR 1.1.4322; .NET CLR 2.0.50727)"
198.54.202.214 - - [23/Nov/2008:12:25:04 -0500] "GET /home/scripts/iframebackground.html HTTP/1.1" 304 - "http://www.xpolog.com/home/master/xplgMaster_downloads_trial_operationDownloadOK.jsp" "Mozilla/4.0 (compatible; MSIE 8.0; Windows NT 5.1; Trident/4.0; InfoPath.1; .NET CLR 1.1.4322; .NET CLR 2.0.50727)"
198.54.202.214 - - [23/Nov/2008:12:25:04 -0500] "GET /home/scripts/iframebackground.html HTTP/1.1" 304 - "http://www.xpolog.com/home/master/xplgMaster_downloads_trial_operationDownloadOK.jsp" "Mozilla/4.0 (compatible; MSIE 8.0; Windows NT 5.1; Trident/4.0; InfoPath.1; .NET CLR 1.1.4322; .NET CLR 2.0.50727)"
196.25.255.214 - - [23/Nov/2008:12:25:04 -0500] "GET /home/scripts/iframebackground.html HTTP/1.1" 304 - "http://www.xpolog.com/home/master/xplgMaster_downloads_trial_operationDownloadOK.jsp" "Mozilla/4.0 (compatible; MSIE 8.0; Windows NT 5.1; Trident/4.0; InfoPath.1; .NET CLR 1.1.4322; .NET CLR 2.0.50727)"
196.25.255.214 - - [23/Nov/2008:12:25:04 -0500] "GET /home/scripts/iframebackground.html HTTP/1.1" 304 - "http://www.xpolog.com/home/master/xplgMaster_downloads_trial_operationDownloadOK.jsp" "Mozilla/4.0 (compatible; MSIE 8.0; Windows NT 5.1; Trident/4.0; InfoPath.1; .NET CLR 1.1.4322; .NET CLR 2.0.50727)"
196.25.255.195 - - [23/Nov/2008:12:25:04 -0500] "GET /home/common/conv.jsp HTTP/1.1" 200 653 "http://www.xpolog.com/home/master/xplgMaster_downloads_trial_operationDownloadOK.jsp" "Mozilla/4.0 (compatible; MSIE 8.0; Windows NT 5.1; Trident/4.0; InfoPath.1; .NET CLR 1.1.4322; .NET CLR 2.0.50727)"
121.245.47.12 - - [23/Nov/2008:12:25:07 -0500] "GET /home/css/texts.css HTTP/1.1" 200 3369 "http://xpolog.com/?gclid=COvXq_Poi5cCFQogegodHTKw-A" "Mozilla/4.0 (compatible; MSIE 6.0; Windows NT 5.1; SV1)"
121.245.47.12 - - [23/Nov/2008:12:25:07 -0500] "GET /home/css/links.css HTTP/1.1" 200 30502 "http://xpolog.com/?gclid=COvXq_Poi5cCFQogegodHTKw-A" "Mozilla/4.0 (compatible; MSIE 6.0; Windows NT 5.1; SV1)"
121.245.47.12 - - [23/Nov/2008:12:25:18 -0500] "GET /css/xplg.css HTTP/1.1" 404 288 "http://xpolog.com/?gclid=COvXq_Poi5cCFQogegodHTKw-A" "Mozilla/4.0 (compatible; MSIE 6.0; Windows NT 5.1; SV1)"
121.245.47.12 - - [23/Nov/2008:12:25:18 -0500] "GET /home/css/menus.css HTTP/1.1" 200 8999 "http://xpolog.com/?gclid=COvXq_Poi5cCFQogegodHTKw-A" "Mozilla/4.0 (compatible; MSIE 6.0; Windows NT 5.1; SV1)"
121.245.47.12 - - [23/Nov/2008:12:25:20 -0500] "GET /home/scripts/coolmenus4.js HTTP/1.1" 200 25713 "http://xpolog.com/?gclid=COvXq_Poi5cCFQogegodHTKw-A" "Mozilla/4.0 (compatible; MSIE 6.0; Windows NT 5.1; SV1)"
121.245.47.12 - - [23/Nov/2008:12:25:26 -0500] "GET /home/scripts/iframebackground.html HTTP/1.1" 200 67 "http://xpolog.com/?gclid=COvXq_Poi5cCFQogegodHTKw-A" "Mozilla/4.0 (compatible; MSIE 6.0; Windows NT 5.1; SV1)"
121.245.47.12 - - [23/Nov/2008:12:25:27 -0500] "GET /home/scripts/iframebackground.html HTTP/1.1" 200 67 "http://xpolog.com/?gclid=COvXq_Poi5cCFQogegodHTKw-A" "Mozilla/4.0 (compatible; MSIE 6.0; Windows NT 5.1; SV1)"
121.245.47.12 - - [23/Nov/2008:12:25:29 -0500] "GET /home/scripts/iframebackground.html HTTP/1.1" 200 67 "http://xpolog.com/?gclid=COvXq_Poi5cCFQogegodHTKw-A" "Mozilla/4.0 (compatible; MSIE 6.0; Windows NT 5.1; SV1)"
121.245.47.12 - - [23/Nov/2008:12:25:29 -0500] "GET /home/scripts/iframebackground.html HTTP/1.1" 200 67 "http://xpolog.com/?gclid=COvXq_Poi5cCFQogegodHTKw-A" "Mozilla/4.0 (compatible; MSIE 6.0; Windows NT 5.1; SV1)"
121.245.47.12 - - [23/Nov/2008:12:25:31 -0500] "GET /home/scripts/iframebackground.html HTTP/1.1" 200 67 "http://xpolog.com/?gclid=COvXq_Poi5cCFQogegodHTKw-A" "Mozilla/4.0 (compatible; MSIE 6.0; Windows NT 5.1; SV1)"
121.245.47.12 - - [23/Nov/2008:12:25:32 -0500] "GET /home/scripts/iframebackground.html HTTP/1.1" 200 67 "http://xpolog.com/?gclid=COvXq_Poi5cCFQogegodHTKw-A" "Mozilla/4.0 (compatible; MSIE 6.0; Windows NT 5.1; SV1)"
121.245.47.12 - - [23/Nov/2008:12:25:34 -0500] "GET /home/scripts/iframebackground.html HTTP/1.1" 200 67 "http://xpolog.com/?gclid=COvXq_Poi5cCFQogegodHTKw-A" "Mozilla/4.0 (compatible; MSIE 6.0; Windows NT 5.1; SV1)"
121.245.47.12 - - [23/Nov/2008:12:25:34 -0500] "GET /home/scripts/iframebackground.html HTTP/1.1" 200 67 "http://xpolog.com/?gclid=COvXq_Poi5cCFQogegodHTKw-A" "Mozilla/4.0 (compatible; MSIE 6.0; Windows NT 5.1; SV1)"
121.245.47.12 - - [23/Nov/2008:12:25:37 -0500] "GET /home/scripts/iframebackground.html HTTP/1.1" 200 67 "http://xpolog.com/?gclid=COvXq_Poi5cCFQogegodHTKw-A" "Mozilla/4.0 (compatible; MSIE 6.0; Windows NT 5.1; SV1)"
121.245.47.12 - - [23/Nov/2008:12:25:37 -0500] "GET /home/scripts/iframebackground.html HTTP/1.1" 200 67 "http://xpolog.com/?gclid=COvXq_Poi5cCFQogegodHTKw-A" "Mozilla/4.0 (compatible; MSIE 6.0; Windows NT 5.1; SV1)"
121.245.47.12 - - [23/Nov/2008:12:25:40 -0500] "GET /home/scripts/iframebackground.html HTTP/1.1" 200 67 "http://xpolog.com/?gclid=COvXq_Poi5cCFQogegodHTKw-A" "Mozilla/4.0 (compatible; MSIE 6.0; Windows NT 5.1; SV1)"
121.245.47.12 - - [23/Nov/2008:12:25:40 -0500] "GET /home/scripts/iframebackground.html HTTP/1.1" 200 67 "http://xpolog.com/?gclid=COvXq_Poi5cCFQogegodHTKw-A" "Mozilla/4.0 (compatible; MSIE 6.0; Windows NT 5.1; SV1)"
121.245.47.12 - - [23/Nov/2008:12:25:43 -0500] "GET /home/scripts/iframebackground.html HTTP/1.1" 200 67 "http://xpolog.com/?gclid=COvXq_Poi5cCFQogegodHTKw-A" "Mozilla/4.0 (compatible; MSIE 6.0; Windows NT 5.1; SV1)"
121.245.47.12 - - [23/Nov/2008:12:25:43 -0500] "GET /home/images/home/logo.gif HTTP/1.1" 200 3128 "http://xpolog.com/?gclid=COvXq_Poi5cCFQogegodHTKw-A" "Mozilla/4.0 (compatible; MSIE 6.0; Windows NT 5.1; SV1)"
121.245.47.12 - - [23/Nov/2008:12:25:45 -0500] "GET /home/images/home/1.jpg HTTP/1.1" 200 40920 "http://xpolog.com/?gclid=COvXq_Poi5cCFQogegodHTKw-A" "Mozilla/4.0 (compatible; MSIE 6.0; Windows NT 5.1; SV1)"
121.245.47.12 - - [23/Nov/2008:12:25:47 -0500] "GET /home/images/home/2.jpg HTTP/1.1" 200 34757 "http://xpolog.com/?gclid=COvXq_Poi5cCFQogegodHTKw-A" "Mozilla/4.0 (compatible; MSIE 6.0; Windows NT 5.1; SV1)"
121.245.47.12 - - [23/Nov/2008:12:26:01 -0500] "GET /home/images/home/3.jpg HTTP/1.1" 200 29833 "http://xpolog.com/?gclid=COvXq_Poi5cCFQogegodHTKw-A" "Mozilla/4.0 (compatible; MSIE 6.0; Windows NT 5.1; SV1)"
121.245.47.12 - - [23/Nov/2008:12:26:02 -0500] "GET /home/images/home/4.jpg HTTP/1.1" 200 31779 "http://xpolog.com/?gclid=COvXq_Poi5cCFQogegodHTKw-A" "Mozilla/4.0 (compatible; MSIE 6.0; Windows NT 5.1; SV1)"
121.245.47.12 - - [23/Nov/2008:12:26:13 -0500] "GET /home/images/home/gray_dot_2.gif HTTP/1.1" 200 102 "http://xpolog.com/?gclid=COvXq_Poi5cCFQogegodHTKw-A" "Mozilla/4.0 (compatible; MSIE 6.0; Windows NT 5.1; SV1)"
121.245.47.12 - - [23/Nov/2008:12:26:11 -0500] "GET /home/images/home/homeBackground.jpg HTTP/1.1" 200 20596 "http://xpolog.com/?gclid=COvXq_Poi5cCFQogegodHTKw-A" "Mozilla/4.0 (compatible; MSIE 6.0; Windows NT 5.1; SV1)"
121.245.47.12 - - [23/Nov/2008:12:26:16 -0500] "GET /home/images/home/downloadBtn.gif HTTP/1.1" 200 334 "http://xpolog.com/?gclid=COvXq_Poi5cCFQogegodHTKw-A" "Mozilla/4.0 (compatible; MSIE 6.0; Windows NT 5.1; SV1)"
121.245.47.12 - - [23/Nov/2008:12:26:17 -0500] "GET /home/images/home/download_inter.gif HTTP/1.1" 200 2418 "http://xpolog.com/?gclid=COvXq_Poi5cCFQogegodHTKw-A" "Mozilla/4.0 (compatible; MSIE 6.0; Windows NT 5.1; SV1)"
121.245.47.12 - - [23/Nov/2008:12:26:20 -0500] "GET /home/images/home/online_demo_inter.gif HTTP/1.1" 200 1829 "http://xpolog.com/?gclid=COvXq_Poi5cCFQogegodHTKw-A" "Mozilla/4.0 (compatible; MSIE 6.0; Windows NT 5.1; SV1)"
121.245.47.12 - - [23/Nov/2008:12:26:21 -0500] "GET /home/images/home/brochure_inter.gif HTTP/1.1" 200 1900 "http://xpolog.com/?gclid=COvXq_Poi5cCFQogegodHTKw-A" "Mozilla/4.0 (compatible; MSIE 6.0; Windows NT 5.1; SV1)"
121.245.47.12 - - [23/Nov/2008:12:26:23 -0500] "GET /home/images/home/line_1.gif HTTP/1.1" 200 54 "http://xpolog.com/?gclid=COvXq_Poi5cCFQogegodHTKw-A" "Mozilla/4.0 (compatible; MSIE 6.0; Windows NT 5.1; SV1)"
121.245.47.12 - - [23/Nov/2008:12:26:24 -0500] "GET /home/images/home/line_2.gif HTTP/1.1" 200 56 "http://xpolog.com/?gclid=COvXq_Poi5cCFQogegodHTKw-A" "Mozilla/4.0 (compatible; MSIE 6.0; Windows NT 5.1; SV1)"
121.245.47.12 - - [23/Nov/2008:12:26:26 -0500] "GET /home/images/home/line_4.gif HTTP/1.1" 200 93 "http://xpolog.com/?gclid=COvXq_Poi5cCFQogegodHTKw-A" "Mozilla/4.0 (compatible; MSIE 6.0; Windows NT 5.1; SV1)"
121.245.47.12 - - [23/Nov/2008:12:26:27 -0500] "GET /home/images/home/downloadBtn_2.gif HTTP/1.1" 200 366 "http://xpolog.com/?gclid=COvXq_Poi5cCFQogegodHTKw-A" "Mozilla/4.0 (compatible; MSIE 6.0; Windows NT 5.1; SV1)"
83.82.131.100 - - [23/Nov/2008:12:26:28 -0500] "GET /home/css/xplg.css HTTP/1.1" 200 8720 "http://www.log-viewer.com/?gclid=CIK2paDpi5cCFUoa3godnTunDA" "Mozilla/4.0 (compatible; MSIE 7.0; Windows NT 5.1; .NET CLR 2.0.50727)"
121.245.47.12 - - [23/Nov/2008:12:26:28 -0500] "GET /home/images/home/line_3.gif HTTP/1.1" 200 54 "http://xpolog.com/?gclid=COvXq_Poi5cCFQogegodHTKw-A" "Mozilla/4.0 (compatible; MSIE 6.0; Windows NT 5.1; SV1)"
83.82.131.100 - - [23/Nov/2008:12:26:28 -0500] "GET /home/css/texts.css HTTP/1.1" 200 3369 "http://www.log-viewer.com/?gclid=CIK2paDpi5cCFUoa3godnTunDA" "Mozilla/4.0 (compatible; MSIE 7.0; Windows NT 5.1; .NET CLR 2.0.50727)"
83.82.131.100 - - [23/Nov/2008:12:26:28 -0500] "GET /home/css/links.css HTTP/1.1" 200 30502 "http://www.log-viewer.com/?gclid=CIK2paDpi5cCFUoa3godnTunDA" "Mozilla/4.0 (compatible; MSIE 7.0; Windows NT 5.1; .NET CLR 2.0.50727)"
83.82.131.100 - - [23/Nov/2008:12:26:29 -0500] "GET /home/images/home/logo.gif HTTP/1.1" 200 3128 "http://www.log-viewer.com/?gclid=CIK2paDpi5cCFUoa3godnTunDA" "Mozilla/4.0 (compatible; MSIE 7.0; Windows NT 5.1; .NET CLR 2.0.50727)"
83.82.131.100 - - [23/Nov/2008:12:26:29 -0500] "GET /home/images/quick/upper_line_inter.gif HTTP/1.1" 200 130 "http://www.log-viewer.com/?gclid=CIK2paDpi5cCFUoa3godnTunDA" "Mozilla/4.0 (compatible; MSIE 7.0; Windows NT 5.1; .NET CLR 2.0.50727)"
83.82.131.100 - - [23/Nov/2008:12:26:29 -0500] "GET /home/images/quick/download_inter.gif HTTP/1.1" 200 2070 "http://www.log-viewer.com/?gclid=CIK2paDpi5cCFUoa3godnTunDA" "Mozilla/4.0 (compatible; MSIE 7.0; Windows NT 5.1; .NET CLR 2.0.50727)"
83.82.131.100 - - [23/Nov/2008:12:26:29 -0500] "GET /home/images/quick/online_demo_inter.gif HTTP/1.1" 200 1684 "http://www.log-viewer.com/?gclid=CIK2paDpi5cCFUoa3godnTunDA" "Mozilla/4.0 (compatible; MSIE 7.0; Windows NT 5.1; .NET CLR 2.0.50727)"
83.82.131.100 - - [23/Nov/2008:12:26:29 -0500] "GET /home/images/quick/brochure_inter.gif HTTP/1.1" 200 1333 "http://www.log-viewer.com/?gclid=CIK2paDpi5cCFUoa3godnTunDA" "Mozilla/4.0 (compatible; MSIE 7.0; Windows NT 5.1; .NET CLR 2.0.50727)"
121.245.47.12 - - [23/Nov/2008:12:26:29 -0500] "GET /home/images/home/testimonials_upper_line.gif HTTP/1.1" 200 108 "http://xpolog.com/?gclid=COvXq_Poi5cCFQogegodHTKw-A" "Mozilla/4.0 (compatible; MSIE 6.0; Windows NT 5.1; SV1)"
83.82.131.100 - - [23/Nov/2008:12:26:30 -0500] "GET /home/images/quick/icon.gif HTTP/1.1" 200 161 "http://www.log-viewer.com/?gclid=CIK2paDpi5cCFUoa3godnTunDA" "Mozilla/4.0 (compatible; MSIE 7.0; Windows NT 5.1; .NET CLR 2.0.50727)"
83.82.131.100 - - [23/Nov/2008:12:26:30 -0500] "GET /home/images/quick/appicon.gif HTTP/1.1" 200 396 "http://www.log-viewer.com/?gclid=CIK2paDpi5cCFUoa3godnTunDA" "Mozilla/4.0 (compatible; MSIE 7.0; Windows NT 5.1; .NET CLR 2.0.50727)"
83.82.131.100 - - [23/Nov/2008:12:26:30 -0500] "GET /home/images/quick/header.gif HTTP/1.1" 200 305 "http://www.log-viewer.com/?gclid=CIK2paDpi5cCFUoa3godnTunDA" "Mozilla/4.0 (compatible; MSIE 7.0; Windows NT 5.1; .NET CLR 2.0.50727)"
83.82.131.100 - - [23/Nov/2008:12:26:30 -0500] "GET /home/images/quick/opicon.gif HTTP/1.1" 200 397 "http://www.log-viewer.com/?gclid=CIK2paDpi5cCFUoa3godnTunDA" "Mozilla/4.0 (compatible; MSIE 7.0; Windows NT 5.1; .NET CLR 2.0.50727)"
83.82.131.100 - - [23/Nov/2008:12:26:31 -0500] "GET /home/images/quick/upper_line_inter_2.gif HTTP/1.1" 200 125 "http://www.log-viewer.com/?gclid=CIK2paDpi5cCFUoa3godnTunDA" "Mozilla/4.0 (compatible; MSIE 7.0; Windows NT 5.1; .NET CLR 2.0.50727)"
83.82.131.100 - - [23/Nov/2008:12:26:31 -0500] "GET /home/images/quick/lower_line_inter_2.gif HTTP/1.1" 200 125 "http://www.log-viewer.com/?gclid=CIK2paDpi5cCFUoa3godnTunDA" "Mozilla/4.0 (compatible; MSIE 7.0; Windows NT 5.1; .NET CLR 2.0.50727)"
83.82.131.100 - - [23/Nov/2008:12:26:31 -0500] "GET /home/images/quick/lower_line_inter.gif HTTP/1.1" 200 121 "http://www.log-viewer.com/?gclid=CIK2paDpi5cCFUoa3godnTunDA" "Mozilla/4.0 (compatible; MSIE 7.0; Windows NT 5.1; .NET CLR 2.0.50727)"
83.82.131.100 - - [23/Nov/2008:12:26:31 -0500] "GET /home/images/logviewer/iis.gif HTTP/1.1" 200 1567 "http://www.log-viewer.com/?gclid=CIK2paDpi5cCFUoa3godnTunDA" "Mozilla/4.0 (compatible; MSIE 7.0; Windows NT 5.1; .NET CLR 2.0.50727)"
121.245.47.12 - - [23/Nov/2008:12:26:31 -0500] "GET /home/images/home/line_5.gif HTTP/1.1" 200 53 "http://xpolog.com/?gclid=COvXq_Poi5cCFQogegodHTKw-A" "Mozilla/4.0 (compatible; MSIE 6.0; Windows NT 5.1; SV1)"
83.82.131.100 - - [23/Nov/2008:12:26:31 -0500] "GET /home/images/logviewer/linux.gif HTTP/1.1" 200 1891 "http://www.log-viewer.com/?gclid=CIK2paDpi5cCFUoa3godnTunDA" "Mozilla/4.0 (compatible; MSIE 7.0; Windows NT 5.1; .NET CLR 2.0.50727)"
83.82.131.100 - - [23/Nov/2008:12:26:31 -0500] "GET /home/images/logviewer/homeSnap.gif HTTP/1.1" 200 8883 "http://www.log-viewer.com/?gclid=CIK2paDpi5cCFUoa3godnTunDA" "Mozilla/4.0 (compatible; MSIE 7.0; Windows NT 5.1; .NET CLR 2.0.50727)"
83.82.131.100 - - [23/Nov/2008:12:26:31 -0500] "GET /home/images/downloads/download-button.gif HTTP/1.1" 200 1426 "http://www.log-viewer.com/?gclid=CIK2paDpi5cCFUoa3godnTunDA" "Mozilla/4.0 (compatible; MSIE 7.0; Windows NT 5.1; .NET CLR 2.0.50727)"
83.82.131.100 - - [23/Nov/2008:12:26:32 -0500] "GET /home/images/logviewer/apache.gif HTTP/1.1" 200 1460 "http://www.log-viewer.com/?gclid=CIK2paDpi5cCFUoa3godnTunDA" "Mozilla/4.0 (compatible; MSIE 7.0; Windows NT 5.1; .NET CLR 2.0.50727)"
83.82.131.100 - - [23/Nov/2008:12:26:32 -0500] "GET /home/images/logviewer/report.gif HTTP/1.1" 200 6164 "http://www.log-viewer.com/?gclid=CIK2paDpi5cCFUoa3godnTunDA" "Mozilla/4.0 (compatible; MSIE 7.0; Windows NT 5.1; .NET CLR 2.0.50727)"
83.82.131.100 - - [23/Nov/2008:12:26:32 -0500] "GET /home/images/logviewer/log4j.gif HTTP/1.1" 200 2026 "http://www.log-viewer.com/?gclid=CIK2paDpi5cCFUoa3godnTunDA" "Mozilla/4.0 (compatible; MSIE 7.0; Windows NT 5.1; .NET CLR 2.0.50727)"
83.82.131.100 - - [23/Nov/2008:12:26:32 -0500] "GET /home/images/logviewer/aspnet.gif HTTP/1.1" 200 1513 "http://www.log-viewer.com/?gclid=CIK2paDpi5cCFUoa3godnTunDA" "Mozilla/4.0 (compatible; MSIE 7.0; Windows NT 5.1; .NET CLR 2.0.50727)"
83.82.131.100 - - [23/Nov/2008:12:26:33 -0500] "GET /home/images/logviewer/dashboard.gif HTTP/1.1" 200 6560 "http://www.log-viewer.com/?gclid=CIK2paDpi5cCFUoa3godnTunDA" "Mozilla/4.0 (compatible; MSIE 7.0; Windows NT 5.1; .NET CLR 2.0.50727)"
83.82.131.100 - - [23/Nov/2008:12:26:33 -0500] "GET /home/images/logviewer/transaction.gif HTTP/1.1" 200 5449 "http://www.log-viewer.com/?gclid=CIK2paDpi5cCFUoa3godnTunDA" "Mozilla/4.0 (compatible; MSIE 7.0; Windows NT 5.1; .NET CLR 2.0.50727)"
121.245.47.12 - - [23/Nov/2008:12:26:33 -0500] "GET /home/images/home/testimonials_bottom_line.gif HTTP/1.1" 200 103 "http://xpolog.com/?gclid=COvXq_Poi5cCFQogegodHTKw-A" "Mozilla/4.0 (compatible; MSIE 6.0; Windows NT 5.1; SV1)"
121.245.47.12 - - [23/Nov/2008:12:26:36 -0500] "GET /home/images/home/v.gif HTTP/1.1" 200 176 "http://xpolog.com/?gclid=COvXq_Poi5cCFQogegodHTKw-A" "Mozilla/4.0 (compatible; MSIE 6.0; Windows NT 5.1; SV1)"
121.245.47.12 - - [23/Nov/2008:12:26:34 -0500] "GET /home/images/home/home_footer_background.gif HTTP/1.1" 200 11400 "http://xpolog.com/?gclid=COvXq_Poi5cCFQogegodHTKw-A" "Mozilla/4.0 (compatible; MSIE 6.0; Windows NT 5.1; SV1)"
121.245.47.12 - - [23/Nov/2008:12:26:38 -0500] "GET /home/images/footer/download_btn.gif HTTP/1.1" 200 591 "http://xpolog.com/?gclid=COvXq_Poi5cCFQogegodHTKw-A" "Mozilla/4.0 (compatible; MSIE 6.0; Windows NT 5.1; SV1)"
121.245.47.12 - - [23/Nov/2008:12:26:49 -0500] "GET /home/downloads/index.jsp HTTP/1.1" 500 9760 "-" "Mozilla/4.0 (compatible; MSIE 6.0; Windows NT 5.1; SV1)"
121.245.47.12 - - [23/Nov/2008:12:26:52 -0500] "GET /home/downloads/index.jsp HTTP/1.1" 200 43987 "-" "Mozilla/4.0 (compatible; MSIE 6.0; Windows NT 5.1; SV1)"
121.245.47.12 - - [23/Nov/2008:12:26:58 -0500] "GET /home/images/downloads/downloads.gif HTTP/1.1" 200 22028 "http://xpolog.com/home/downloads/index.jsp" "Mozilla/4.0 (compatible; MSIE 6.0; Windows NT 5.1; SV1)"
121.245.47.12 - - [23/Nov/2008:12:27:04 -0500] "GET /home/images/downloads/windows.gif HTTP/1.1" 200 1982 "http://xpolog.com/home/downloads/index.jsp" "Mozilla/4.0 (compatible; MSIE 6.0; Windows NT 5.1; SV1)"
121.245.47.12 - - [23/Nov/2008:12:27:06 -0500] "GET /home/images/downloads/download-button.gif HTTP/1.1" 200 1426 "http://xpolog.com/home/downloads/index.jsp" "Mozilla/4.0 (compatible; MSIE 6.0; Windows NT 5.1; SV1)"
121.245.47.12 - - [23/Nov/2008:12:27:06 -0500] "GET /home/images/downloads/linux.gif HTTP/1.1" 200 1758 "http://xpolog.com/home/downloads/index.jsp" "Mozilla/4.0 (compatible; MSIE 6.0; Windows NT 5.1; SV1)"
121.245.47.12 - - [23/Nov/2008:12:27:08 -0500] "GET /home/images/downloads/j2ee.gif HTTP/1.1" 200 3039 "http://xpolog.com/home/downloads/index.jsp" "Mozilla/4.0 (compatible; MSIE 6.0; Windows NT 5.1; SV1)"
121.245.47.12 - - [23/Nov/2008:12:27:08 -0500] "GET /home/images/downloads/solaris.gif HTTP/1.1" 200 2513 "http://xpolog.com/home/downloads/index.jsp" "Mozilla/4.0 (compatible; MSIE 6.0; Windows NT 5.1; SV1)"
89.19.96.43 - - [23/Nov/2008:12:27:08 -0500] "GET /?gclid=CNal_LPpi5cCFQSJugodYCkA_Q HTTP/1.1" 200 50903 "http://www.pixelse.ru/" "Opera/9.61 (Windows NT 5.1; U; ru) Presto/2.1.1"
89.19.96.43 - - [23/Nov/2008:12:27:10 -0500] "GET /home/css/xplg.css HTTP/1.1" 200 8720 "http://www.xpolog.com/?gclid=CNal_LPpi5cCFQSJugodYCkA_Q" "Opera/9.61 (Windows NT 5.1; U; ru) Presto/2.1.1"
89.19.96.43 - - [23/Nov/2008:12:27:10 -0500] "GET /home/favicon.ico HTTP/1.1" 200 1150 "http://www.xpolog.com/?gclid=CNal_LPpi5cCFQSJugodYCkA_Q" "Opera/9.61 (Windows NT 5.1; U; ru) Presto/2.1.1"
89.19.96.43 - - [23/Nov/2008:12:27:10 -0500] "GET /home/css/texts.css HTTP/1.1" 200 3369 "http://www.xpolog.com/?gclid=CNal_LPpi5cCFQSJugodYCkA_Q" "Opera/9.61 (Windows NT 5.1; U; ru) Presto/2.1.1"
121.245.47.12 - - [23/Nov/2008:12:27:10 -0500] "GET /home/images/quick/upper_line_inter.gif HTTP/1.1" 200 130 "http://xpolog.com/home/downloads/index.jsp" "Mozilla/4.0 (compatible; MSIE 6.0; Windows NT 5.1; SV1)"
121.245.47.12 - - [23/Nov/2008:12:27:10 -0500] "GET /home/images/quick/download_inter.gif HTTP/1.1" 200 2070 "http://xpolog.com/home/downloads/index.jsp" "Mozilla/4.0 (compatible; MSIE 6.0; Windows NT 5.1; SV1)"
88.166.73.24 - - [23/Nov/2008:12:27:10 -0500] "GET /home/css/xplg.css HTTP/1.1" 200 8720 "http://www.log-viewer.com/?gclid=CPbwvrTpi5cCFQSJugodYCkA_Q" "Mozilla/4.0 (compatible; MSIE 7.0; Windows NT 5.1; .NET CLR 1.1.4322)"
89.19.96.43 - - [23/Nov/2008:12:27:11 -0500] "GET /css/xplg.css HTTP/1.1" 404 292 "http://www.xpolog.com/?gclid=CNal_LPpi5cCFQSJugodYCkA_Q" "Opera/9.61 (Windows NT 5.1; U; ru) Presto/2.1.1"
89.19.96.43 - - [23/Nov/2008:12:27:10 -0500] "GET /home/css/links.css HTTP/1.1" 200 30502 "http://www.xpolog.com/?gclid=CNal_LPpi5cCFQSJugodYCkA_Q" "Opera/9.61 (Windows NT 5.1; U; ru) Presto/2.1.1"
88.166.73.24 - - [23/Nov/2008:12:27:10 -0500] "GET /home/css/links.css HTTP/1.1" 200 30502 "http://www.log-viewer.com/?gclid=CPbwvrTpi5cCFQSJugodYCkA_Q" "Mozilla/4.0 (compatible; MSIE 7.0; Windows NT 5.1; .NET CLR 1.1.4322)"
88.166.73.24 - - [23/Nov/2008:12:27:11 -0500] "GET /home/css/texts.css HTTP/1.1" 200 3369 "http://www.log-viewer.com/?gclid=CPbwvrTpi5cCFQSJugodYCkA_Q" "Mozilla/4.0 (compatible; MSIE 7.0; Windows NT 5.1; .NET CLR 1.1.4322)"
89.19.96.43 - - [23/Nov/2008:12:27:11 -0500] "GET /home/scripts/coolmenus4.js HTTP/1.1" 200 25713 "http://www.xpolog.com/?gclid=CNal_LPpi5cCFQSJugodYCkA_Q" "Opera/9.61 (Windows NT 5.1; U; ru) Presto/2.1.1"
89.19.96.43 - - [23/Nov/2008:12:27:11 -0500] "GET /home/css/menus.css HTTP/1.1" 200 8999 "http://www.xpolog.com/?gclid=CNal_LPpi5cCFQSJugodYCkA_Q" "Opera/9.61 (Windows NT 5.1; U; ru) Presto/2.1.1"
88.166.73.24 - - [23/Nov/2008:12:27:12 -0500] "GET /home/images/home/logo.gif HTTP/1.1" 200 3128 "http://www.log-viewer.com/?gclid=CPbwvrTpi5cCFQSJugodYCkA_Q" "Mozilla/4.0 (compatible; MSIE 7.0; Windows NT 5.1; .NET CLR 1.1.4322)"
88.166.73.24 - - [23/Nov/2008:12:27:12 -0500] "GET /home/images/quick/upper_line_inter.gif HTTP/1.1" 200 130 "http://www.log-viewer.com/?gclid=CPbwvrTpi5cCFQSJugodYCkA_Q" "Mozilla/4.0 (compatible; MSIE 7.0; Windows NT 5.1; .NET CLR 1.1.4322)"
89.19.96.43 - - [23/Nov/2008:12:27:12 -0500] "GET /home/scripts/iframebackground.html HTTP/1.1" 200 67 "http://www.xpolog.com/?gclid=CNal_LPpi5cCFQSJugodYCkA_Q" "Opera/9.61 (Windows NT 5.1; U; ru) Presto/2.1.1"
88.166.73.24 - - [23/Nov/2008:12:27:12 -0500] "GET /home/images/quick/download_inter.gif HTTP/1.1" 200 2070 "http://www.log-viewer.com/?gclid=CPbwvrTpi5cCFQSJugodYCkA_Q" "Mozilla/4.0 (compatible; MSIE 7.0; Windows NT 5.1; .NET CLR 1.1.4322)"
88.166.73.24 - - [23/Nov/2008:12:27:12 -0500] "GET /home/images/quick/online_demo_inter.gif HTTP/1.1" 200 1684 "http://www.log-viewer.com/?gclid=CPbwvrTpi5cCFQSJugodYCkA_Q" "Mozilla/4.0 (compatible; MSIE 7.0; Windows NT 5.1; .NET CLR 1.1.4322)"
121.245.47.12 - - [23/Nov/2008:12:27:12 -0500] "GET /home/images/quick/online_demo_inter.gif HTTP/1.1" 200 1684 "http://xpolog.com/home/downloads/index.jsp" "Mozilla/4.0 (compatible; MSIE 6.0; Windows NT 5.1; SV1)"
121.245.47.12 - - [23/Nov/2008:12:27:12 -0500] "GET /home/images/quick/brochure_inter.gif HTTP/1.1" 200 1333 "http://xpolog.com/home/downloads/index.jsp" "Mozilla/4.0 (compatible; MSIE 6.0; Windows NT 5.1; SV1)"
88.166.73.24 - - [23/Nov/2008:12:27:12 -0500] "GET /home/images/quick/brochure_inter.gif HTTP/1.1" 200 1333 "http://www.log-viewer.com/?gclid=CPbwvrTpi5cCFQSJugodYCkA_Q" "Mozilla/4.0 (compatible; MSIE 7.0; Windows NT 5.1; .NET CLR 1.1.4322)"
89.19.96.43 - - [23/Nov/2008:12:27:12 -0500] "GET /home/images/home/3.jpg HTTP/1.1" 200 29833 "http://www.xpolog.com/?gclid=CNal_LPpi5cCFQSJugodYCkA_Q" "Opera/9.61 (Windows NT 5.1; U; ru) Presto/2.1.1"
89.19.96.43 - - [23/Nov/2008:12:27:12 -0500] "GET /home/images/home/1.jpg HTTP/1.1" 200 40920 "http://www.xpolog.com/?gclid=CNal_LPpi5cCFQSJugodYCkA_Q" "Opera/9.61 (Windows NT 5.1; U; ru) Presto/2.1.1"
89.19.96.43 - - [23/Nov/2008:12:27:12 -0500] "GET /home/images/home/2.jpg HTTP/1.1" 200 34757 "http://www.xpolog.com/?gclid=CNal_LPpi5cCFQSJugodYCkA_Q" "Opera/9.61 (Windows NT 5.1; U; ru) Presto/2.1.1"
89.19.96.43 - - [23/Nov/2008:12:27:12 -0500] "GET /home/images/home/4.jpg HTTP/1.1" 200 31779 "http://www.xpolog.com/?gclid=CNal_LPpi5cCFQSJugodYCkA_Q" "Opera/9.61 (Windows NT 5.1; U; ru) Presto/2.1.1"
89.19.96.43 - - [23/Nov/2008:12:27:13 -0500] "GET /home/images/home/gray_dot_2.gif HTTP/1.1" 200 102 "http://www.xpolog.com/?gclid=CNal_LPpi5cCFQSJugodYCkA_Q" "Opera/9.61 (Windows NT 5.1; U; ru) Presto/2.1.1"
89.19.96.43 - - [23/Nov/2008:12:27:13 -0500] "GET /home/images/home/logo.gif HTTP/1.1" 200 3128 "http://www.xpolog.com/?gclid=CNal_LPpi5cCFQSJugodYCkA_Q" "Opera/9.61 (Windows NT 5.1; U; ru) Presto/2.1.1"
89.19.96.43 - - [23/Nov/2008:12:27:13 -0500] "GET /home/images/home/downloadBtn.gif HTTP/1.1" 200 334 "http://www.xpolog.com/?gclid=CNal_LPpi5cCFQSJugodYCkA_Q" "Opera/9.61 (Windows NT 5.1; U; ru) Presto/2.1.1"
89.19.96.43 - - [23/Nov/2008:12:27:14 -0500] "GET /home/images/home/brochure_inter.gif HTTP/1.1" 200 1900 "http://www.xpolog.com/?gclid=CNal_LPpi5cCFQSJugodYCkA_Q" "Opera/9.61 (Windows NT 5.1; U; ru) Presto/2.1.1"
89.19.96.43 - - [23/Nov/2008:12:27:14 -0500] "GET /home/images/home/download_inter.gif HTTP/1.1" 200 2418 "http://www.xpolog.com/?gclid=CNal_LPpi5cCFQSJugodYCkA_Q" "Opera/9.61 (Windows NT 5.1; U; ru) Presto/2.1.1"
89.19.96.43 - - [23/Nov/2008:12:27:13 -0500] "GET /home/images/home/homeBackground.jpg HTTP/1.1" 200 20596 "http://www.xpolog.com/?gclid=CNal_LPpi5cCFQSJugodYCkA_Q" "Opera/9.61 (Windows NT 5.1; U; ru) Presto/2.1.1"
88.166.73.24 - - [23/Nov/2008:12:27:14 -0500] "GET /home/images/quick/icon.gif HTTP/1.1" 200 161 "http://www.log-viewer.com/?gclid=CPbwvrTpi5cCFQSJugodYCkA_Q" "Mozilla/4.0 (compatible; MSIE 7.0; Windows NT 5.1; .NET CLR 1.1.4322)"
121.245.47.12 - - [23/Nov/2008:12:27:14 -0500] "GET /home/images/quick/icon.gif HTTP/1.1" 200 161 "http://xpolog.com/home/downloads/index.jsp" "Mozilla/4.0 (compatible; MSIE 6.0; Windows NT 5.1; SV1)"
121.245.47.12 - - [23/Nov/2008:12:27:14 -0500] "GET /home/images/quick/header.gif HTTP/1.1" 200 305 "http://xpolog.com/home/downloads/index.jsp" "Mozilla/4.0 (compatible; MSIE 6.0; Windows NT 5.1; SV1)"
88.166.73.24 - - [23/Nov/2008:12:27:14 -0500] "GET /home/images/quick/appicon.gif HTTP/1.1" 200 396 "http://www.log-viewer.com/?gclid=CPbwvrTpi5cCFQSJugodYCkA_Q" "Mozilla/4.0 (compatible; MSIE 7.0; Windows NT 5.1; .NET CLR 1.1.4322)"
89.19.96.43 - - [23/Nov/2008:12:27:14 -0500] "GET /home/images/home/online_demo_inter.gif HTTP/1.1" 200 1829 "http://www.xpolog.com/?gclid=CNal_LPpi5cCFQSJugodYCkA_Q" "Opera/9.61 (Windows NT 5.1; U; ru) Presto/2.1.1"
88.166.73.24 - - [23/Nov/2008:12:27:14 -0500] "GET /home/images/quick/header.gif HTTP/1.1" 200 305 "http://www.log-viewer.com/?gclid=CPbwvrTpi5cCFQSJugodYCkA_Q" "Mozilla/4.0 (compatible; MSIE 7.0; Windows NT 5.1; .NET CLR 1.1.4322)"
88.166.73.24 - - [23/Nov/2008:12:27:14 -0500] "GET /home/images/quick/opicon.gif HTTP/1.1" 200 397 "http://www.log-viewer.com/?gclid=CPbwvrTpi5cCFQSJugodYCkA_Q" "Mozilla/4.0 (compatible; MSIE 7.0; Windows NT 5.1; .NET CLR 1.1.4322)"
88.166.73.24 - - [23/Nov/2008:12:27:15 -0500] "GET /home/images/quick/upper_line_inter_2.gif HTTP/1.1" 200 125 "http://www.log-viewer.com/?gclid=CPbwvrTpi5cCFQSJugodYCkA_Q" "Mozilla/4.0 (compatible; MSIE 7.0; Windows NT 5.1; .NET CLR 1.1.4322)"
88.166.73.24 - - [23/Nov/2008:12:27:15 -0500] "GET /home/images/quick/lower_line_inter_2.gif HTTP/1.1" 200 125 "http://www.log-viewer.com/?gclid=CPbwvrTpi5cCFQSJugodYCkA_Q" "Mozilla/4.0 (compatible; MSIE 7.0; Windows NT 5.1; .NET CLR 1.1.4322)"
88.166.73.24 - - [23/Nov/2008:12:27:15 -0500] "GET /home/images/quick/lower_line_inter.gif HTTP/1.1" 200 121 "http://www.log-viewer.com/?gclid=CPbwvrTpi5cCFQSJugodYCkA_Q" "Mozilla/4.0 (compatible; MSIE 7.0; Windows NT 5.1; .NET CLR 1.1.4322)"
88.166.73.24 - - [23/Nov/2008:12:27:15 -0500] "GET /home/images/logviewer/iis.gif HTTP/1.1" 200 1567 "http://www.log-viewer.com/?gclid=CPbwvrTpi5cCFQSJugodYCkA_Q" "Mozilla/4.0 (compatible; MSIE 7.0; Windows NT 5.1; .NET CLR 1.1.4322)"
88.166.73.24 - - [23/Nov/2008:12:27:15 -0500] "GET /home/images/logviewer/linux.gif HTTP/1.1" 200 1891 "http://www.log-viewer.com/?gclid=CPbwvrTpi5cCFQSJugodYCkA_Q" "Mozilla/4.0 (compatible; MSIE 7.0; Windows NT 5.1; .NET CLR 1.1.4322)"
88.166.73.24 - - [23/Nov/2008:12:27:16 -0500] "GET /home/images/logviewer/homeSnap.gif HTTP/1.1" 200 8883 "http://www.log-viewer.com/?gclid=CPbwvrTpi5cCFQSJugodYCkA_Q" "Mozilla/4.0 (compatible; MSIE 7.0; Windows NT 5.1; .NET CLR 1.1.4322)"
88.166.73.24 - - [23/Nov/2008:12:27:16 -0500] "GET /home/images/downloads/download-button.gif HTTP/1.1" 200 1426 "http://www.log-viewer.com/?gclid=CPbwvrTpi5cCFQSJugodYCkA_Q" "Mozilla/4.0 (compatible; MSIE 7.0; Windows NT 5.1; .NET CLR 1.1.4322)"
88.166.73.24 - - [23/Nov/2008:12:27:16 -0500] "GET /home/images/logviewer/apache.gif HTTP/1.1" 200 1460 "http://www.log-viewer.com/?gclid=CPbwvrTpi5cCFQSJugodYCkA_Q" "Mozilla/4.0 (compatible; MSIE 7.0; Windows NT 5.1; .NET CLR 1.1.4322)"
88.166.73.24 - - [23/Nov/2008:12:27:16 -0500] "GET /home/images/logviewer/report.gif HTTP/1.1" 200 6164 "http://www.log-viewer.com/?gclid=CPbwvrTpi5cCFQSJugodYCkA_Q" "Mozilla/4.0 (compatible; MSIE 7.0; Windows NT 5.1; .NET CLR 1.1.4322)"
121.245.47.12 - - [23/Nov/2008:12:27:16 -0500] "GET /home/images/quick/mgmticon.gif HTTP/1.1" 200 392 "http://xpolog.com/home/downloads/index.jsp" "Mozilla/4.0 (compatible; MSIE 6.0; Windows NT 5.1; SV1)"
88.166.73.24 - - [23/Nov/2008:12:27:16 -0500] "GET /home/images/logviewer/log4j.gif HTTP/1.1" 200 2026 "http://www.log-viewer.com/?gclid=CPbwvrTpi5cCFQSJugodYCkA_Q" "Mozilla/4.0 (compatible; MSIE 7.0; Windows NT 5.1; .NET CLR 1.1.4322)"
121.245.47.12 - - [23/Nov/2008:12:27:17 -0500] "GET /home/images/quick/opicon.gif HTTP/1.1" 200 397 "http://xpolog.com/home/downloads/index.jsp" "Mozilla/4.0 (compatible; MSIE 6.0; Windows NT 5.1; SV1)"
88.166.73.24 - - [23/Nov/2008:12:27:17 -0500] "GET /home/images/logviewer/aspnet.gif HTTP/1.1" 200 1513 "http://www.log-viewer.com/?gclid=CPbwvrTpi5cCFQSJugodYCkA_Q" "Mozilla/4.0 (compatible; MSIE 7.0; Windows NT 5.1; .NET CLR 1.1.4322)"
88.166.73.24 - - [23/Nov/2008:12:27:17 -0500] "GET /home/images/logviewer/dashboard.gif HTTP/1.1" 200 6560 "http://www.log-viewer.com/?gclid=CPbwvrTpi5cCFQSJugodYCkA_Q" "Mozilla/4.0 (compatible; MSIE 7.0; Windows NT 5.1; .NET CLR 1.1.4322)"
89.19.96.43 - - [23/Nov/2008:12:27:17 -0500] "GET /home/images/home/line_1.gif HTTP/1.1" 200 54 "http://www.xpolog.com/?gclid=CNal_LPpi5cCFQSJugodYCkA_Q" "Opera/9.61 (Windows NT 5.1; U; ru) Presto/2.1.1"
89.19.96.43 - - [23/Nov/2008:12:27:17 -0500] "GET /home/images/home/line_4.gif HTTP/1.1" 200 93 "http://www.xpolog.com/?gclid=CNal_LPpi5cCFQSJugodYCkA_Q" "Opera/9.61 (Windows NT 5.1; U; ru) Presto/2.1.1"
89.19.96.43 - - [23/Nov/2008:12:27:17 -0500] "GET /home/images/home/line_2.gif HTTP/1.1" 200 56 "http://www.xpolog.com/?gclid=CNal_LPpi5cCFQSJugodYCkA_Q" "Opera/9.61 (Windows NT 5.1; U; ru) Presto/2.1.1"
89.19.96.43 - - [23/Nov/2008:12:27:17 -0500] "GET /home/images/home/downloadBtn_2.gif HTTP/1.1" 200 366 "http://www.xpolog.com/?gclid=CNal_LPpi5cCFQSJugodYCkA_Q" "Opera/9.61 (Windows NT 5.1; U; ru) Presto/2.1.1"
88.166.73.24 - - [23/Nov/2008:12:27:17 -0500] "GET /home/images/logviewer/transaction.gif HTTP/1.1" 200 5449 "http://www.log-viewer.com/?gclid=CPbwvrTpi5cCFQSJugodYCkA_Q" "Mozilla/4.0 (compatible; MSIE 7.0; Windows NT 5.1; .NET CLR 1.1.4322)"
89.19.96.43 - - [23/Nov/2008:12:27:17 -0500] "GET /home/images/home/line_3.gif HTTP/1.1" 200 54 "http://www.xpolog.com/?gclid=CNal_LPpi5cCFQSJugodYCkA_Q" "Opera/9.61 (Windows NT 5.1; U; ru) Presto/2.1.1"
89.19.96.43 - - [23/Nov/2008:12:27:17 -0500] "GET /home/images/home/line_5.gif HTTP/1.1" 200 53 "http://www.xpolog.com/?gclid=CNal_LPpi5cCFQSJugodYCkA_Q" "Opera/9.61 (Windows NT 5.1; U; ru) Presto/2.1.1"
89.19.96.43 - - [23/Nov/2008:12:27:17 -0500] "GET /home/images/home/testimonials_upper_line.gif HTTP/1.1" 200 108 "http://www.xpolog.com/?gclid=CNal_LPpi5cCFQSJugodYCkA_Q" "Opera/9.61 (Windows NT 5.1; U; ru) Presto/2.1.1"
89.19.96.43 - - [23/Nov/2008:12:27:17 -0500] "GET /home/images/home/testimonials_bottom_line.gif HTTP/1.1" 200 103 "http://www.xpolog.com/?gclid=CNal_LPpi5cCFQSJugodYCkA_Q" "Opera/9.61 (Windows NT 5.1; U; ru) Presto/2.1.1"
121.245.47.12 - - [23/Nov/2008:12:27:18 -0500] "GET /home/images/quick/appicon.gif HTTP/1.1" 200 396 "http://xpolog.com/home/downloads/index.jsp" "Mozilla/4.0 (compatible; MSIE 6.0; Windows NT 5.1; SV1)"
89.19.96.43 - - [23/Nov/2008:12:27:18 -0500] "GET /home/images/home/v.gif HTTP/1.1" 200 176 "http://www.xpolog.com/?gclid=CNal_LPpi5cCFQSJugodYCkA_Q" "Opera/9.61 (Windows NT 5.1; U; ru) Presto/2.1.1"
89.19.96.43 - - [23/Nov/2008:12:27:18 -0500] "GET /home/images/footer/download_btn.gif HTTP/1.1" 200 591 "http://www.xpolog.com/?gclid=CNal_LPpi5cCFQSJugodYCkA_Q" "Opera/9.61 (Windows NT 5.1; U; ru) Presto/2.1.1"
121.245.47.12 - - [23/Nov/2008:12:27:18 -0500] "GET /home/images/quick/upper_line_inter_2.gif HTTP/1.1" 200 125 "http://xpolog.com/home/downloads/index.jsp" "Mozilla/4.0 (compatible; MSIE 6.0; Windows NT 5.1; SV1)"
89.19.96.43 - - [23/Nov/2008:12:27:18 -0500] "GET /home/images/home/home_footer_background.gif HTTP/1.1" 200 11400 "http://www.xpolog.com/?gclid=CNal_LPpi5cCFQSJugodYCkA_Q" "Opera/9.61 (Windows NT 5.1; U; ru) Presto/2.1.1"
121.245.47.12 - - [23/Nov/2008:12:27:20 -0500] "GET /home/images/quick/lower_line_inter_2.gif HTTP/1.1" 200 125 "http://xpolog.com/home/downloads/index.jsp" "Mozilla/4.0 (compatible; MSIE 6.0; Windows NT 5.1; SV1)"
121.245.47.12 - - [23/Nov/2008:12:27:20 -0500] "GET /home/images/quick/lower_line_inter.gif HTTP/1.1" 200 121 "http://xpolog.com/home/downloads/index.jsp" "Mozilla/4.0 (compatible; MSIE 6.0; Windows NT 5.1; SV1)"
121.245.47.12 - - [23/Nov/2008:12:27:23 -0500] "GET /home/images/footer/v.gif HTTP/1.1" 200 176 "http://xpolog.com/home/downloads/index.jsp" "Mozilla/4.0 (compatible; MSIE 6.0; Windows NT 5.1; SV1)"
121.245.47.12 - - [23/Nov/2008:12:27:23 -0500] "GET /home/images/footer/background.gif HTTP/1.1" 200 13744 "http://xpolog.com/home/downloads/index.jsp" "Mozilla/4.0 (compatible; MSIE 6.0; Windows NT 5.1; SV1)"
88.166.73.24 - - [23/Nov/2008:12:28:04 -0500] "GET /home/images/downloads/downloadBtn.gif HTTP/1.1" 200 54 "http://www.log-viewer.com/iis-apache-log-viewer/" "Mozilla/4.0 (compatible; MSIE 7.0; Windows NT 5.1; .NET CLR 1.1.4322)"
88.166.73.24 - - [23/Nov/2008:12:28:14 -0500] "GET /home/downloads/index.jsp HTTP/1.1" 200 43987 "-" "Mozilla/4.0 (compatible; MSIE 7.0; Windows NT 5.1; .NET CLR 1.1.4322)"
88.166.73.24 - - [23/Nov/2008:12:28:15 -0500] "GET /home/css/menus.css HTTP/1.1" 200 8999 "http://www.xpolog.com/home/downloads/index.jsp" "Mozilla/4.0 (compatible; MSIE 7.0; Windows NT 5.1; .NET CLR 1.1.4322)"
88.166.73.24 - - [23/Nov/2008:12:28:15 -0500] "GET /home/scripts/coolmenus4.js HTTP/1.1" 200 25713 "http://www.xpolog.com/home/downloads/index.jsp" "Mozilla/4.0 (compatible; MSIE 7.0; Windows NT 5.1; .NET CLR 1.1.4322)"
88.166.73.24 - - [23/Nov/2008:12:28:16 -0500] "GET /home/scripts/iframebackground.html HTTP/1.1" 200 67 "http://www.xpolog.com/home/downloads/index.jsp" "Mozilla/4.0 (compatible; MSIE 7.0; Windows NT 5.1; .NET CLR 1.1.4322)"
88.166.73.24 - - [23/Nov/2008:12:28:16 -0500] "GET /home/scripts/iframebackground.html HTTP/1.1" 304 - "http://www.xpolog.com/home/downloads/index.jsp" "Mozilla/4.0 (compatible; MSIE 7.0; Windows NT 5.1; .NET CLR 1.1.4322)"
88.166.73.24 - - [23/Nov/2008:12:28:16 -0500] "GET /home/scripts/iframebackground.html HTTP/1.1" 304 - "http://www.xpolog.com/home/downloads/index.jsp" "Mozilla/4.0 (compatible; MSIE 7.0; Windows NT 5.1; .NET CLR 1.1.4322)"
88.166.73.24 - - [23/Nov/2008:12:28:17 -0500] "GET /home/scripts/iframebackground.html HTTP/1.1" 304 - "http://www.xpolog.com/home/downloads/index.jsp" "Mozilla/4.0 (compatible; MSIE 7.0; Windows NT 5.1; .NET CLR 1.1.4322)"
88.166.73.24 - - [23/Nov/2008:12:28:17 -0500] "GET /home/scripts/iframebackground.html HTTP/1.1" 304 - "http://www.xpolog.com/home/downloads/index.jsp" "Mozilla/4.0 (compatible; MSIE 7.0; Windows NT 5.1; .NET CLR 1.1.4322)"
88.166.73.24 - - [23/Nov/2008:12:28:17 -0500] "GET /home/scripts/iframebackground.html HTTP/1.1" 304 - "http://www.xpolog.com/home/downloads/index.jsp" "Mozilla/4.0 (compatible; MSIE 7.0; Windows NT 5.1; .NET CLR 1.1.4322)"
88.166.73.24 - - [23/Nov/2008:12:28:18 -0500] "GET /home/scripts/iframebackground.html HTTP/1.1" 304 - "http://www.xpolog.com/home/downloads/index.jsp" "Mozilla/4.0 (compatible; MSIE 7.0; Windows NT 5.1; .NET CLR 1.1.4322)"
88.166.73.24 - - [23/Nov/2008:12:28:18 -0500] "GET /home/scripts/iframebackground.html HTTP/1.1" 304 - "http://www.xpolog.com/home/downloads/index.jsp" "Mozilla/4.0 (compatible; MSIE 7.0; Windows NT 5.1; .NET CLR 1.1.4322)"
88.166.73.24 - - [23/Nov/2008:12:28:18 -0500] "GET /home/scripts/iframebackground.html HTTP/1.1" 304 - "http://www.xpolog.com/home/downloads/index.jsp" "Mozilla/4.0 (compatible; MSIE 7.0; Windows NT 5.1; .NET CLR 1.1.4322)"
88.166.73.24 - - [23/Nov/2008:12:28:19 -0500] "GET /home/scripts/iframebackground.html HTTP/1.1" 304 - "http://www.xpolog.com/home/downloads/index.jsp" "Mozilla/4.0 (compatible; MSIE 7.0; Windows NT 5.1; .NET CLR 1.1.4322)"
88.166.73.24 - - [23/Nov/2008:12:28:19 -0500] "GET /home/scripts/iframebackground.html HTTP/1.1" 304 - "http://www.xpolog.com/home/downloads/index.jsp" "Mozilla/4.0 (compatible; MSIE 7.0; Windows NT 5.1; .NET CLR 1.1.4322)"
88.166.73.24 - - [23/Nov/2008:12:28:20 -0500] "GET /home/scripts/iframebackground.html HTTP/1.1" 304 - "http://www.xpolog.com/home/downloads/index.jsp" "Mozilla/4.0 (compatible; MSIE 7.0; Windows NT 5.1; .NET CLR 1.1.4322)"
88.166.73.24 - - [23/Nov/2008:12:28:20 -0500] "GET /home/scripts/iframebackground.html HTTP/1.1" 304 - "http://www.xpolog.com/home/downloads/index.jsp" "Mozilla/4.0 (compatible; MSIE 7.0; Windows NT 5.1; .NET CLR 1.1.4322)"
88.166.73.24 - - [23/Nov/2008:12:28:20 -0500] "GET /home/images/downloads/windows.gif HTTP/1.1" 200 1982 "http://www.xpolog.com/home/downloads/index.jsp" "Mozilla/4.0 (compatible; MSIE 7.0; Windows NT 5.1; .NET CLR 1.1.4322)"
88.166.73.24 - - [23/Nov/2008:12:28:20 -0500] "GET /home/images/downloads/downloads.gif HTTP/1.1" 200 22028 "http://www.xpolog.com/home/downloads/index.jsp" "Mozilla/4.0 (compatible; MSIE 7.0; Windows NT 5.1; .NET CLR 1.1.4322)"
88.166.73.24 - - [23/Nov/2008:12:28:21 -0500] "GET /home/images/downloads/linux.gif HTTP/1.1" 200 1758 "http://www.xpolog.com/home/downloads/index.jsp" "Mozilla/4.0 (compatible; MSIE 7.0; Windows NT 5.1; .NET CLR 1.1.4322)"
88.166.73.24 - - [23/Nov/2008:12:28:21 -0500] "GET /home/images/downloads/j2ee.gif HTTP/1.1" 200 3039 "http://www.xpolog.com/home/downloads/index.jsp" "Mozilla/4.0 (compatible; MSIE 7.0; Windows NT 5.1; .NET CLR 1.1.4322)"
88.166.73.24 - - [23/Nov/2008:12:28:21 -0500] "GET /home/images/downloads/solaris.gif HTTP/1.1" 200 2513 "http://www.xpolog.com/home/downloads/index.jsp" "Mozilla/4.0 (compatible; MSIE 7.0; Windows NT 5.1; .NET CLR 1.1.4322)"
88.166.73.24 - - [23/Nov/2008:12:28:21 -0500] "GET /home/images/quick/mgmticon.gif HTTP/1.1" 200 392 "http://www.xpolog.com/home/downloads/index.jsp" "Mozilla/4.0 (compatible; MSIE 7.0; Windows NT 5.1; .NET CLR 1.1.4322)"
88.166.73.24 - - [23/Nov/2008:12:28:22 -0500] "GET /home/images/footer/v.gif HTTP/1.1" 200 176 "http://www.xpolog.com/home/downloads/index.jsp" "Mozilla/4.0 (compatible; MSIE 7.0; Windows NT 5.1; .NET CLR 1.1.4322)"
