88.166.73.24 - - [23/Nov/2008:12:28:21 -0500] "GET /home/images/footer/background.gif HTTP/1.1" 200 13744 "http://www.xpolog.com/home/downloads/index.jsp" "Mozilla/4.0 (compatible; MSIE 7.0; Windows NT 5.1; .NET CLR 1.1.4322)"
88.166.73.24 - - [23/Nov/2008:12:28:22 -0500] "GET /home/images/footer/download_btn.gif HTTP/1.1" 200 591 "http://www.xpolog.com/home/downloads/index.jsp" "Mozilla/4.0 (compatible; MSIE 7.0; Windows NT 5.1; .NET CLR 1.1.4322)"
88.166.73.24 - - [23/Nov/2008:12:28:22 -0500] "GET /home/favicon.ico HTTP/1.1" 200 1150 "-" "Mozilla/4.0 (compatible; MSIE 7.0; Windows NT 5.1; .NET CLR 1.1.4322)"
121.245.47.12 - - [23/Nov/2008:12:28:29 -0500] "GET /home/contents/downloads/trialAction.jsp?downloadType=win HTTP/1.1" 302 - "-" "Mozilla/4.0 (compatible; MSIE 6.0; Windows NT 5.1; SV1)"
121.245.47.12 - - [23/Nov/2008:12:28:31 -0500] "GET /home/master/xplgMaster_downloads_trial_registration.jsp HTTP/1.1" 200 26359 "-" "Mozilla/4.0 (compatible; MSIE 6.0; Windows NT 5.1; SV1)"
121.245.47.12 - - [23/Nov/2008:12:28:40 -0500] "GET /home/images/downloads/reg-download.gif HTTP/1.1" 200 1975 "http://xpolog.com/home/master/xplgMaster_downloads_trial_registration.jsp" "Mozilla/4.0 (compatible; MSIE 6.0; Windows NT 5.1; SV1)"
121.245.47.12 - - [23/Nov/2008:12:28:41 -0500] "GET /home/images/downloads/input.gif HTTP/1.1" 200 863 "http://xpolog.com/home/master/xplgMaster_downloads_trial_registration.jsp" "Mozilla/4.0 (compatible; MSIE 6.0; Windows NT 5.1; SV1)"
88.166.73.24 - - [23/Nov/2008:12:28:41 -0500] "GET /home/downloads/index.jsp HTTP/1.1" 200 43987 "-" "Mozilla/4.0 (compatible; MSIE 7.0; Windows NT 5.1; .NET CLR 1.1.4322)"
88.166.73.24 - - [23/Nov/2008:12:28:52 -0500] "GET /home/contents/downloads/trialAction.jsp?downloadType=win HTTP/1.1" 302 - "http://www.xpolog.com/home/downloads/index.jsp" "Mozilla/4.0 (compatible; MSIE 7.0; Windows NT 5.1; .NET CLR 1.1.4322)"
88.166.73.24 - - [23/Nov/2008:12:28:52 -0500] "GET /home/master/xplgMaster_downloads_trial_registration.jsp HTTP/1.1" 200 26359 "http://www.xpolog.com/home/downloads/index.jsp" "Mozilla/4.0 (compatible; MSIE 7.0; Windows NT 5.1; .NET CLR 1.1.4322)"
88.166.73.24 - - [23/Nov/2008:12:28:54 -0500] "GET /home/images/downloads/reg-download.gif HTTP/1.1" 200 1975 "http://www.xpolog.com/home/master/xplgMaster_downloads_trial_registration.jsp" "Mozilla/4.0 (compatible; MSIE 7.0; Windows NT 5.1; .NET CLR 1.1.4322)"
88.166.73.24 - - [23/Nov/2008:12:28:54 -0500] "GET /home/images/downloads/input.gif HTTP/1.1" 200 863 "http://www.xpolog.com/home/master/xplgMaster_downloads_trial_registration.jsp" "Mozilla/4.0 (compatible; MSIE 7.0; Windows NT 5.1; .NET CLR 1.1.4322)"
189.106.104.8 - - [23/Nov/2008:12:29:42 -0500] "GET /home/css/xplg.css HTTP/1.1" 200 8720 "http://www.log-viewer.com/net-java-log4j-log-viewer/?gclid=CN78ovzpi5cCFQEoGgodA0-Q_A" "Mozilla/5.0 (Windows; U; Windows NT 5.1; pt-BR; rv:1.9.0.4) Gecko/2008102920 Firefox/3.0.4"
189.106.104.8 - - [23/Nov/2008:12:29:42 -0500] "GET /home/css/texts.css HTTP/1.1" 200 3369 "http://www.log-viewer.com/net-java-log4j-log-viewer/?gclid=CN78ovzpi5cCFQEoGgodA0-Q_A" "Mozilla/5.0 (Windows; U; Windows NT 5.1; pt-BR; rv:1.9.0.4) Gecko/2008102920 Firefox/3.0.4"
189.106.104.8 - - [23/Nov/2008:12:29:42 -0500] "GET /home/css/links.css HTTP/1.1" 200 30502 "http://www.log-viewer.com/net-java-log4j-log-viewer/?gclid=CN78ovzpi5cCFQEoGgodA0-Q_A" "Mozilla/5.0 (Windows; U; Windows NT 5.1; pt-BR; rv:1.9.0.4) Gecko/2008102920 Firefox/3.0.4"
189.106.104.8 - - [23/Nov/2008:12:29:44 -0500] "GET /home/images/quick/download_inter.gif HTTP/1.1" 200 2070 "http://www.log-viewer.com/net-java-log4j-log-viewer/?gclid=CN78ovzpi5cCFQEoGgodA0-Q_A" "Mozilla/5.0 (Windows; U; Windows NT 5.1; pt-BR; rv:1.9.0.4) Gecko/2008102920 Firefox/3.0.4"
189.106.104.8 - - [23/Nov/2008:12:29:44 -0500] "GET /home/images/home/logo.gif HTTP/1.1" 200 3128 "http://www.log-viewer.com/net-java-log4j-log-viewer/?gclid=CN78ovzpi5cCFQEoGgodA0-Q_A" "Mozilla/5.0 (Windows; U; Windows NT 5.1; pt-BR; rv:1.9.0.4) Gecko/2008102920 Firefox/3.0.4"
189.106.104.8 - - [23/Nov/2008:12:29:44 -0500] "GET /home/images/quick/online_demo_inter.gif HTTP/1.1" 200 1684 "http://www.log-viewer.com/net-java-log4j-log-viewer/?gclid=CN78ovzpi5cCFQEoGgodA0-Q_A" "Mozilla/5.0 (Windows; U; Windows NT 5.1; pt-BR; rv:1.9.0.4) Gecko/2008102920 Firefox/3.0.4"
189.106.104.8 - - [23/Nov/2008:12:29:44 -0500] "GET /home/images/quick/upper_line_inter.gif HTTP/1.1" 200 130 "http://www.log-viewer.com/net-java-log4j-log-viewer/?gclid=CN78ovzpi5cCFQEoGgodA0-Q_A" "Mozilla/5.0 (Windows; U; Windows NT 5.1; pt-BR; rv:1.9.0.4) Gecko/2008102920 Firefox/3.0.4"
189.106.104.8 - - [23/Nov/2008:12:29:44 -0500] "GET /home/images/quick/brochure_inter.gif HTTP/1.1" 200 1333 "http://www.log-viewer.com/net-java-log4j-log-viewer/?gclid=CN78ovzpi5cCFQEoGgodA0-Q_A" "Mozilla/5.0 (Windows; U; Windows NT 5.1; pt-BR; rv:1.9.0.4) Gecko/2008102920 Firefox/3.0.4"
189.106.104.8 - - [23/Nov/2008:12:29:46 -0500] "GET /home/images/quick/icon.gif HTTP/1.1" 200 161 "http://www.log-viewer.com/net-java-log4j-log-viewer/?gclid=CN78ovzpi5cCFQEoGgodA0-Q_A" "Mozilla/5.0 (Windows; U; Windows NT 5.1; pt-BR; rv:1.9.0.4) Gecko/2008102920 Firefox/3.0.4"
189.106.104.8 - - [23/Nov/2008:12:29:46 -0500] "GET /home/images/quick/lower_line_inter_2.gif HTTP/1.1" 200 125 "http://www.log-viewer.com/net-java-log4j-log-viewer/?gclid=CN78ovzpi5cCFQEoGgodA0-Q_A" "Mozilla/5.0 (Windows; U; Windows NT 5.1; pt-BR; rv:1.9.0.4) Gecko/2008102920 Firefox/3.0.4"
189.106.104.8 - - [23/Nov/2008:12:29:46 -0500] "GET /home/images/quick/header.gif HTTP/1.1" 200 305 "http://www.log-viewer.com/net-java-log4j-log-viewer/?gclid=CN78ovzpi5cCFQEoGgodA0-Q_A" "Mozilla/5.0 (Windows; U; Windows NT 5.1; pt-BR; rv:1.9.0.4) Gecko/2008102920 Firefox/3.0.4"
189.106.104.8 - - [23/Nov/2008:12:29:46 -0500] "GET /home/images/quick/appicon.gif HTTP/1.1" 200 396 "http://www.log-viewer.com/net-java-log4j-log-viewer/?gclid=CN78ovzpi5cCFQEoGgodA0-Q_A" "Mozilla/5.0 (Windows; U; Windows NT 5.1; pt-BR; rv:1.9.0.4) Gecko/2008102920 Firefox/3.0.4"
189.106.104.8 - - [23/Nov/2008:12:29:46 -0500] "GET /home/images/quick/opicon.gif HTTP/1.1" 200 397 "http://www.log-viewer.com/net-java-log4j-log-viewer/?gclid=CN78ovzpi5cCFQEoGgodA0-Q_A" "Mozilla/5.0 (Windows; U; Windows NT 5.1; pt-BR; rv:1.9.0.4) Gecko/2008102920 Firefox/3.0.4"
189.106.104.8 - - [23/Nov/2008:12:29:46 -0500] "GET /home/images/quick/upper_line_inter_2.gif HTTP/1.1" 200 125 "http://www.log-viewer.com/net-java-log4j-log-viewer/?gclid=CN78ovzpi5cCFQEoGgodA0-Q_A" "Mozilla/5.0 (Windows; U; Windows NT 5.1; pt-BR; rv:1.9.0.4) Gecko/2008102920 Firefox/3.0.4"
189.106.104.8 - - [23/Nov/2008:12:29:46 -0500] "GET /home/images/quick/lower_line_inter.gif HTTP/1.1" 200 121 "http://www.log-viewer.com/net-java-log4j-log-viewer/?gclid=CN78ovzpi5cCFQEoGgodA0-Q_A" "Mozilla/5.0 (Windows; U; Windows NT 5.1; pt-BR; rv:1.9.0.4) Gecko/2008102920 Firefox/3.0.4"
189.106.104.8 - - [23/Nov/2008:12:29:46 -0500] "GET /home/images/logviewer/log4j.gif HTTP/1.1" 200 2026 "http://www.log-viewer.com/net-java-log4j-log-viewer/?gclid=CN78ovzpi5cCFQEoGgodA0-Q_A" "Mozilla/5.0 (Windows; U; Windows NT 5.1; pt-BR; rv:1.9.0.4) Gecko/2008102920 Firefox/3.0.4"
189.106.104.8 - - [23/Nov/2008:12:29:46 -0500] "GET /home/images/logviewer/aspnet.gif HTTP/1.1" 200 1513 "http://www.log-viewer.com/net-java-log4j-log-viewer/?gclid=CN78ovzpi5cCFQEoGgodA0-Q_A" "Mozilla/5.0 (Windows; U; Windows NT 5.1; pt-BR; rv:1.9.0.4) Gecko/2008102920 Firefox/3.0.4"
189.106.104.8 - - [23/Nov/2008:12:29:47 -0500] "GET /home/images/logviewer/homeSnap.gif HTTP/1.1" 200 8883 "http://www.log-viewer.com/net-java-log4j-log-viewer/?gclid=CN78ovzpi5cCFQEoGgodA0-Q_A" "Mozilla/5.0 (Windows; U; Windows NT 5.1; pt-BR; rv:1.9.0.4) Gecko/2008102920 Firefox/3.0.4"
189.106.104.8 - - [23/Nov/2008:12:29:47 -0500] "GET /home/images/logviewer/report.gif HTTP/1.1" 200 6164 "http://www.log-viewer.com/net-java-log4j-log-viewer/?gclid=CN78ovzpi5cCFQEoGgodA0-Q_A" "Mozilla/5.0 (Windows; U; Windows NT 5.1; pt-BR; rv:1.9.0.4) Gecko/2008102920 Firefox/3.0.4"
189.106.104.8 - - [23/Nov/2008:12:29:47 -0500] "GET /home/images/downloads/downloadBtn.gif HTTP/1.1" 200 54 "http://www.log-viewer.com/net-java-log4j-log-viewer/?gclid=CN78ovzpi5cCFQEoGgodA0-Q_A" "Mozilla/5.0 (Windows; U; Windows NT 5.1; pt-BR; rv:1.9.0.4) Gecko/2008102920 Firefox/3.0.4"
89.209.89.217 - - [23/Nov/2008:12:30:25 -0500] "GET /home/css/xplg.css HTTP/1.1" 200 8720 "http://www.log-viewer.com/?gclid=CL_6qpHqi5cCFUoa3godnTunDA" "Mozilla/5.0 (Windows; U; Windows NT 6.0; ru; rv:1.9.0.1) Gecko/2008070208 AdCentriaIM/1.7 Firefox/3.0.1"
89.209.89.217 - - [23/Nov/2008:12:30:25 -0500] "GET /home/css/texts.css HTTP/1.1" 200 3369 "http://www.log-viewer.com/?gclid=CL_6qpHqi5cCFUoa3godnTunDA" "Mozilla/5.0 (Windows; U; Windows NT 6.0; ru; rv:1.9.0.1) Gecko/2008070208 AdCentriaIM/1.7 Firefox/3.0.1"
89.209.89.217 - - [23/Nov/2008:12:30:25 -0500] "GET /home/css/links.css HTTP/1.1" 200 30502 "http://www.log-viewer.com/?gclid=CL_6qpHqi5cCFUoa3godnTunDA" "Mozilla/5.0 (Windows; U; Windows NT 6.0; ru; rv:1.9.0.1) Gecko/2008070208 AdCentriaIM/1.7 Firefox/3.0.1"
89.209.89.217 - - [23/Nov/2008:12:30:26 -0500] "GET /home/images/quick/online_demo_inter.gif HTTP/1.1" 200 1684 "http://www.log-viewer.com/?gclid=CL_6qpHqi5cCFUoa3godnTunDA" "Mozilla/5.0 (Windows; U; Windows NT 6.0; ru; rv:1.9.0.1) Gecko/2008070208 AdCentriaIM/1.7 Firefox/3.0.1"
89.209.89.217 - - [23/Nov/2008:12:30:26 -0500] "GET /home/images/quick/download_inter.gif HTTP/1.1" 200 2070 "http://www.log-viewer.com/?gclid=CL_6qpHqi5cCFUoa3godnTunDA" "Mozilla/5.0 (Windows; U; Windows NT 6.0; ru; rv:1.9.0.1) Gecko/2008070208 AdCentriaIM/1.7 Firefox/3.0.1"
89.209.89.217 - - [23/Nov/2008:12:30:26 -0500] "GET /home/images/quick/upper_line_inter.gif HTTP/1.1" 200 130 "http://www.log-viewer.com/?gclid=CL_6qpHqi5cCFUoa3godnTunDA" "Mozilla/5.0 (Windows; U; Windows NT 6.0; ru; rv:1.9.0.1) Gecko/2008070208 AdCentriaIM/1.7 Firefox/3.0.1"
89.209.89.217 - - [23/Nov/2008:12:30:26 -0500] "GET /home/images/home/logo.gif HTTP/1.1" 200 3128 "http://www.log-viewer.com/?gclid=CL_6qpHqi5cCFUoa3godnTunDA" "Mozilla/5.0 (Windows; U; Windows NT 6.0; ru; rv:1.9.0.1) Gecko/2008070208 AdCentriaIM/1.7 Firefox/3.0.1"
89.209.89.217 - - [23/Nov/2008:12:30:26 -0500] "GET /home/images/quick/brochure_inter.gif HTTP/1.1" 200 1333 "http://www.log-viewer.com/?gclid=CL_6qpHqi5cCFUoa3godnTunDA" "Mozilla/5.0 (Windows; U; Windows NT 6.0; ru; rv:1.9.0.1) Gecko/2008070208 AdCentriaIM/1.7 Firefox/3.0.1"
89.209.89.217 - - [23/Nov/2008:12:30:28 -0500] "GET /home/images/quick/icon.gif HTTP/1.1" 200 161 "http://www.log-viewer.com/?gclid=CL_6qpHqi5cCFUoa3godnTunDA" "Mozilla/5.0 (Windows; U; Windows NT 6.0; ru; rv:1.9.0.1) Gecko/2008070208 AdCentriaIM/1.7 Firefox/3.0.1"
89.209.89.217 - - [23/Nov/2008:12:30:28 -0500] "GET /home/images/quick/appicon.gif HTTP/1.1" 200 396 "http://www.log-viewer.com/?gclid=CL_6qpHqi5cCFUoa3godnTunDA" "Mozilla/5.0 (Windows; U; Windows NT 6.0; ru; rv:1.9.0.1) Gecko/2008070208 AdCentriaIM/1.7 Firefox/3.0.1"
89.209.89.217 - - [23/Nov/2008:12:30:28 -0500] "GET /home/images/quick/opicon.gif HTTP/1.1" 200 397 "http://www.log-viewer.com/?gclid=CL_6qpHqi5cCFUoa3godnTunDA" "Mozilla/5.0 (Windows; U; Windows NT 6.0; ru; rv:1.9.0.1) Gecko/2008070208 AdCentriaIM/1.7 Firefox/3.0.1"
89.209.89.217 - - [23/Nov/2008:12:30:28 -0500] "GET /home/images/quick/upper_line_inter_2.gif HTTP/1.1" 200 125 "http://www.log-viewer.com/?gclid=CL_6qpHqi5cCFUoa3godnTunDA" "Mozilla/5.0 (Windows; U; Windows NT 6.0; ru; rv:1.9.0.1) Gecko/2008070208 AdCentriaIM/1.7 Firefox/3.0.1"
89.209.89.217 - - [23/Nov/2008:12:30:28 -0500] "GET /home/images/quick/lower_line_inter.gif HTTP/1.1" 200 121 "http://www.log-viewer.com/?gclid=CL_6qpHqi5cCFUoa3godnTunDA" "Mozilla/5.0 (Windows; U; Windows NT 6.0; ru; rv:1.9.0.1) Gecko/2008070208 AdCentriaIM/1.7 Firefox/3.0.1"
89.209.89.217 - - [23/Nov/2008:12:30:28 -0500] "GET /home/images/quick/lower_line_inter_2.gif HTTP/1.1" 200 125 "http://www.log-viewer.com/?gclid=CL_6qpHqi5cCFUoa3godnTunDA" "Mozilla/5.0 (Windows; U; Windows NT 6.0; ru; rv:1.9.0.1) Gecko/2008070208 AdCentriaIM/1.7 Firefox/3.0.1"
89.209.89.217 - - [23/Nov/2008:12:30:28 -0500] "GET /home/images/logviewer/iis.gif HTTP/1.1" 200 1567 "http://www.log-viewer.com/?gclid=CL_6qpHqi5cCFUoa3godnTunDA" "Mozilla/5.0 (Windows; U; Windows NT 6.0; ru; rv:1.9.0.1) Gecko/2008070208 AdCentriaIM/1.7 Firefox/3.0.1"
89.209.89.217 - - [23/Nov/2008:12:30:28 -0500] "GET /home/images/logviewer/linux.gif HTTP/1.1" 200 1891 "http://www.log-viewer.com/?gclid=CL_6qpHqi5cCFUoa3godnTunDA" "Mozilla/5.0 (Windows; U; Windows NT 6.0; ru; rv:1.9.0.1) Gecko/2008070208 AdCentriaIM/1.7 Firefox/3.0.1"
89.209.89.217 - - [23/Nov/2008:12:30:28 -0500] "GET /home/images/logviewer/apache.gif HTTP/1.1" 200 1460 "http://www.log-viewer.com/?gclid=CL_6qpHqi5cCFUoa3godnTunDA" "Mozilla/5.0 (Windows; U; Windows NT 6.0; ru; rv:1.9.0.1) Gecko/2008070208 AdCentriaIM/1.7 Firefox/3.0.1"
89.209.89.217 - - [23/Nov/2008:12:30:28 -0500] "GET /home/images/logviewer/report.gif HTTP/1.1" 200 6164 "http://www.log-viewer.com/?gclid=CL_6qpHqi5cCFUoa3godnTunDA" "Mozilla/5.0 (Windows; U; Windows NT 6.0; ru; rv:1.9.0.1) Gecko/2008070208 AdCentriaIM/1.7 Firefox/3.0.1"
89.209.89.217 - - [23/Nov/2008:12:30:28 -0500] "GET /home/images/logviewer/homeSnap.gif HTTP/1.1" 200 8883 "http://www.log-viewer.com/?gclid=CL_6qpHqi5cCFUoa3godnTunDA" "Mozilla/5.0 (Windows; U; Windows NT 6.0; ru; rv:1.9.0.1) Gecko/2008070208 AdCentriaIM/1.7 Firefox/3.0.1"
89.209.89.217 - - [23/Nov/2008:12:30:28 -0500] "GET /home/images/logviewer/log4j.gif HTTP/1.1" 200 2026 "http://www.log-viewer.com/?gclid=CL_6qpHqi5cCFUoa3godnTunDA" "Mozilla/5.0 (Windows; U; Windows NT 6.0; ru; rv:1.9.0.1) Gecko/2008070208 AdCentriaIM/1.7 Firefox/3.0.1"
89.209.89.217 - - [23/Nov/2008:12:30:28 -0500] "GET /home/images/logviewer/aspnet.gif HTTP/1.1" 200 1513 "http://www.log-viewer.com/?gclid=CL_6qpHqi5cCFUoa3godnTunDA" "Mozilla/5.0 (Windows; U; Windows NT 6.0; ru; rv:1.9.0.1) Gecko/2008070208 AdCentriaIM/1.7 Firefox/3.0.1"
89.209.89.217 - - [23/Nov/2008:12:30:28 -0500] "GET /home/images/quick/header.gif HTTP/1.1" 200 305 "http://www.log-viewer.com/?gclid=CL_6qpHqi5cCFUoa3godnTunDA" "Mozilla/5.0 (Windows; U; Windows NT 6.0; ru; rv:1.9.0.1) Gecko/2008070208 AdCentriaIM/1.7 Firefox/3.0.1"
89.209.89.217 - - [23/Nov/2008:12:30:28 -0500] "GET /home/images/logviewer/transaction.gif HTTP/1.1" 200 5449 "http://www.log-viewer.com/?gclid=CL_6qpHqi5cCFUoa3godnTunDA" "Mozilla/5.0 (Windows; U; Windows NT 6.0; ru; rv:1.9.0.1) Gecko/2008070208 AdCentriaIM/1.7 Firefox/3.0.1"
89.209.89.217 - - [23/Nov/2008:12:30:28 -0500] "GET /home/images/logviewer/dashboard.gif HTTP/1.1" 200 6560 "http://www.log-viewer.com/?gclid=CL_6qpHqi5cCFUoa3godnTunDA" "Mozilla/5.0 (Windows; U; Windows NT 6.0; ru; rv:1.9.0.1) Gecko/2008070208 AdCentriaIM/1.7 Firefox/3.0.1"
89.209.89.217 - - [23/Nov/2008:12:30:29 -0500] "GET /home/images/downloads/download-button.gif HTTP/1.1" 200 1426 "http://www.log-viewer.com/?gclid=CL_6qpHqi5cCFUoa3godnTunDA" "Mozilla/5.0 (Windows; U; Windows NT 6.0; ru; rv:1.9.0.1) Gecko/2008070208 AdCentriaIM/1.7 Firefox/3.0.1"
200.45.97.180 - - [23/Nov/2008:12:30:44 -0500] "GET /home/favicon.ico HTTP/1.1" 200 1150 "-" "Mozilla/5.0 (Windows; U; Windows NT 5.1; es-ES; rv:1.9.0.3) Gecko/2008092417 Firefox/3.0.3"
89.209.89.217 - - [23/Nov/2008:12:30:45 -0500] "GET /home/favicon.ico HTTP/1.1" 200 1150 "-" "Mozilla/5.0 (Windows; U; Windows NT 6.0; ru; rv:1.9.0.1) Gecko/2008070208 AdCentriaIM/1.7 Firefox/3.0.1"
89.209.89.217 - - [23/Nov/2008:12:30:46 -0500] "GET /home/css/menus.css HTTP/1.1" 200 8999 "http://www.xpolog.com/home/downloads/index.jsp" "Mozilla/5.0 (Windows; U; Windows NT 6.0; ru; rv:1.9.0.1) Gecko/2008070208 AdCentriaIM/1.7 Firefox/3.0.1"
89.209.89.217 - - [23/Nov/2008:12:30:45 -0500] "GET /home/downloads/index.jsp HTTP/1.1" 200 43987 "http://www.log-viewer.com/?gclid=CL_6qpHqi5cCFUoa3godnTunDA" "Mozilla/5.0 (Windows; U; Windows NT 6.0; ru; rv:1.9.0.1) Gecko/2008070208 AdCentriaIM/1.7 Firefox/3.0.1"
89.209.89.217 - - [23/Nov/2008:12:30:46 -0500] "GET /home/scripts/coolmenus4.js HTTP/1.1" 200 25713 "http://www.xpolog.com/home/downloads/index.jsp" "Mozilla/5.0 (Windows; U; Windows NT 6.0; ru; rv:1.9.0.1) Gecko/2008070208 AdCentriaIM/1.7 Firefox/3.0.1"
89.209.89.217 - - [23/Nov/2008:12:30:47 -0500] "GET /home/images/downloads/linux.gif HTTP/1.1" 200 1758 "http://www.xpolog.com/home/downloads/index.jsp" "Mozilla/5.0 (Windows; U; Windows NT 6.0; ru; rv:1.9.0.1) Gecko/2008070208 AdCentriaIM/1.7 Firefox/3.0.1"
89.209.89.217 - - [23/Nov/2008:12:30:47 -0500] "GET /home/images/downloads/j2ee.gif HTTP/1.1" 200 3039 "http://www.xpolog.com/home/downloads/index.jsp" "Mozilla/5.0 (Windows; U; Windows NT 6.0; ru; rv:1.9.0.1) Gecko/2008070208 AdCentriaIM/1.7 Firefox/3.0.1"
89.209.89.217 - - [23/Nov/2008:12:30:47 -0500] "GET /home/images/downloads/solaris.gif HTTP/1.1" 200 2513 "http://www.xpolog.com/home/downloads/index.jsp" "Mozilla/5.0 (Windows; U; Windows NT 6.0; ru; rv:1.9.0.1) Gecko/2008070208 AdCentriaIM/1.7 Firefox/3.0.1"
89.209.89.217 - - [23/Nov/2008:12:30:47 -0500] "GET /home/images/downloads/windows.gif HTTP/1.1" 200 1982 "http://www.xpolog.com/home/downloads/index.jsp" "Mozilla/5.0 (Windows; U; Windows NT 6.0; ru; rv:1.9.0.1) Gecko/2008070208 AdCentriaIM/1.7 Firefox/3.0.1"
89.209.89.217 - - [23/Nov/2008:12:30:47 -0500] "GET /home/images/quick/mgmticon.gif HTTP/1.1" 200 392 "http://www.xpolog.com/home/downloads/index.jsp" "Mozilla/5.0 (Windows; U; Windows NT 6.0; ru; rv:1.9.0.1) Gecko/2008070208 AdCentriaIM/1.7 Firefox/3.0.1"
89.209.89.217 - - [23/Nov/2008:12:30:47 -0500] "GET /home/images/footer/v.gif HTTP/1.1" 200 176 "http://www.xpolog.com/home/downloads/index.jsp" "Mozilla/5.0 (Windows; U; Windows NT 6.0; ru; rv:1.9.0.1) Gecko/2008070208 AdCentriaIM/1.7 Firefox/3.0.1"
89.209.89.217 - - [23/Nov/2008:12:30:47 -0500] "GET /home/images/downloads/downloads.gif HTTP/1.1" 200 22028 "http://www.xpolog.com/home/downloads/index.jsp" "Mozilla/5.0 (Windows; U; Windows NT 6.0; ru; rv:1.9.0.1) Gecko/2008070208 AdCentriaIM/1.7 Firefox/3.0.1"
89.209.89.217 - - [23/Nov/2008:12:30:47 -0500] "GET /home/images/footer/download_btn.gif HTTP/1.1" 200 591 "http://www.xpolog.com/home/downloads/index.jsp" "Mozilla/5.0 (Windows; U; Windows NT 6.0; ru; rv:1.9.0.1) Gecko/2008070208 AdCentriaIM/1.7 Firefox/3.0.1"
89.209.89.217 - - [23/Nov/2008:12:30:47 -0500] "GET /home/images/footer/background.gif HTTP/1.1" 200 13744 "http://www.xpolog.com/home/downloads/index.jsp" "Mozilla/5.0 (Windows; U; Windows NT 6.0; ru; rv:1.9.0.1) Gecko/2008070208 AdCentriaIM/1.7 Firefox/3.0.1"
121.245.47.12 - - [23/Nov/2008:12:31:06 -0500] "POST /home/common/registerAction.jsp? HTTP/1.1" 200 218 "http://xpolog.com/home/master/xplgMaster_downloads_trial_registration.jsp" "Mozilla/4.0 (compatible; MSIE 6.0; Windows NT 5.1; SV1)"
189.106.67.193 - - [23/Nov/2008:12:31:07 -0500] "GET /favicon.ico HTTP/1.1" 404 291 "-" "Mozilla/5.0 (Windows; U; Windows NT 5.1; pt-BR; rv:1.9.0.4) Gecko/2008102920 Firefox/3.0.4"
189.106.67.193 - - [23/Nov/2008:12:31:08 -0500] "GET /favicon.ico HTTP/1.1" 404 291 "-" "Mozilla/5.0 (Windows; U; Windows NT 5.1; pt-BR; rv:1.9.0.4) Gecko/2008102920 Firefox/3.0.4"
189.106.67.193 - - [23/Nov/2008:12:31:08 -0500] "GET /home/favicon.ico HTTP/1.1" 200 1150 "-" "Mozilla/5.0 (Windows; U; Windows NT 5.1; pt-BR; rv:1.9.0.4) Gecko/2008102920 Firefox/3.0.4"
189.106.67.193 - - [23/Nov/2008:12:31:09 -0500] "GET /home/css/menus.css HTTP/1.1" 200 8999 "http://www.xpolog.com/home/solutions/app.jsp" "Mozilla/5.0 (Windows; U; Windows NT 5.1; pt-BR; rv:1.9.0.4) Gecko/2008102920 Firefox/3.0.4"
189.106.67.193 - - [23/Nov/2008:12:31:07 -0500] "GET /home/solutions/app.jsp HTTP/1.1" 200 48645 "http://www.log-viewer.com/net-java-log4j-log-viewer/?gclid=CN78ovzpi5cCFQEoGgodA0-Q_A" "Mozilla/5.0 (Windows; U; Windows NT 5.1; pt-BR; rv:1.9.0.4) Gecko/2008102920 Firefox/3.0.4"
189.106.67.193 - - [23/Nov/2008:12:31:09 -0500] "GET /home/scripts/coolmenus4.js HTTP/1.1" 200 25713 "http://www.xpolog.com/home/solutions/app.jsp" "Mozilla/5.0 (Windows; U; Windows NT 5.1; pt-BR; rv:1.9.0.4) Gecko/2008102920 Firefox/3.0.4"
189.106.67.193 - - [23/Nov/2008:12:31:10 -0500] "GET /home/images/solutions/features-v.gif HTTP/1.1" 200 283 "http://www.xpolog.com/home/solutions/app.jsp" "Mozilla/5.0 (Windows; U; Windows NT 5.1; pt-BR; rv:1.9.0.4) Gecko/2008102920 Firefox/3.0.4"
189.106.67.193 - - [23/Nov/2008:12:31:10 -0500] "GET /home/images/solutions/minus-icon.gif HTTP/1.1" 200 70 "http://www.xpolog.com/home/solutions/app.jsp" "Mozilla/5.0 (Windows; U; Windows NT 5.1; pt-BR; rv:1.9.0.4) Gecko/2008102920 Firefox/3.0.4"
189.106.67.193 - - [23/Nov/2008:12:31:10 -0500] "GET /home/images/products/manager-overview-1.gif HTTP/1.1" 200 5225 "http://www.xpolog.com/home/solutions/app.jsp" "Mozilla/5.0 (Windows; U; Windows NT 5.1; pt-BR; rv:1.9.0.4) Gecko/2008102920 Firefox/3.0.4"
189.106.67.193 - - [23/Nov/2008:12:31:10 -0500] "GET /home/images/products/quote.gif HTTP/1.1" 200 196 "http://www.xpolog.com/home/solutions/app.jsp" "Mozilla/5.0 (Windows; U; Windows NT 5.1; pt-BR; rv:1.9.0.4) Gecko/2008102920 Firefox/3.0.4"
121.245.47.12 - - [23/Nov/2008:12:31:08 -0500] "GET /home/master/xplgMaster_downloads_trial_operationDownloadOK.jsp HTTP/1.1" 200 24727 "-" "Mozilla/4.0 (compatible; MSIE 6.0; Windows NT 5.1; SV1)"
189.106.67.193 - - [23/Nov/2008:12:31:11 -0500] "GET /home/images/solutions/applicationsBackground.gif HTTP/1.1" 200 4930 "http://www.xpolog.com/home/solutions/app.jsp" "Mozilla/5.0 (Windows; U; Windows NT 5.1; pt-BR; rv:1.9.0.4) Gecko/2008102920 Firefox/3.0.4"
189.106.67.193 - - [23/Nov/2008:12:31:11 -0500] "GET /home/images/solutions/middle-box-line.gif HTTP/1.1" 200 894 "http://www.xpolog.com/home/solutions/app.jsp" "Mozilla/5.0 (Windows; U; Windows NT 5.1; pt-BR; rv:1.9.0.4) Gecko/2008102920 Firefox/3.0.4"
189.106.67.193 - - [23/Nov/2008:12:31:11 -0500] "GET /home/images/solutions/upper-box-line.gif HTTP/1.1" 200 350 "http://www.xpolog.com/home/solutions/app.jsp" "Mozilla/5.0 (Windows; U; Windows NT 5.1; pt-BR; rv:1.9.0.4) Gecko/2008102920 Firefox/3.0.4"
189.106.67.193 - - [23/Nov/2008:12:31:11 -0500] "GET /home/images/solutions/lower-box-line.gif HTTP/1.1" 200 241 "http://www.xpolog.com/home/solutions/app.jsp" "Mozilla/5.0 (Windows; U; Windows NT 5.1; pt-BR; rv:1.9.0.4) Gecko/2008102920 Firefox/3.0.4"
189.106.67.193 - - [23/Nov/2008:12:31:10 -0500] "GET /home/images/solutions/applications.gif HTTP/1.1" 200 24238 "http://www.xpolog.com/home/solutions/app.jsp" "Mozilla/5.0 (Windows; U; Windows NT 5.1; pt-BR; rv:1.9.0.4) Gecko/2008102920 Firefox/3.0.4"
121.245.47.12 - - [23/Nov/2008:12:31:13 -0500] "GET /home/common/conv.jsp HTTP/1.1" 200 653 "http://xpolog.com/home/master/xplgMaster_downloads_trial_operationDownloadOK.jsp" "Mozilla/4.0 (compatible; MSIE 6.0; Windows NT 5.1; SV1)"
189.106.67.193 - - [23/Nov/2008:12:31:16 -0500] "GET /home/images/quick/mgmticon.gif HTTP/1.1" 200 392 "http://www.xpolog.com/home/solutions/app.jsp" "Mozilla/5.0 (Windows; U; Windows NT 5.1; pt-BR; rv:1.9.0.4) Gecko/2008102920 Firefox/3.0.4"
189.106.67.193 - - [23/Nov/2008:12:31:16 -0500] "GET /home/images/footer/v.gif HTTP/1.1" 200 176 "http://www.xpolog.com/home/solutions/app.jsp" "Mozilla/5.0 (Windows; U; Windows NT 5.1; pt-BR; rv:1.9.0.4) Gecko/2008102920 Firefox/3.0.4"
189.106.67.193 - - [23/Nov/2008:12:31:16 -0500] "GET /home/images/footer/download_btn.gif HTTP/1.1" 200 591 "http://www.xpolog.com/home/solutions/app.jsp" "Mozilla/5.0 (Windows; U; Windows NT 5.1; pt-BR; rv:1.9.0.4) Gecko/2008102920 Firefox/3.0.4"
88.166.73.24 - - [23/Nov/2008:12:31:16 -0500] "GET /home/css/xplg.css HTTP/1.1" 304 - "http://www.log-viewer.com/?gclid=CM2186nqi5cCFQsRuwodbDzmRg" "Mozilla/4.0 (compatible; MSIE 7.0; Windows NT 5.1; .NET CLR 1.1.4322)"
189.106.67.193 - - [23/Nov/2008:12:31:16 -0500] "GET /home/images/footer/background.gif HTTP/1.1" 200 13744 "http://www.xpolog.com/home/solutions/app.jsp" "Mozilla/5.0 (Windows; U; Windows NT 5.1; pt-BR; rv:1.9.0.4) Gecko/2008102920 Firefox/3.0.4"
88.166.73.24 - - [23/Nov/2008:12:31:17 -0500] "GET /home/css/links.css HTTP/1.1" 304 - "http://www.log-viewer.com/?gclid=CM2186nqi5cCFQsRuwodbDzmRg" "Mozilla/4.0 (compatible; MSIE 7.0; Windows NT 5.1; .NET CLR 1.1.4322)"
88.166.73.24 - - [23/Nov/2008:12:31:17 -0500] "GET /home/css/texts.css HTTP/1.1" 304 - "http://www.log-viewer.com/?gclid=CM2186nqi5cCFQsRuwodbDzmRg" "Mozilla/4.0 (compatible; MSIE 7.0; Windows NT 5.1; .NET CLR 1.1.4322)"
88.166.73.24 - - [23/Nov/2008:12:31:17 -0500] "GET /home/images/quick/upper_line_inter.gif HTTP/1.1" 304 - "http://www.log-viewer.com/?gclid=CM2186nqi5cCFQsRuwodbDzmRg" "Mozilla/4.0 (compatible; MSIE 7.0; Windows NT 5.1; .NET CLR 1.1.4322)"
88.166.73.24 - - [23/Nov/2008:12:31:17 -0500] "GET /home/images/home/logo.gif HTTP/1.1" 304 - "http://www.log-viewer.com/?gclid=CM2186nqi5cCFQsRuwodbDzmRg" "Mozilla/4.0 (compatible; MSIE 7.0; Windows NT 5.1; .NET CLR 1.1.4322)"
88.166.73.24 - - [23/Nov/2008:12:31:17 -0500] "GET /home/images/quick/download_inter.gif HTTP/1.1" 304 - "http://www.log-viewer.com/?gclid=CM2186nqi5cCFQsRuwodbDzmRg" "Mozilla/4.0 (compatible; MSIE 7.0; Windows NT 5.1; .NET CLR 1.1.4322)"
88.166.73.24 - - [23/Nov/2008:12:31:17 -0500] "GET /home/images/quick/online_demo_inter.gif HTTP/1.1" 304 - "http://www.log-viewer.com/?gclid=CM2186nqi5cCFQsRuwodbDzmRg" "Mozilla/4.0 (compatible; MSIE 7.0; Windows NT 5.1; .NET CLR 1.1.4322)"
88.166.73.24 - - [23/Nov/2008:12:31:18 -0500] "GET /home/images/quick/brochure_inter.gif HTTP/1.1" 304 - "http://www.log-viewer.com/?gclid=CM2186nqi5cCFQsRuwodbDzmRg" "Mozilla/4.0 (compatible; MSIE 7.0; Windows NT 5.1; .NET CLR 1.1.4322)"
88.166.73.24 - - [23/Nov/2008:12:31:18 -0500] "GET /home/images/quick/header.gif HTTP/1.1" 304 - "http://www.log-viewer.com/?gclid=CM2186nqi5cCFQsRuwodbDzmRg" "Mozilla/4.0 (compatible; MSIE 7.0; Windows NT 5.1; .NET CLR 1.1.4322)"
88.166.73.24 - - [23/Nov/2008:12:31:18 -0500] "GET /home/images/quick/icon.gif HTTP/1.1" 304 - "http://www.log-viewer.com/?gclid=CM2186nqi5cCFQsRuwodbDzmRg" "Mozilla/4.0 (compatible; MSIE 7.0; Windows NT 5.1; .NET CLR 1.1.4322)"
88.166.73.24 - - [23/Nov/2008:12:31:19 -0500] "GET /home/images/quick/appicon.gif HTTP/1.1" 304 - "http://www.log-viewer.com/?gclid=CM2186nqi5cCFQsRuwodbDzmRg" "Mozilla/4.0 (compatible; MSIE 7.0; Windows NT 5.1; .NET CLR 1.1.4322)"
88.166.73.24 - - [23/Nov/2008:12:31:19 -0500] "GET /home/images/quick/opicon.gif HTTP/1.1" 304 - "http://www.log-viewer.com/?gclid=CM2186nqi5cCFQsRuwodbDzmRg" "Mozilla/4.0 (compatible; MSIE 7.0; Windows NT 5.1; .NET CLR 1.1.4322)"
88.166.73.24 - - [23/Nov/2008:12:31:19 -0500] "GET /home/images/quick/upper_line_inter_2.gif HTTP/1.1" 304 - "http://www.log-viewer.com/?gclid=CM2186nqi5cCFQsRuwodbDzmRg" "Mozilla/4.0 (compatible; MSIE 7.0; Windows NT 5.1; .NET CLR 1.1.4322)"
88.166.73.24 - - [23/Nov/2008:12:31:19 -0500] "GET /home/images/quick/lower_line_inter_2.gif HTTP/1.1" 304 - "http://www.log-viewer.com/?gclid=CM2186nqi5cCFQsRuwodbDzmRg" "Mozilla/4.0 (compatible; MSIE 7.0; Windows NT 5.1; .NET CLR 1.1.4322)"
88.166.73.24 - - [23/Nov/2008:12:31:20 -0500] "GET /home/images/logviewer/iis.gif HTTP/1.1" 304 - "http://www.log-viewer.com/?gclid=CM2186nqi5cCFQsRuwodbDzmRg" "Mozilla/4.0 (compatible; MSIE 7.0; Windows NT 5.1; .NET CLR 1.1.4322)"
88.166.73.24 - - [23/Nov/2008:12:31:20 -0500] "GET /home/images/quick/lower_line_inter.gif HTTP/1.1" 304 - "http://www.log-viewer.com/?gclid=CM2186nqi5cCFQsRuwodbDzmRg" "Mozilla/4.0 (compatible; MSIE 7.0; Windows NT 5.1; .NET CLR 1.1.4322)"
88.166.73.24 - - [23/Nov/2008:12:31:20 -0500] "GET /home/images/logviewer/linux.gif HTTP/1.1" 304 - "http://www.log-viewer.com/?gclid=CM2186nqi5cCFQsRuwodbDzmRg" "Mozilla/4.0 (compatible; MSIE 7.0; Windows NT 5.1; .NET CLR 1.1.4322)"
88.166.73.24 - - [23/Nov/2008:12:31:20 -0500] "GET /home/images/logviewer/homeSnap.gif HTTP/1.1" 304 - "http://www.log-viewer.com/?gclid=CM2186nqi5cCFQsRuwodbDzmRg" "Mozilla/4.0 (compatible; MSIE 7.0; Windows NT 5.1; .NET CLR 1.1.4322)"
88.166.73.24 - - [23/Nov/2008:12:31:20 -0500] "GET /home/images/downloads/download-button.gif HTTP/1.1" 304 - "http://www.log-viewer.com/?gclid=CM2186nqi5cCFQsRuwodbDzmRg" "Mozilla/4.0 (compatible; MSIE 7.0; Windows NT 5.1; .NET CLR 1.1.4322)"
88.166.73.24 - - [23/Nov/2008:12:31:20 -0500] "GET /home/images/logviewer/apache.gif HTTP/1.1" 304 - "http://www.log-viewer.com/?gclid=CM2186nqi5cCFQsRuwodbDzmRg" "Mozilla/4.0 (compatible; MSIE 7.0; Windows NT 5.1; .NET CLR 1.1.4322)"
88.166.73.24 - - [23/Nov/2008:12:31:21 -0500] "GET /home/images/logviewer/report.gif HTTP/1.1" 304 - "http://www.log-viewer.com/?gclid=CM2186nqi5cCFQsRuwodbDzmRg" "Mozilla/4.0 (compatible; MSIE 7.0; Windows NT 5.1; .NET CLR 1.1.4322)"
88.166.73.24 - - [23/Nov/2008:12:31:21 -0500] "GET /home/images/logviewer/log4j.gif HTTP/1.1" 304 - "http://www.log-viewer.com/?gclid=CM2186nqi5cCFQsRuwodbDzmRg" "Mozilla/4.0 (compatible; MSIE 7.0; Windows NT 5.1; .NET CLR 1.1.4322)"
88.166.73.24 - - [23/Nov/2008:12:31:21 -0500] "GET /home/images/logviewer/aspnet.gif HTTP/1.1" 304 - "http://www.log-viewer.com/?gclid=CM2186nqi5cCFQsRuwodbDzmRg" "Mozilla/4.0 (compatible; MSIE 7.0; Windows NT 5.1; .NET CLR 1.1.4322)"
88.166.73.24 - - [23/Nov/2008:12:31:21 -0500] "GET /home/images/logviewer/dashboard.gif HTTP/1.1" 304 - "http://www.log-viewer.com/?gclid=CM2186nqi5cCFQsRuwodbDzmRg" "Mozilla/4.0 (compatible; MSIE 7.0; Windows NT 5.1; .NET CLR 1.1.4322)"
88.166.73.24 - - [23/Nov/2008:12:31:21 -0500] "GET /home/images/logviewer/transaction.gif HTTP/1.1" 304 - "http://www.log-viewer.com/?gclid=CM2186nqi5cCFQsRuwodbDzmRg" "Mozilla/4.0 (compatible; MSIE 7.0; Windows NT 5.1; .NET CLR 1.1.4322)"
189.106.67.193 - - [23/Nov/2008:12:31:23 -0500] "GET /home/downloads/index.jsp HTTP/1.1" 200 43987 "http://www.xpolog.com/home/solutions/app.jsp" "Mozilla/5.0 (Windows; U; Windows NT 5.1; pt-BR; rv:1.9.0.4) Gecko/2008102920 Firefox/3.0.4"
189.106.67.193 - - [23/Nov/2008:12:31:25 -0500] "GET /home/images/downloads/windows.gif HTTP/1.1" 200 1982 "http://www.xpolog.com/home/downloads/index.jsp" "Mozilla/5.0 (Windows; U; Windows NT 5.1; pt-BR; rv:1.9.0.4) Gecko/2008102920 Firefox/3.0.4"
189.106.67.193 - - [23/Nov/2008:12:31:25 -0500] "GET /home/images/downloads/download-button.gif HTTP/1.1" 200 1426 "http://www.xpolog.com/home/downloads/index.jsp" "Mozilla/5.0 (Windows; U; Windows NT 5.1; pt-BR; rv:1.9.0.4) Gecko/2008102920 Firefox/3.0.4"
189.106.67.193 - - [23/Nov/2008:12:31:25 -0500] "GET /home/images/downloads/linux.gif HTTP/1.1" 200 1758 "http://www.xpolog.com/home/downloads/index.jsp" "Mozilla/5.0 (Windows; U; Windows NT 5.1; pt-BR; rv:1.9.0.4) Gecko/2008102920 Firefox/3.0.4"
189.106.67.193 - - [23/Nov/2008:12:31:25 -0500] "GET /home/images/downloads/j2ee.gif HTTP/1.1" 200 3039 "http://www.xpolog.com/home/downloads/index.jsp" "Mozilla/5.0 (Windows; U; Windows NT 5.1; pt-BR; rv:1.9.0.4) Gecko/2008102920 Firefox/3.0.4"
189.106.67.193 - - [23/Nov/2008:12:31:25 -0500] "GET /home/images/downloads/solaris.gif HTTP/1.1" 200 2513 "http://www.xpolog.com/home/downloads/index.jsp" "Mozilla/5.0 (Windows; U; Windows NT 5.1; pt-BR; rv:1.9.0.4) Gecko/2008102920 Firefox/3.0.4"
88.166.73.24 - - [23/Nov/2008:12:31:28 -0500] "GET /home/images/downloads/downloadBtn.gif HTTP/1.1" 304 - "http://www.log-viewer.com/iis-apache-log-viewer/" "Mozilla/4.0 (compatible; MSIE 7.0; Windows NT 5.1; .NET CLR 1.1.4322)"
68.40.181.25 - - [23/Nov/2008:12:31:30 -0500] "GET /home/css/xplg.css HTTP/1.1" 200 8720 "http://www.log-viewer.com/?gclid=COear7Dqi5cCFQdCgwodn0Eajg" "Mozilla/4.0 (compatible; MSIE 7.0; Windows NT 5.1; Avant Browser; .NET CLR 1.0.3705; .NET CLR 1.1.4322; .NET CLR 2.0.50727; .NET CLR 3.0.04506.30)"
68.40.181.25 - - [23/Nov/2008:12:31:30 -0500] "GET /home/css/links.css HTTP/1.1" 200 30502 "http://www.log-viewer.com/?gclid=COear7Dqi5cCFQdCgwodn0Eajg" "Mozilla/4.0 (compatible; MSIE 7.0; Windows NT 5.1; Avant Browser; .NET CLR 1.0.3705; .NET CLR 1.1.4322; .NET CLR 2.0.50727; .NET CLR 3.0.04506.30)"
68.40.181.25 - - [23/Nov/2008:12:31:30 -0500] "GET /home/css/texts.css HTTP/1.1" 200 3369 "http://www.log-viewer.com/?gclid=COear7Dqi5cCFQdCgwodn0Eajg" "Mozilla/4.0 (compatible; MSIE 7.0; Windows NT 5.1; Avant Browser; .NET CLR 1.0.3705; .NET CLR 1.1.4322; .NET CLR 2.0.50727; .NET CLR 3.0.04506.30)"
68.40.181.25 - - [23/Nov/2008:12:31:30 -0500] "GET /home/images/quick/upper_line_inter.gif HTTP/1.1" 200 130 "http://www.log-viewer.com/?gclid=COear7Dqi5cCFQdCgwodn0Eajg" "Mozilla/4.0 (compatible; MSIE 7.0; Windows NT 5.1; Avant Browser; .NET CLR 1.0.3705; .NET CLR 1.1.4322; .NET CLR 2.0.50727; .NET CLR 3.0.04506.30)"
68.40.181.25 - - [23/Nov/2008:12:31:30 -0500] "GET /home/images/home/logo.gif HTTP/1.1" 200 3128 "http://www.log-viewer.com/?gclid=COear7Dqi5cCFQdCgwodn0Eajg" "Mozilla/4.0 (compatible; MSIE 7.0; Windows NT 5.1; Avant Browser; .NET CLR 1.0.3705; .NET CLR 1.1.4322; .NET CLR 2.0.50727; .NET CLR 3.0.04506.30)"
68.40.181.25 - - [23/Nov/2008:12:31:30 -0500] "GET /home/images/quick/download_inter.gif HTTP/1.1" 200 2070 "http://www.log-viewer.com/?gclid=COear7Dqi5cCFQdCgwodn0Eajg" "Mozilla/4.0 (compatible; MSIE 7.0; Windows NT 5.1; Avant Browser; .NET CLR 1.0.3705; .NET CLR 1.1.4322; .NET CLR 2.0.50727; .NET CLR 3.0.04506.30)"
68.40.181.25 - - [23/Nov/2008:12:31:30 -0500] "GET /home/images/quick/online_demo_inter.gif HTTP/1.1" 200 1684 "http://www.log-viewer.com/?gclid=COear7Dqi5cCFQdCgwodn0Eajg" "Mozilla/4.0 (compatible; MSIE 7.0; Windows NT 5.1; Avant Browser; .NET CLR 1.0.3705; .NET CLR 1.1.4322; .NET CLR 2.0.50727; .NET CLR 3.0.04506.30)"
68.40.181.25 - - [23/Nov/2008:12:31:30 -0500] "GET /home/images/quick/brochure_inter.gif HTTP/1.1" 200 1333 "http://www.log-viewer.com/?gclid=COear7Dqi5cCFQdCgwodn0Eajg" "Mozilla/4.0 (compatible; MSIE 7.0; Windows NT 5.1; Avant Browser; .NET CLR 1.0.3705; .NET CLR 1.1.4322; .NET CLR 2.0.50727; .NET CLR 3.0.04506.30)"
68.40.181.25 - - [23/Nov/2008:12:31:31 -0500] "GET /home/images/quick/appicon.gif HTTP/1.1" 200 396 "http://www.log-viewer.com/?gclid=COear7Dqi5cCFQdCgwodn0Eajg" "Mozilla/4.0 (compatible; MSIE 7.0; Windows NT 5.1; Avant Browser; .NET CLR 1.0.3705; .NET CLR 1.1.4322; .NET CLR 2.0.50727; .NET CLR 3.0.04506.30)"
68.40.181.25 - - [23/Nov/2008:12:31:31 -0500] "GET /home/images/quick/icon.gif HTTP/1.1" 200 161 "http://www.log-viewer.com/?gclid=COear7Dqi5cCFQdCgwodn0Eajg" "Mozilla/4.0 (compatible; MSIE 7.0; Windows NT 5.1; Avant Browser; .NET CLR 1.0.3705; .NET CLR 1.1.4322; .NET CLR 2.0.50727; .NET CLR 3.0.04506.30)"
68.40.181.25 - - [23/Nov/2008:12:31:31 -0500] "GET /home/images/quick/opicon.gif HTTP/1.1" 200 397 "http://www.log-viewer.com/?gclid=COear7Dqi5cCFQdCgwodn0Eajg" "Mozilla/4.0 (compatible; MSIE 7.0; Windows NT 5.1; Avant Browser; .NET CLR 1.0.3705; .NET CLR 1.1.4322; .NET CLR 2.0.50727; .NET CLR 3.0.04506.30)"
68.40.181.25 - - [23/Nov/2008:12:31:31 -0500] "GET /home/images/quick/header.gif HTTP/1.1" 200 305 "http://www.log-viewer.com/?gclid=COear7Dqi5cCFQdCgwodn0Eajg" "Mozilla/4.0 (compatible; MSIE 7.0; Windows NT 5.1; Avant Browser; .NET CLR 1.0.3705; .NET CLR 1.1.4322; .NET CLR 2.0.50727; .NET CLR 3.0.04506.30)"
68.40.181.25 - - [23/Nov/2008:12:31:31 -0500] "GET /home/images/quick/upper_line_inter_2.gif HTTP/1.1" 200 125 "http://www.log-viewer.com/?gclid=COear7Dqi5cCFQdCgwodn0Eajg" "Mozilla/4.0 (compatible; MSIE 7.0; Windows NT 5.1; Avant Browser; .NET CLR 1.0.3705; .NET CLR 1.1.4322; .NET CLR 2.0.50727; .NET CLR 3.0.04506.30)"
68.40.181.25 - - [23/Nov/2008:12:31:31 -0500] "GET /home/images/quick/lower_line_inter_2.gif HTTP/1.1" 200 125 "http://www.log-viewer.com/?gclid=COear7Dqi5cCFQdCgwodn0Eajg" "Mozilla/4.0 (compatible; MSIE 7.0; Windows NT 5.1; Avant Browser; .NET CLR 1.0.3705; .NET CLR 1.1.4322; .NET CLR 2.0.50727; .NET CLR 3.0.04506.30)"
68.40.181.25 - - [23/Nov/2008:12:31:32 -0500] "GET /home/images/logviewer/iis.gif HTTP/1.1" 200 1567 "http://www.log-viewer.com/?gclid=COear7Dqi5cCFQdCgwodn0Eajg" "Mozilla/4.0 (compatible; MSIE 7.0; Windows NT 5.1; Avant Browser; .NET CLR 1.0.3705; .NET CLR 1.1.4322; .NET CLR 2.0.50727; .NET CLR 3.0.04506.30)"
68.40.181.25 - - [23/Nov/2008:12:31:32 -0500] "GET /home/images/quick/lower_line_inter.gif HTTP/1.1" 200 121 "http://www.log-viewer.com/?gclid=COear7Dqi5cCFQdCgwodn0Eajg" "Mozilla/4.0 (compatible; MSIE 7.0; Windows NT 5.1; Avant Browser; .NET CLR 1.0.3705; .NET CLR 1.1.4322; .NET CLR 2.0.50727; .NET CLR 3.0.04506.30)"
68.40.181.25 - - [23/Nov/2008:12:31:32 -0500] "GET /home/images/logviewer/linux.gif HTTP/1.1" 200 1891 "http://www.log-viewer.com/?gclid=COear7Dqi5cCFQdCgwodn0Eajg" "Mozilla/4.0 (compatible; MSIE 7.0; Windows NT 5.1; Avant Browser; .NET CLR 1.0.3705; .NET CLR 1.1.4322; .NET CLR 2.0.50727; .NET CLR 3.0.04506.30)"
68.40.181.25 - - [23/Nov/2008:12:31:32 -0500] "GET /home/images/downloads/download-button.gif HTTP/1.1" 200 1426 "http://www.log-viewer.com/?gclid=COear7Dqi5cCFQdCgwodn0Eajg" "Mozilla/4.0 (compatible; MSIE 7.0; Windows NT 5.1; Avant Browser; .NET CLR 1.0.3705; .NET CLR 1.1.4322; .NET CLR 2.0.50727; .NET CLR 3.0.04506.30)"
68.40.181.25 - - [23/Nov/2008:12:31:32 -0500] "GET /home/images/logviewer/homeSnap.gif HTTP/1.1" 200 8883 "http://www.log-viewer.com/?gclid=COear7Dqi5cCFQdCgwodn0Eajg" "Mozilla/4.0 (compatible; MSIE 7.0; Windows NT 5.1; Avant Browser; .NET CLR 1.0.3705; .NET CLR 1.1.4322; .NET CLR 2.0.50727; .NET CLR 3.0.04506.30)"
68.40.181.25 - - [23/Nov/2008:12:31:32 -0500] "GET /home/images/logviewer/apache.gif HTTP/1.1" 200 1460 "http://www.log-viewer.com/?gclid=COear7Dqi5cCFQdCgwodn0Eajg" "Mozilla/4.0 (compatible; MSIE 7.0; Windows NT 5.1; Avant Browser; .NET CLR 1.0.3705; .NET CLR 1.1.4322; .NET CLR 2.0.50727; .NET CLR 3.0.04506.30)"
68.40.181.25 - - [23/Nov/2008:12:31:32 -0500] "GET /home/images/logviewer/report.gif HTTP/1.1" 200 6164 "http://www.log-viewer.com/?gclid=COear7Dqi5cCFQdCgwodn0Eajg" "Mozilla/4.0 (compatible; MSIE 7.0; Windows NT 5.1; Avant Browser; .NET CLR 1.0.3705; .NET CLR 1.1.4322; .NET CLR 2.0.50727; .NET CLR 3.0.04506.30)"
68.40.181.25 - - [23/Nov/2008:12:31:32 -0500] "GET /home/images/logviewer/log4j.gif HTTP/1.1" 200 2026 "http://www.log-viewer.com/?gclid=COear7Dqi5cCFQdCgwodn0Eajg" "Mozilla/4.0 (compatible; MSIE 7.0; Windows NT 5.1; Avant Browser; .NET CLR 1.0.3705; .NET CLR 1.1.4322; .NET CLR 2.0.50727; .NET CLR 3.0.04506.30)"
68.40.181.25 - - [23/Nov/2008:12:31:32 -0500] "GET /home/images/logviewer/aspnet.gif HTTP/1.1" 200 1513 "http://www.log-viewer.com/?gclid=COear7Dqi5cCFQdCgwodn0Eajg" "Mozilla/4.0 (compatible; MSIE 7.0; Windows NT 5.1; Avant Browser; .NET CLR 1.0.3705; .NET CLR 1.1.4322; .NET CLR 2.0.50727; .NET CLR 3.0.04506.30)"
68.40.181.25 - - [23/Nov/2008:12:31:32 -0500] "GET /home/images/logviewer/dashboard.gif HTTP/1.1" 200 6560 "http://www.log-viewer.com/?gclid=COear7Dqi5cCFQdCgwodn0Eajg" "Mozilla/4.0 (compatible; MSIE 7.0; Windows NT 5.1; Avant Browser; .NET CLR 1.0.3705; .NET CLR 1.1.4322; .NET CLR 2.0.50727; .NET CLR 3.0.04506.30)"
68.40.181.25 - - [23/Nov/2008:12:31:32 -0500] "GET /home/images/logviewer/transaction.gif HTTP/1.1" 200 5449 "http://www.log-viewer.com/?gclid=COear7Dqi5cCFQdCgwodn0Eajg" "Mozilla/4.0 (compatible; MSIE 7.0; Windows NT 5.1; Avant Browser; .NET CLR 1.0.3705; .NET CLR 1.1.4322; .NET CLR 2.0.50727; .NET CLR 3.0.04506.30)"
88.166.73.24 - - [23/Nov/2008:12:31:32 -0500] "GET /home/downloads/index.jsp HTTP/1.1" 500 9760 "-" "Mozilla/4.0 (compatible; MSIE 7.0; Windows NT 5.1; .NET CLR 1.1.4322)"
198.240.128.75 - - [23/Nov/2008:12:31:33 -0500] "GET /home/images/downloads/linux.gif HTTP/1.1" 304 - "-" "Mozilla/4.0 (compatible;)"
118.173.232.230 - - [23/Nov/2008:12:31:38 -0500] "GET /home/css/xplg.css HTTP/1.1" 200 8720 "http://www.xpolog-management.com/?gclid=CPuuwbLqi5cCFQvFbwodxCaQ_Q" "Mozilla/4.0 (compatible; MSIE 7.0; Windows NT 5.1; .NET CLR 1.1.4322)"
68.40.181.25 - - [23/Nov/2008:12:31:39 -0500] "GET /home/css/menus.css HTTP/1.1" 200 8999 "http://www.xpolog.com/home/downloads/index.jsp" "Mozilla/4.0 (compatible; MSIE 7.0; Windows NT 5.1; Avant Browser; .NET CLR 1.0.3705; .NET CLR 1.1.4322; .NET CLR 2.0.50727; .NET CLR 3.0.04506.30)"
68.40.181.25 - - [23/Nov/2008:12:31:38 -0500] "GET /home/downloads/index.jsp HTTP/1.1" 200 43987 "-" "Mozilla/4.0 (compatible; MSIE 7.0; Windows NT 5.1; Avant Browser; .NET CLR 1.0.3705; .NET CLR 1.1.4322; .NET CLR 2.0.50727; .NET CLR 3.0.04506.30)"
68.40.181.25 - - [23/Nov/2008:12:31:39 -0500] "GET /home/scripts/coolmenus4.js HTTP/1.1" 200 25713 "http://www.xpolog.com/home/downloads/index.jsp" "Mozilla/4.0 (compatible; MSIE 7.0; Windows NT 5.1; Avant Browser; .NET CLR 1.0.3705; .NET CLR 1.1.4322; .NET CLR 2.0.50727; .NET CLR 3.0.04506.30)"
68.40.181.25 - - [23/Nov/2008:12:31:39 -0500] "GET /favicon.ico HTTP/1.1" 404 291 "-" "Avant Browser"
68.40.181.25 - - [23/Nov/2008:12:31:39 -0500] "GET /home/scripts/iframebackground.html HTTP/1.1" 200 67 "http://www.xpolog.com/home/downloads/index.jsp" "Mozilla/4.0 (compatible; MSIE 7.0; Windows NT 5.1; Avant Browser; .NET CLR 1.0.3705; .NET CLR 1.1.4322; .NET CLR 2.0.50727; .NET CLR 3.0.04506.30)"
68.40.181.25 - - [23/Nov/2008:12:31:39 -0500] "GET /home/scripts/iframebackground.html HTTP/1.1" 200 67 "http://www.xpolog.com/home/downloads/index.jsp" "Mozilla/4.0 (compatible; MSIE 7.0; Windows NT 5.1; Avant Browser; .NET CLR 1.0.3705; .NET CLR 1.1.4322; .NET CLR 2.0.50727; .NET CLR 3.0.04506.30)"
68.40.181.25 - - [23/Nov/2008:12:31:39 -0500] "GET /home/scripts/iframebackground.html HTTP/1.1" 200 67 "http://www.xpolog.com/home/downloads/index.jsp" "Mozilla/4.0 (compatible; MSIE 7.0; Windows NT 5.1; Avant Browser; .NET CLR 1.0.3705; .NET CLR 1.1.4322; .NET CLR 2.0.50727; .NET CLR 3.0.04506.30)"
68.40.181.25 - - [23/Nov/2008:12:31:39 -0500] "GET /home/scripts/iframebackground.html HTTP/1.1" 200 67 "http://www.xpolog.com/home/downloads/index.jsp" "Mozilla/4.0 (compatible; MSIE 7.0; Windows NT 5.1; Avant Browser; .NET CLR 1.0.3705; .NET CLR 1.1.4322; .NET CLR 2.0.50727; .NET CLR 3.0.04506.30)"
68.40.181.25 - - [23/Nov/2008:12:31:40 -0500] "GET /home/scripts/iframebackground.html HTTP/1.1" 200 67 "http://www.xpolog.com/home/downloads/index.jsp" "Mozilla/4.0 (compatible; MSIE 7.0; Windows NT 5.1; Avant Browser; .NET CLR 1.0.3705; .NET CLR 1.1.4322; .NET CLR 2.0.50727; .NET CLR 3.0.04506.30)"
68.40.181.25 - - [23/Nov/2008:12:31:40 -0500] "GET /home/scripts/iframebackground.html HTTP/1.1" 200 67 "http://www.xpolog.com/home/downloads/index.jsp" "Mozilla/4.0 (compatible; MSIE 7.0; Windows NT 5.1; Avant Browser; .NET CLR 1.0.3705; .NET CLR 1.1.4322; .NET CLR 2.0.50727; .NET CLR 3.0.04506.30)"
68.40.181.25 - - [23/Nov/2008:12:31:40 -0500] "GET /home/scripts/iframebackground.html HTTP/1.1" 200 67 "http://www.xpolog.com/home/downloads/index.jsp" "Mozilla/4.0 (compatible; MSIE 7.0; Windows NT 5.1; Avant Browser; .NET CLR 1.0.3705; .NET CLR 1.1.4322; .NET CLR 2.0.50727; .NET CLR 3.0.04506.30)"
68.40.181.25 - - [23/Nov/2008:12:31:40 -0500] "GET /home/scripts/iframebackground.html HTTP/1.1" 200 67 "http://www.xpolog.com/home/downloads/index.jsp" "Mozilla/4.0 (compatible; MSIE 7.0; Windows NT 5.1; Avant Browser; .NET CLR 1.0.3705; .NET CLR 1.1.4322; .NET CLR 2.0.50727; .NET CLR 3.0.04506.30)"
68.40.181.25 - - [23/Nov/2008:12:31:40 -0500] "GET /home/scripts/iframebackground.html HTTP/1.1" 200 67 "http://www.xpolog.com/home/downloads/index.jsp" "Mozilla/4.0 (compatible; MSIE 7.0; Windows NT 5.1; Avant Browser; .NET CLR 1.0.3705; .NET CLR 1.1.4322; .NET CLR 2.0.50727; .NET CLR 3.0.04506.30)"
68.40.181.25 - - [23/Nov/2008:12:31:40 -0500] "GET /home/scripts/iframebackground.html HTTP/1.1" 200 67 "http://www.xpolog.com/home/downloads/index.jsp" "Mozilla/4.0 (compatible; MSIE 7.0; Windows NT 5.1; Avant Browser; .NET CLR 1.0.3705; .NET CLR 1.1.4322; .NET CLR 2.0.50727; .NET CLR 3.0.04506.30)"
68.40.181.25 - - [23/Nov/2008:12:31:40 -0500] "GET /home/scripts/iframebackground.html HTTP/1.1" 200 67 "http://www.xpolog.com/home/downloads/index.jsp" "Mozilla/4.0 (compatible; MSIE 7.0; Windows NT 5.1; Avant Browser; .NET CLR 1.0.3705; .NET CLR 1.1.4322; .NET CLR 2.0.50727; .NET CLR 3.0.04506.30)"
68.40.181.25 - - [23/Nov/2008:12:31:40 -0500] "GET /home/scripts/iframebackground.html HTTP/1.1" 200 67 "http://www.xpolog.com/home/downloads/index.jsp" "Mozilla/4.0 (compatible; MSIE 7.0; Windows NT 5.1; Avant Browser; .NET CLR 1.0.3705; .NET CLR 1.1.4322; .NET CLR 2.0.50727; .NET CLR 3.0.04506.30)"
68.40.181.25 - - [23/Nov/2008:12:31:40 -0500] "GET /home/scripts/iframebackground.html HTTP/1.1" 200 67 "http://www.xpolog.com/home/downloads/index.jsp" "Mozilla/4.0 (compatible; MSIE 7.0; Windows NT 5.1; Avant Browser; .NET CLR 1.0.3705; .NET CLR 1.1.4322; .NET CLR 2.0.50727; .NET CLR 3.0.04506.30)"
68.40.181.25 - - [23/Nov/2008:12:31:40 -0500] "GET /home/images/downloads/windows.gif HTTP/1.1" 200 1982 "http://www.xpolog.com/home/downloads/index.jsp" "Mozilla/4.0 (compatible; MSIE 7.0; Windows NT 5.1; Avant Browser; .NET CLR 1.0.3705; .NET CLR 1.1.4322; .NET CLR 2.0.50727; .NET CLR 3.0.04506.30)"
68.40.181.25 - - [23/Nov/2008:12:31:40 -0500] "GET /home/images/downloads/downloads.gif HTTP/1.1" 200 22028 "http://www.xpolog.com/home/downloads/index.jsp" "Mozilla/4.0 (compatible; MSIE 7.0; Windows NT 5.1; Avant Browser; .NET CLR 1.0.3705; .NET CLR 1.1.4322; .NET CLR 2.0.50727; .NET CLR 3.0.04506.30)"
118.173.232.230 - - [23/Nov/2008:12:31:40 -0500] "GET /home/css/texts.css HTTP/1.1" 200 3369 "http://www.xpolog-management.com/?gclid=CPuuwbLqi5cCFQvFbwodxCaQ_Q" "Mozilla/4.0 (compatible; MSIE 7.0; Windows NT 5.1; .NET CLR 1.1.4322)"
68.40.181.25 - - [23/Nov/2008:12:31:40 -0500] "GET /home/images/downloads/linux.gif HTTP/1.1" 200 1758 "http://www.xpolog.com/home/downloads/index.jsp" "Mozilla/4.0 (compatible; MSIE 7.0; Windows NT 5.1; Avant Browser; .NET CLR 1.0.3705; .NET CLR 1.1.4322; .NET CLR 2.0.50727; .NET CLR 3.0.04506.30)"
118.173.232.230 - - [23/Nov/2008:12:31:38 -0500] "GET /home/css/links.css HTTP/1.1" 200 30502 "http://www.xpolog-management.com/?gclid=CPuuwbLqi5cCFQvFbwodxCaQ_Q" "Mozilla/4.0 (compatible; MSIE 7.0; Windows NT 5.1; .NET CLR 1.1.4322)"
68.40.181.25 - - [23/Nov/2008:12:31:41 -0500] "GET /home/images/downloads/j2ee.gif HTTP/1.1" 200 3039 "http://www.xpolog.com/home/downloads/index.jsp" "Mozilla/4.0 (compatible; MSIE 7.0; Windows NT 5.1; Avant Browser; .NET CLR 1.0.3705; .NET CLR 1.1.4322; .NET CLR 2.0.50727; .NET CLR 3.0.04506.30)"
68.40.181.25 - - [23/Nov/2008:12:31:41 -0500] "GET /home/images/downloads/solaris.gif HTTP/1.1" 200 2513 "http://www.xpolog.com/home/downloads/index.jsp" "Mozilla/4.0 (compatible; MSIE 7.0; Windows NT 5.1; Avant Browser; .NET CLR 1.0.3705; .NET CLR 1.1.4322; .NET CLR 2.0.50727; .NET CLR 3.0.04506.30)"
68.40.181.25 - - [23/Nov/2008:12:31:41 -0500] "GET /home/images/quick/mgmticon.gif HTTP/1.1" 200 392 "http://www.xpolog.com/home/downloads/index.jsp" "Mozilla/4.0 (compatible; MSIE 7.0; Windows NT 5.1; Avant Browser; .NET CLR 1.0.3705; .NET CLR 1.1.4322; .NET CLR 2.0.50727; .NET CLR 3.0.04506.30)"
68.40.181.25 - - [23/Nov/2008:12:31:41 -0500] "GET /home/images/footer/v.gif HTTP/1.1" 200 176 "http://www.xpolog.com/home/downloads/index.jsp" "Mozilla/4.0 (compatible; MSIE 7.0; Windows NT 5.1; Avant Browser; .NET CLR 1.0.3705; .NET CLR 1.1.4322; .NET CLR 2.0.50727; .NET CLR 3.0.04506.30)"
68.40.181.25 - - [23/Nov/2008:12:31:41 -0500] "GET /home/images/footer/background.gif HTTP/1.1" 200 13744 "http://www.xpolog.com/home/downloads/index.jsp" "Mozilla/4.0 (compatible; MSIE 7.0; Windows NT 5.1; Avant Browser; .NET CLR 1.0.3705; .NET CLR 1.1.4322; .NET CLR 2.0.50727; .NET CLR 3.0.04506.30)"
68.40.181.25 - - [23/Nov/2008:12:31:41 -0500] "GET /home/images/footer/download_btn.gif HTTP/1.1" 200 591 "http://www.xpolog.com/home/downloads/index.jsp" "Mozilla/4.0 (compatible; MSIE 7.0; Windows NT 5.1; Avant Browser; .NET CLR 1.0.3705; .NET CLR 1.1.4322; .NET CLR 2.0.50727; .NET CLR 3.0.04506.30)"
118.173.232.230 - - [23/Nov/2008:12:31:42 -0500] "GET /home/images/home/logo.gif HTTP/1.1" 200 3128 "http://www.xpolog-management.com/?gclid=CPuuwbLqi5cCFQvFbwodxCaQ_Q" "Mozilla/4.0 (compatible; MSIE 7.0; Windows NT 5.1; .NET CLR 1.1.4322)"
118.173.232.230 - - [23/Nov/2008:12:31:42 -0500] "GET /home/images/quick/upper_line_inter.gif HTTP/1.1" 200 130 "http://www.xpolog-management.com/?gclid=CPuuwbLqi5cCFQvFbwodxCaQ_Q" "Mozilla/4.0 (compatible; MSIE 7.0; Windows NT 5.1; .NET CLR 1.1.4322)"
118.173.232.230 - - [23/Nov/2008:12:31:43 -0500] "GET /home/images/quick/download_inter.gif HTTP/1.1" 200 2070 "http://www.xpolog-management.com/?gclid=CPuuwbLqi5cCFQvFbwodxCaQ_Q" "Mozilla/4.0 (compatible; MSIE 7.0; Windows NT 5.1; .NET CLR 1.1.4322)"
118.173.232.230 - - [23/Nov/2008:12:31:43 -0500] "GET /home/images/quick/online_demo_inter.gif HTTP/1.1" 200 1684 "http://www.xpolog-management.com/?gclid=CPuuwbLqi5cCFQvFbwodxCaQ_Q" "Mozilla/4.0 (compatible; MSIE 7.0; Windows NT 5.1; .NET CLR 1.1.4322)"
118.173.232.230 - - [23/Nov/2008:12:31:44 -0500] "GET /home/images/quick/brochure_inter.gif HTTP/1.1" 200 1333 "http://www.xpolog-management.com/?gclid=CPuuwbLqi5cCFQvFbwodxCaQ_Q" "Mozilla/4.0 (compatible; MSIE 7.0; Windows NT 5.1; .NET CLR 1.1.4322)"
118.173.232.230 - - [23/Nov/2008:12:31:45 -0500] "GET /home/images/quick/icon.gif HTTP/1.1" 200 161 "http://www.xpolog-management.com/?gclid=CPuuwbLqi5cCFQvFbwodxCaQ_Q" "Mozilla/4.0 (compatible; MSIE 7.0; Windows NT 5.1; .NET CLR 1.1.4322)"
118.173.232.230 - - [23/Nov/2008:12:31:47 -0500] "GET /home/images/quick/header.gif HTTP/1.1" 200 305 "http://www.xpolog-management.com/?gclid=CPuuwbLqi5cCFQvFbwodxCaQ_Q" "Mozilla/4.0 (compatible; MSIE 7.0; Windows NT 5.1; .NET CLR 1.1.4322)"
88.166.73.24 - - [23/Nov/2008:12:31:46 -0500] "GET /home/downloads/index.jsp HTTP/1.1" 200 43987 "-" "Mozilla/4.0 (compatible; MSIE 7.0; Windows NT 5.1; .NET CLR 1.1.4322)"
