77.126.104.33 - - [23/Nov/2008:11:36:11 -0500] "GET /home/images/solutions/features-v.gif HTTP/1.1" 200 283 "http://www.xpolog.com/home/solutions/" "Opera/9.60 (Windows NT 5.1; U; en) Presto/2.1.1"
77.126.104.33 - - [23/Nov/2008:11:36:11 -0500] "GET /home/images/solutions/upper-box-line.gif HTTP/1.1" 200 350 "http://www.xpolog.com/home/solutions/" "Opera/9.60 (Windows NT 5.1; U; en) Presto/2.1.1"
77.126.104.33 - - [23/Nov/2008:11:36:11 -0500] "GET /home/images/solutions/lower-box-line.gif HTTP/1.1" 200 241 "http://www.xpolog.com/home/solutions/" "Opera/9.60 (Windows NT 5.1; U; en) Presto/2.1.1"
77.126.104.33 - - [23/Nov/2008:11:36:11 -0500] "GET /home/images/solutions/middle-box-line.gif HTTP/1.1" 200 894 "http://www.xpolog.com/home/solutions/" "Opera/9.60 (Windows NT 5.1; U; en) Presto/2.1.1"
77.126.104.33 - - [23/Nov/2008:11:36:11 -0500] "GET /home/images/solutions/logmgmtBackground.gif HTTP/1.1" 200 4930 "http://www.xpolog.com/home/solutions/" "Opera/9.60 (Windows NT 5.1; U; en) Presto/2.1.1"
77.126.104.33 - - [23/Nov/2008:11:36:11 -0500] "GET /home/images/solutions/minus-icon.gif HTTP/1.1" 200 70 "http://www.xpolog.com/home/solutions/" "Opera/9.60 (Windows NT 5.1; U; en) Presto/2.1.1"
77.126.104.33 - - [23/Nov/2008:11:36:11 -0500] "GET /home/images/products/manager-overview-1.gif HTTP/1.1" 200 5225 "http://www.xpolog.com/home/solutions/" "Opera/9.60 (Windows NT 5.1; U; en) Presto/2.1.1"
77.126.104.33 - - [23/Nov/2008:11:36:12 -0500] "GET /home/images/quick/download_inter.gif HTTP/1.1" 200 2070 "http://www.xpolog.com/home/solutions/" "Opera/9.60 (Windows NT 5.1; U; en) Presto/2.1.1"
77.126.104.33 - - [23/Nov/2008:11:36:12 -0500] "GET /home/images/products/quote.gif HTTP/1.1" 200 196 "http://www.xpolog.com/home/solutions/" "Opera/9.60 (Windows NT 5.1; U; en) Presto/2.1.1"
77.126.104.33 - - [23/Nov/2008:11:36:12 -0500] "GET /home/images/quick/upper_line_inter.gif HTTP/1.1" 200 130 "http://www.xpolog.com/home/solutions/" "Opera/9.60 (Windows NT 5.1; U; en) Presto/2.1.1"
77.126.104.33 - - [23/Nov/2008:11:36:12 -0500] "GET /home/images/quick/online_demo_inter.gif HTTP/1.1" 200 1684 "http://www.xpolog.com/home/solutions/" "Opera/9.60 (Windows NT 5.1; U; en) Presto/2.1.1"
77.126.104.33 - - [23/Nov/2008:11:36:12 -0500] "GET /home/images/quick/brochure_inter.gif HTTP/1.1" 200 1333 "http://www.xpolog.com/home/solutions/" "Opera/9.60 (Windows NT 5.1; U; en) Presto/2.1.1"
77.126.104.33 - - [23/Nov/2008:11:36:12 -0500] "GET /home/images/quick/mgmticon.gif HTTP/1.1" 200 392 "http://www.xpolog.com/home/solutions/" "Opera/9.60 (Windows NT 5.1; U; en) Presto/2.1.1"
77.126.104.33 - - [23/Nov/2008:11:36:12 -0500] "GET /home/images/quick/icon.gif HTTP/1.1" 200 161 "http://www.xpolog.com/home/solutions/" "Opera/9.60 (Windows NT 5.1; U; en) Presto/2.1.1"
77.126.104.33 - - [23/Nov/2008:11:36:12 -0500] "GET /home/images/quick/header.gif HTTP/1.1" 200 305 "http://www.xpolog.com/home/solutions/" "Opera/9.60 (Windows NT 5.1; U; en) Presto/2.1.1"
77.126.104.33 - - [23/Nov/2008:11:36:11 -0500] "GET /home/images/solutions/logmgmt.gif HTTP/1.1" 200 24164 "http://www.xpolog.com/home/solutions/" "Opera/9.60 (Windows NT 5.1; U; en) Presto/2.1.1"
77.126.104.33 - - [23/Nov/2008:11:36:12 -0500] "GET /home/images/quick/upper_line_inter_2.gif HTTP/1.1" 200 125 "http://www.xpolog.com/home/solutions/" "Opera/9.60 (Windows NT 5.1; U; en) Presto/2.1.1"
77.126.104.33 - - [23/Nov/2008:11:36:13 -0500] "GET /home/images/quick/lower_line_inter_2.gif HTTP/1.1" 200 125 "http://www.xpolog.com/home/solutions/" "Opera/9.60 (Windows NT 5.1; U; en) Presto/2.1.1"
77.126.104.33 - - [23/Nov/2008:11:36:13 -0500] "GET /home/images/quick/opicon.gif HTTP/1.1" 200 397 "http://www.xpolog.com/home/solutions/" "Opera/9.60 (Windows NT 5.1; U; en) Presto/2.1.1"
77.126.104.33 - - [23/Nov/2008:11:36:13 -0500] "GET /home/images/quick/appicon.gif HTTP/1.1" 200 396 "http://www.xpolog.com/home/solutions/" "Opera/9.60 (Windows NT 5.1; U; en) Presto/2.1.1"
77.126.104.33 - - [23/Nov/2008:11:36:13 -0500] "GET /home/images/quick/lower_line_inter.gif HTTP/1.1" 200 121 "http://www.xpolog.com/home/solutions/" "Opera/9.60 (Windows NT 5.1; U; en) Presto/2.1.1"
77.126.104.33 - - [23/Nov/2008:11:36:13 -0500] "GET /home/images/footer/v.gif HTTP/1.1" 200 176 "http://www.xpolog.com/home/solutions/" "Opera/9.60 (Windows NT 5.1; U; en) Presto/2.1.1"
77.126.104.33 - - [23/Nov/2008:11:36:13 -0500] "GET /home/images/footer/background.gif HTTP/1.1" 200 13744 "http://www.xpolog.com/home/solutions/" "Opera/9.60 (Windows NT 5.1; U; en) Presto/2.1.1"
59.161.159.62 - - [23/Nov/2008:11:36:16 -0500] "GET /home/images/downloads/downloadBtn.gif HTTP/1.1" 200 54 "http://www.log-viewer.com/log-viewer/" "Mozilla/4.0 (compatible; MSIE 6.0; Windows NT 5.1; SV1; .NET CLR 1.1.4322; .NET CLR 2.0.50727; .NET CLR 3.0.04506.30; .NET CLR 3.0.04506.648)"
88.6.242.25 - - [23/Nov/2008:11:36:39 -0500] "GET /home/css/xplg.css HTTP/1.1" 200 8720 "http://www.log-viewer.com/?gclid=CJDqvI7ei5cCFRMcQgodxVkC-w" "Mozilla/4.0 (compatible; MSIE 6.0; Windows NT 5.1; SV1)"
88.6.242.25 - - [23/Nov/2008:11:36:41 -0500] "GET /home/css/texts.css HTTP/1.1" 200 3369 "http://www.log-viewer.com/?gclid=CJDqvI7ei5cCFRMcQgodxVkC-w" "Mozilla/4.0 (compatible; MSIE 6.0; Windows NT 5.1; SV1)"
88.6.242.25 - - [23/Nov/2008:11:36:42 -0500] "GET /home/css/links.css HTTP/1.1" 200 30502 "http://www.log-viewer.com/?gclid=CJDqvI7ei5cCFRMcQgodxVkC-w" "Mozilla/4.0 (compatible; MSIE 6.0; Windows NT 5.1; SV1)"
88.6.242.25 - - [23/Nov/2008:11:36:45 -0500] "GET /home/images/home/logo.gif HTTP/1.1" 200 3128 "http://www.log-viewer.com/?gclid=CJDqvI7ei5cCFRMcQgodxVkC-w" "Mozilla/4.0 (compatible; MSIE 6.0; Windows NT 5.1; SV1)"
88.6.242.25 - - [23/Nov/2008:11:36:45 -0500] "GET /home/images/quick/upper_line_inter.gif HTTP/1.1" 200 130 "http://www.log-viewer.com/?gclid=CJDqvI7ei5cCFRMcQgodxVkC-w" "Mozilla/4.0 (compatible; MSIE 6.0; Windows NT 5.1; SV1)"
88.6.242.25 - - [23/Nov/2008:11:36:46 -0500] "GET /home/images/quick/download_inter.gif HTTP/1.1" 200 2070 "http://www.log-viewer.com/?gclid=CJDqvI7ei5cCFRMcQgodxVkC-w" "Mozilla/4.0 (compatible; MSIE 6.0; Windows NT 5.1; SV1)"
88.6.242.25 - - [23/Nov/2008:11:36:47 -0500] "GET /home/images/quick/online_demo_inter.gif HTTP/1.1" 200 1684 "http://www.log-viewer.com/?gclid=CJDqvI7ei5cCFRMcQgodxVkC-w" "Mozilla/4.0 (compatible; MSIE 6.0; Windows NT 5.1; SV1)"
59.161.159.62 - - [23/Nov/2008:11:36:47 -0500] "GET /home/css/menus.css HTTP/1.1" 200 8999 "http://www.xpolog.com/home/downloads/index.jsp" "Mozilla/4.0 (compatible; MSIE 6.0; Windows NT 5.1; SV1; .NET CLR 1.1.4322; .NET CLR 2.0.50727; .NET CLR 3.0.04506.30; .NET CLR 3.0.04506.648)"
88.6.242.25 - - [23/Nov/2008:11:36:48 -0500] "GET /home/images/quick/brochure_inter.gif HTTP/1.1" 200 1333 "http://www.log-viewer.com/?gclid=CJDqvI7ei5cCFRMcQgodxVkC-w" "Mozilla/4.0 (compatible; MSIE 6.0; Windows NT 5.1; SV1)"
88.6.242.25 - - [23/Nov/2008:11:36:49 -0500] "GET /home/images/quick/appicon.gif HTTP/1.1" 200 396 "http://www.log-viewer.com/?gclid=CJDqvI7ei5cCFRMcQgodxVkC-w" "Mozilla/4.0 (compatible; MSIE 6.0; Windows NT 5.1; SV1)"
88.6.242.25 - - [23/Nov/2008:11:36:50 -0500] "GET /home/images/quick/header.gif HTTP/1.1" 200 305 "http://www.log-viewer.com/?gclid=CJDqvI7ei5cCFRMcQgodxVkC-w" "Mozilla/4.0 (compatible; MSIE 6.0; Windows NT 5.1; SV1)"
59.161.159.62 - - [23/Nov/2008:11:36:44 -0500] "GET /home/downloads/index.jsp HTTP/1.1" 200 43987 "http://www.log-viewer.com/log-viewer/" "Mozilla/4.0 (compatible; MSIE 6.0; Windows NT 5.1; SV1; .NET CLR 1.1.4322; .NET CLR 2.0.50727; .NET CLR 3.0.04506.30; .NET CLR 3.0.04506.648)"
88.6.242.25 - - [23/Nov/2008:11:36:50 -0500] "GET /home/images/quick/opicon.gif HTTP/1.1" 200 397 "http://www.log-viewer.com/?gclid=CJDqvI7ei5cCFRMcQgodxVkC-w" "Mozilla/4.0 (compatible; MSIE 6.0; Windows NT 5.1; SV1)"
88.6.242.25 - - [23/Nov/2008:11:36:51 -0500] "GET /home/images/quick/icon.gif HTTP/1.1" 200 161 "http://www.log-viewer.com/?gclid=CJDqvI7ei5cCFRMcQgodxVkC-w" "Mozilla/4.0 (compatible; MSIE 6.0; Windows NT 5.1; SV1)"
88.6.242.25 - - [23/Nov/2008:11:36:51 -0500] "GET /home/images/quick/upper_line_inter_2.gif HTTP/1.1" 200 125 "http://www.log-viewer.com/?gclid=CJDqvI7ei5cCFRMcQgodxVkC-w" "Mozilla/4.0 (compatible; MSIE 6.0; Windows NT 5.1; SV1)"
88.6.242.25 - - [23/Nov/2008:11:36:52 -0500] "GET /home/images/quick/lower_line_inter_2.gif HTTP/1.1" 200 125 "http://www.log-viewer.com/?gclid=CJDqvI7ei5cCFRMcQgodxVkC-w" "Mozilla/4.0 (compatible; MSIE 6.0; Windows NT 5.1; SV1)"
88.6.242.25 - - [23/Nov/2008:11:36:52 -0500] "GET /home/images/quick/lower_line_inter.gif HTTP/1.1" 200 121 "http://www.log-viewer.com/?gclid=CJDqvI7ei5cCFRMcQgodxVkC-w" "Mozilla/4.0 (compatible; MSIE 6.0; Windows NT 5.1; SV1)"
88.6.242.25 - - [23/Nov/2008:11:36:53 -0500] "GET /home/images/logviewer/linux.gif HTTP/1.1" 200 1891 "http://www.log-viewer.com/?gclid=CJDqvI7ei5cCFRMcQgodxVkC-w" "Mozilla/4.0 (compatible; MSIE 6.0; Windows NT 5.1; SV1)"
88.6.242.25 - - [23/Nov/2008:11:36:53 -0500] "GET /home/images/logviewer/iis.gif HTTP/1.1" 200 1567 "http://www.log-viewer.com/?gclid=CJDqvI7ei5cCFRMcQgodxVkC-w" "Mozilla/4.0 (compatible; MSIE 6.0; Windows NT 5.1; SV1)"
88.6.242.25 - - [23/Nov/2008:11:36:54 -0500] "GET /home/images/logviewer/homeSnap.gif HTTP/1.1" 200 8883 "http://www.log-viewer.com/?gclid=CJDqvI7ei5cCFRMcQgodxVkC-w" "Mozilla/4.0 (compatible; MSIE 6.0; Windows NT 5.1; SV1)"
88.6.242.25 - - [23/Nov/2008:11:36:54 -0500] "GET /home/images/downloads/download-button.gif HTTP/1.1" 200 1426 "http://www.log-viewer.com/?gclid=CJDqvI7ei5cCFRMcQgodxVkC-w" "Mozilla/4.0 (compatible; MSIE 6.0; Windows NT 5.1; SV1)"
88.6.242.25 - - [23/Nov/2008:11:36:55 -0500] "GET /home/images/logviewer/apache.gif HTTP/1.1" 200 1460 "http://www.log-viewer.com/?gclid=CJDqvI7ei5cCFRMcQgodxVkC-w" "Mozilla/4.0 (compatible; MSIE 6.0; Windows NT 5.1; SV1)"
88.6.242.25 - - [23/Nov/2008:11:36:55 -0500] "GET /home/images/logviewer/report.gif HTTP/1.1" 200 6164 "http://www.log-viewer.com/?gclid=CJDqvI7ei5cCFRMcQgodxVkC-w" "Mozilla/4.0 (compatible; MSIE 6.0; Windows NT 5.1; SV1)"
59.161.159.62 - - [23/Nov/2008:11:36:52 -0500] "GET /home/scripts/coolmenus4.js HTTP/1.1" 200 25713 "http://www.xpolog.com/home/downloads/index.jsp" "Mozilla/4.0 (compatible; MSIE 6.0; Windows NT 5.1; SV1; .NET CLR 1.1.4322; .NET CLR 2.0.50727; .NET CLR 3.0.04506.30; .NET CLR 3.0.04506.648)"
88.6.242.25 - - [23/Nov/2008:11:36:56 -0500] "GET /home/images/logviewer/log4j.gif HTTP/1.1" 200 2026 "http://www.log-viewer.com/?gclid=CJDqvI7ei5cCFRMcQgodxVkC-w" "Mozilla/4.0 (compatible; MSIE 6.0; Windows NT 5.1; SV1)"
88.6.242.25 - - [23/Nov/2008:11:36:57 -0500] "GET /home/images/logviewer/aspnet.gif HTTP/1.1" 200 1513 "http://www.log-viewer.com/?gclid=CJDqvI7ei5cCFRMcQgodxVkC-w" "Mozilla/4.0 (compatible; MSIE 6.0; Windows NT 5.1; SV1)"
88.6.242.25 - - [23/Nov/2008:11:36:57 -0500] "GET /home/images/logviewer/dashboard.gif HTTP/1.1" 200 6560 "http://www.log-viewer.com/?gclid=CJDqvI7ei5cCFRMcQgodxVkC-w" "Mozilla/4.0 (compatible; MSIE 6.0; Windows NT 5.1; SV1)"
88.6.242.25 - - [23/Nov/2008:11:36:57 -0500] "GET /home/images/logviewer/transaction.gif HTTP/1.1" 200 5449 "http://www.log-viewer.com/?gclid=CJDqvI7ei5cCFRMcQgodxVkC-w" "Mozilla/4.0 (compatible; MSIE 6.0; Windows NT 5.1; SV1)"
59.161.159.62 - - [23/Nov/2008:11:36:58 -0500] "GET /home/scripts/iframebackground.html HTTP/1.1" 200 67 "http://www.xpolog.com/home/downloads/index.jsp" "Mozilla/4.0 (compatible; MSIE 6.0; Windows NT 5.1; SV1; .NET CLR 1.1.4322; .NET CLR 2.0.50727; .NET CLR 3.0.04506.30; .NET CLR 3.0.04506.648)"
59.161.159.62 - - [23/Nov/2008:11:37:00 -0500] "GET /home/scripts/iframebackground.html HTTP/1.1" 200 67 "http://www.xpolog.com/home/downloads/index.jsp" "Mozilla/4.0 (compatible; MSIE 6.0; Windows NT 5.1; SV1; .NET CLR 1.1.4322; .NET CLR 2.0.50727; .NET CLR 3.0.04506.30; .NET CLR 3.0.04506.648)"
88.6.242.25 - - [23/Nov/2008:11:37:04 -0500] "GET /home/images/downloads/downloadBtn.gif HTTP/1.1" 200 54 "http://www.log-viewer.com/iis-apache-log-viewer/" "Mozilla/4.0 (compatible; MSIE 6.0; Windows NT 5.1; SV1)"
59.161.159.62 - - [23/Nov/2008:11:37:04 -0500] "GET /home/scripts/iframebackground.html HTTP/1.1" 200 67 "http://www.xpolog.com/home/downloads/index.jsp" "Mozilla/4.0 (compatible; MSIE 6.0; Windows NT 5.1; SV1; .NET CLR 1.1.4322; .NET CLR 2.0.50727; .NET CLR 3.0.04506.30; .NET CLR 3.0.04506.648)"
59.161.159.62 - - [23/Nov/2008:11:37:05 -0500] "GET /home/scripts/iframebackground.html HTTP/1.1" 200 67 "http://www.xpolog.com/home/downloads/index.jsp" "Mozilla/4.0 (compatible; MSIE 6.0; Windows NT 5.1; SV1; .NET CLR 1.1.4322; .NET CLR 2.0.50727; .NET CLR 3.0.04506.30; .NET CLR 3.0.04506.648)"
59.161.159.62 - - [23/Nov/2008:11:37:07 -0500] "GET /home/scripts/iframebackground.html HTTP/1.1" 200 67 "http://www.xpolog.com/home/downloads/index.jsp" "Mozilla/4.0 (compatible; MSIE 6.0; Windows NT 5.1; SV1; .NET CLR 1.1.4322; .NET CLR 2.0.50727; .NET CLR 3.0.04506.30; .NET CLR 3.0.04506.648)"
59.161.159.62 - - [23/Nov/2008:11:37:07 -0500] "GET /home/scripts/iframebackground.html HTTP/1.1" 200 67 "http://www.xpolog.com/home/downloads/index.jsp" "Mozilla/4.0 (compatible; MSIE 6.0; Windows NT 5.1; SV1; .NET CLR 1.1.4322; .NET CLR 2.0.50727; .NET CLR 3.0.04506.30; .NET CLR 3.0.04506.648)"
59.161.159.62 - - [23/Nov/2008:11:37:08 -0500] "GET /home/scripts/iframebackground.html HTTP/1.1" 200 67 "http://www.xpolog.com/home/downloads/index.jsp" "Mozilla/4.0 (compatible; MSIE 6.0; Windows NT 5.1; SV1; .NET CLR 1.1.4322; .NET CLR 2.0.50727; .NET CLR 3.0.04506.30; .NET CLR 3.0.04506.648)"
59.161.159.62 - - [23/Nov/2008:11:37:10 -0500] "GET /home/scripts/iframebackground.html HTTP/1.1" 200 67 "http://www.xpolog.com/home/downloads/index.jsp" "Mozilla/4.0 (compatible; MSIE 6.0; Windows NT 5.1; SV1; .NET CLR 1.1.4322; .NET CLR 2.0.50727; .NET CLR 3.0.04506.30; .NET CLR 3.0.04506.648)"
59.161.159.62 - - [23/Nov/2008:11:37:21 -0500] "GET /home/scripts/iframebackground.html HTTP/1.1" 200 67 "http://www.xpolog.com/home/downloads/index.jsp" "Mozilla/4.0 (compatible; MSIE 6.0; Windows NT 5.1; SV1; .NET CLR 1.1.4322; .NET CLR 2.0.50727; .NET CLR 3.0.04506.30; .NET CLR 3.0.04506.648)"
88.6.242.25 - - [23/Nov/2008:11:37:23 -0500] "GET /home/css/menus.css HTTP/1.1" 200 8999 "http://www.xpolog.com/home/downloads/index.jsp" "Mozilla/4.0 (compatible; MSIE 6.0; Windows NT 5.1; SV1)"
77.92.242.252 - - [23/Nov/2008:11:37:25 -0500] "GET /home/css/xplg.css HTTP/1.1" 200 8720 "http://www.log-viewer.com/?gclid=CJPWmKTei5cCFRmMugodyGFM-w" "Mozilla/4.0 (compatible; MSIE 7.0; Windows NT 5.1; FunWebProducts; .NET CLR 2.0.50727)"
88.6.242.25 - - [23/Nov/2008:11:37:17 -0500] "GET /home/downloads/index.jsp HTTP/1.1" 200 43987 "http://www.log-viewer.com/iis-apache-log-viewer/" "Mozilla/4.0 (compatible; MSIE 6.0; Windows NT 5.1; SV1)"
88.6.242.25 - - [23/Nov/2008:11:37:24 -0500] "GET /home/scripts/coolmenus4.js HTTP/1.1" 200 25713 "http://www.xpolog.com/home/downloads/index.jsp" "Mozilla/4.0 (compatible; MSIE 6.0; Windows NT 5.1; SV1)"
88.6.242.25 - - [23/Nov/2008:11:37:27 -0500] "GET /home/scripts/iframebackground.html HTTP/1.1" 200 67 "http://www.xpolog.com/home/downloads/index.jsp" "Mozilla/4.0 (compatible; MSIE 6.0; Windows NT 5.1; SV1)"
88.6.242.25 - - [23/Nov/2008:11:37:27 -0500] "GET /home/scripts/iframebackground.html HTTP/1.1" 200 67 "http://www.xpolog.com/home/downloads/index.jsp" "Mozilla/4.0 (compatible; MSIE 6.0; Windows NT 5.1; SV1)"
88.6.242.25 - - [23/Nov/2008:11:37:28 -0500] "GET /home/scripts/iframebackground.html HTTP/1.1" 200 67 "http://www.xpolog.com/home/downloads/index.jsp" "Mozilla/4.0 (compatible; MSIE 6.0; Windows NT 5.1; SV1)"
88.6.242.25 - - [23/Nov/2008:11:37:28 -0500] "GET /home/scripts/iframebackground.html HTTP/1.1" 200 67 "http://www.xpolog.com/home/downloads/index.jsp" "Mozilla/4.0 (compatible; MSIE 6.0; Windows NT 5.1; SV1)"
88.6.242.25 - - [23/Nov/2008:11:37:29 -0500] "GET /home/scripts/iframebackground.html HTTP/1.1" 200 67 "http://www.xpolog.com/home/downloads/index.jsp" "Mozilla/4.0 (compatible; MSIE 6.0; Windows NT 5.1; SV1)"
77.92.242.252 - - [23/Nov/2008:11:37:27 -0500] "GET /home/css/links.css HTTP/1.1" 200 30502 "http://www.log-viewer.com/?gclid=CJPWmKTei5cCFRmMugodyGFM-w" "Mozilla/4.0 (compatible; MSIE 7.0; Windows NT 5.1; FunWebProducts; .NET CLR 2.0.50727)"
88.6.242.25 - - [23/Nov/2008:11:37:29 -0500] "GET /home/scripts/iframebackground.html HTTP/1.1" 200 67 "http://www.xpolog.com/home/downloads/index.jsp" "Mozilla/4.0 (compatible; MSIE 6.0; Windows NT 5.1; SV1)"
77.92.242.252 - - [23/Nov/2008:11:37:30 -0500] "GET /home/css/texts.css HTTP/1.1" 200 3369 "http://www.log-viewer.com/?gclid=CJPWmKTei5cCFRmMugodyGFM-w" "Mozilla/4.0 (compatible; MSIE 7.0; Windows NT 5.1; FunWebProducts; .NET CLR 2.0.50727)"
88.6.242.25 - - [23/Nov/2008:11:37:30 -0500] "GET /home/scripts/iframebackground.html HTTP/1.1" 200 67 "http://www.xpolog.com/home/downloads/index.jsp" "Mozilla/4.0 (compatible; MSIE 6.0; Windows NT 5.1; SV1)"
77.92.242.252 - - [23/Nov/2008:11:37:31 -0500] "GET /home/images/home/logo.gif HTTP/1.1" 200 3128 "http://www.log-viewer.com/?gclid=CJPWmKTei5cCFRmMugodyGFM-w" "Mozilla/4.0 (compatible; MSIE 7.0; Windows NT 5.1; FunWebProducts; .NET CLR 2.0.50727)"
77.92.242.252 - - [23/Nov/2008:11:37:31 -0500] "GET /home/images/quick/upper_line_inter.gif HTTP/1.1" 200 130 "http://www.log-viewer.com/?gclid=CJPWmKTei5cCFRmMugodyGFM-w" "Mozilla/4.0 (compatible; MSIE 7.0; Windows NT 5.1; FunWebProducts; .NET CLR 2.0.50727)"
88.6.242.25 - - [23/Nov/2008:11:37:31 -0500] "GET /home/scripts/iframebackground.html HTTP/1.1" 200 67 "http://www.xpolog.com/home/downloads/index.jsp" "Mozilla/4.0 (compatible; MSIE 6.0; Windows NT 5.1; SV1)"
88.6.242.25 - - [23/Nov/2008:11:37:32 -0500] "GET /home/scripts/iframebackground.html HTTP/1.1" 200 67 "http://www.xpolog.com/home/downloads/index.jsp" "Mozilla/4.0 (compatible; MSIE 6.0; Windows NT 5.1; SV1)"
77.92.242.252 - - [23/Nov/2008:11:37:32 -0500] "GET /home/images/quick/download_inter.gif HTTP/1.1" 200 2070 "http://www.log-viewer.com/?gclid=CJPWmKTei5cCFRmMugodyGFM-w" "Mozilla/4.0 (compatible; MSIE 7.0; Windows NT 5.1; FunWebProducts; .NET CLR 2.0.50727)"
59.161.159.62 - - [23/Nov/2008:11:37:32 -0500] "GET /home/scripts/iframebackground.html HTTP/1.1" 200 67 "http://www.xpolog.com/home/downloads/index.jsp" "Mozilla/4.0 (compatible; MSIE 6.0; Windows NT 5.1; SV1; .NET CLR 1.1.4322; .NET CLR 2.0.50727; .NET CLR 3.0.04506.30; .NET CLR 3.0.04506.648)"
77.92.242.252 - - [23/Nov/2008:11:37:32 -0500] "GET /home/images/quick/online_demo_inter.gif HTTP/1.1" 200 1684 "http://www.log-viewer.com/?gclid=CJPWmKTei5cCFRmMugodyGFM-w" "Mozilla/4.0 (compatible; MSIE 7.0; Windows NT 5.1; FunWebProducts; .NET CLR 2.0.50727)"
88.6.242.25 - - [23/Nov/2008:11:37:32 -0500] "GET /home/scripts/iframebackground.html HTTP/1.1" 200 67 "http://www.xpolog.com/home/downloads/index.jsp" "Mozilla/4.0 (compatible; MSIE 6.0; Windows NT 5.1; SV1)"
88.6.242.25 - - [23/Nov/2008:11:37:33 -0500] "GET /home/scripts/iframebackground.html HTTP/1.1" 200 67 "http://www.xpolog.com/home/downloads/index.jsp" "Mozilla/4.0 (compatible; MSIE 6.0; Windows NT 5.1; SV1)"
88.6.242.25 - - [23/Nov/2008:11:37:33 -0500] "GET /home/scripts/iframebackground.html HTTP/1.1" 200 67 "http://www.xpolog.com/home/downloads/index.jsp" "Mozilla/4.0 (compatible; MSIE 6.0; Windows NT 5.1; SV1)"
88.6.242.25 - - [23/Nov/2008:11:37:34 -0500] "GET /home/scripts/iframebackground.html HTTP/1.1" 200 67 "http://www.xpolog.com/home/downloads/index.jsp" "Mozilla/4.0 (compatible; MSIE 6.0; Windows NT 5.1; SV1)"
59.161.159.62 - - [23/Nov/2008:11:37:34 -0500] "GET /home/scripts/iframebackground.html HTTP/1.1" 200 67 "http://www.xpolog.com/home/downloads/index.jsp" "Mozilla/4.0 (compatible; MSIE 6.0; Windows NT 5.1; SV1; .NET CLR 1.1.4322; .NET CLR 2.0.50727; .NET CLR 3.0.04506.30; .NET CLR 3.0.04506.648)"
88.6.242.25 - - [23/Nov/2008:11:37:34 -0500] "GET /home/images/downloads/windows.gif HTTP/1.1" 200 1982 "http://www.xpolog.com/home/downloads/index.jsp" "Mozilla/4.0 (compatible; MSIE 6.0; Windows NT 5.1; SV1)"
88.6.242.25 - - [23/Nov/2008:11:37:34 -0500] "GET /home/images/downloads/downloads.gif HTTP/1.1" 200 22028 "http://www.xpolog.com/home/downloads/index.jsp" "Mozilla/4.0 (compatible; MSIE 6.0; Windows NT 5.1; SV1)"
88.6.242.25 - - [23/Nov/2008:11:37:35 -0500] "GET /home/images/downloads/linux.gif HTTP/1.1" 200 1758 "http://www.xpolog.com/home/downloads/index.jsp" "Mozilla/4.0 (compatible; MSIE 6.0; Windows NT 5.1; SV1)"
88.6.242.25 - - [23/Nov/2008:11:37:36 -0500] "GET /home/images/downloads/j2ee.gif HTTP/1.1" 200 3039 "http://www.xpolog.com/home/downloads/index.jsp" "Mozilla/4.0 (compatible; MSIE 6.0; Windows NT 5.1; SV1)"
88.6.242.25 - - [23/Nov/2008:11:37:37 -0500] "GET /home/images/downloads/solaris.gif HTTP/1.1" 200 2513 "http://www.xpolog.com/home/downloads/index.jsp" "Mozilla/4.0 (compatible; MSIE 6.0; Windows NT 5.1; SV1)"
88.6.242.25 - - [23/Nov/2008:11:37:38 -0500] "GET /home/images/quick/mgmticon.gif HTTP/1.1" 200 392 "http://www.xpolog.com/home/downloads/index.jsp" "Mozilla/4.0 (compatible; MSIE 6.0; Windows NT 5.1; SV1)"
88.6.242.25 - - [23/Nov/2008:11:37:39 -0500] "GET /home/images/footer/background.gif HTTP/1.1" 200 13744 "http://www.xpolog.com/home/downloads/index.jsp" "Mozilla/4.0 (compatible; MSIE 6.0; Windows NT 5.1; SV1)"
59.161.159.62 - - [23/Nov/2008:11:37:40 -0500] "GET /home/contents/downloads/trialAction.jsp?downloadType=win HTTP/1.1" 302 - "http://www.xpolog.com/home/downloads/index.jsp" "Mozilla/4.0 (compatible; MSIE 6.0; Windows NT 5.1; SV1; .NET CLR 1.1.4322; .NET CLR 2.0.50727; .NET CLR 3.0.04506.30; .NET CLR 3.0.04506.648)"
88.6.242.25 - - [23/Nov/2008:11:37:41 -0500] "GET /home/images/footer/v.gif HTTP/1.1" 200 176 "http://www.xpolog.com/home/downloads/index.jsp" "Mozilla/4.0 (compatible; MSIE 6.0; Windows NT 5.1; SV1)"
88.6.242.25 - - [23/Nov/2008:11:37:42 -0500] "GET /home/images/footer/download_btn.gif HTTP/1.1" 200 591 "http://www.xpolog.com/home/downloads/index.jsp" "Mozilla/4.0 (compatible; MSIE 6.0; Windows NT 5.1; SV1)"
88.6.242.25 - - [23/Nov/2008:11:37:42 -0500] "GET /home/contents/downloads/trialAction.jsp?downloadType=win HTTP/1.1" 302 - "-" "Mozilla/4.0 (compatible; MSIE 6.0; Windows NT 5.1; SV1)"
88.6.242.25 - - [23/Nov/2008:11:37:43 -0500] "GET /home/master/xplgMaster_downloads_trial_registration.jsp HTTP/1.1" 200 26359 "-" "Mozilla/4.0 (compatible; MSIE 6.0; Windows NT 5.1; SV1)"
88.6.242.25 - - [23/Nov/2008:11:37:46 -0500] "GET /home/images/downloads/reg-download.gif HTTP/1.1" 200 1975 "http://www.xpolog.com/home/master/xplgMaster_downloads_trial_registration.jsp" "Mozilla/4.0 (compatible; MSIE 6.0; Windows NT 5.1; SV1)"
88.6.242.25 - - [23/Nov/2008:11:37:49 -0500] "GET /home/images/footer/download_btn.gif HTTP/1.1" 200 591 "http://www.xpolog.com/home/master/xplgMaster_downloads_trial_registration.jsp" "Mozilla/4.0 (compatible; MSIE 6.0; Windows NT 5.1; SV1)"
88.6.242.25 - - [23/Nov/2008:11:37:49 -0500] "GET /home/images/downloads/input.gif HTTP/1.1" 200 863 "http://www.xpolog.com/home/master/xplgMaster_downloads_trial_registration.jsp" "Mozilla/4.0 (compatible; MSIE 6.0; Windows NT 5.1; SV1)"
59.161.159.62 - - [23/Nov/2008:11:37:42 -0500] "GET /home/master/xplgMaster_downloads_trial_registration.jsp HTTP/1.1" 500 9760 "http://www.xpolog.com/home/downloads/index.jsp" "Mozilla/4.0 (compatible; MSIE 6.0; Windows NT 5.1; SV1; .NET CLR 1.1.4322; .NET CLR 2.0.50727; .NET CLR 3.0.04506.30; .NET CLR 3.0.04506.648)"
59.161.159.62 - - [23/Nov/2008:11:38:11 -0500] "GET /home/contents/downloads/trialAction.jsp?downloadType=win HTTP/1.1" 302 - "-" "Mozilla/4.0 (compatible; MSIE 6.0; Windows NT 5.1; SV1; .NET CLR 1.1.4322; .NET CLR 2.0.50727; .NET CLR 3.0.04506.30; .NET CLR 3.0.04506.648)"
59.161.159.62 - - [23/Nov/2008:11:38:13 -0500] "GET /home/contents/downloads/trialAction.jsp?downloadType=win HTTP/1.1" 302 - "-" "Mozilla/4.0 (compatible; MSIE 6.0; Windows NT 5.1; SV1; .NET CLR 1.1.4322; .NET CLR 2.0.50727; .NET CLR 3.0.04506.30; .NET CLR 3.0.04506.648)"
72.152.150.147 - - [23/Nov/2008:11:38:50 -0500] "GET /home/css/xplg.css HTTP/1.1" 200 8720 "http://www.log-viewer.com/?gclid=CIDI_83ei5cCFRJexwodxU8gcw" "Mozilla/5.0 (Windows; U; Windows NT 5.1; en-US; rv:1.8.1.18) Gecko/20081029 Firefox/2.0.0.18"
72.152.150.147 - - [23/Nov/2008:11:38:50 -0500] "GET /home/css/links.css HTTP/1.1" 200 30502 "http://www.log-viewer.com/?gclid=CIDI_83ei5cCFRJexwodxU8gcw" "Mozilla/5.0 (Windows; U; Windows NT 5.1; en-US; rv:1.8.1.18) Gecko/20081029 Firefox/2.0.0.18"
72.152.150.147 - - [23/Nov/2008:11:38:51 -0500] "GET /home/css/texts.css HTTP/1.1" 200 3369 "http://www.log-viewer.com/?gclid=CIDI_83ei5cCFRJexwodxU8gcw" "Mozilla/5.0 (Windows; U; Windows NT 5.1; en-US; rv:1.8.1.18) Gecko/20081029 Firefox/2.0.0.18"
72.152.150.147 - - [23/Nov/2008:11:38:51 -0500] "GET /home/images/home/logo.gif HTTP/1.1" 200 3128 "http://www.log-viewer.com/?gclid=CIDI_83ei5cCFRJexwodxU8gcw" "Mozilla/5.0 (Windows; U; Windows NT 5.1; en-US; rv:1.8.1.18) Gecko/20081029 Firefox/2.0.0.18"
72.152.150.147 - - [23/Nov/2008:11:38:51 -0500] "GET /home/images/quick/download_inter.gif HTTP/1.1" 200 2070 "http://www.log-viewer.com/?gclid=CIDI_83ei5cCFRJexwodxU8gcw" "Mozilla/5.0 (Windows; U; Windows NT 5.1; en-US; rv:1.8.1.18) Gecko/20081029 Firefox/2.0.0.18"
72.152.150.147 - - [23/Nov/2008:11:38:51 -0500] "GET /home/images/quick/online_demo_inter.gif HTTP/1.1" 200 1684 "http://www.log-viewer.com/?gclid=CIDI_83ei5cCFRJexwodxU8gcw" "Mozilla/5.0 (Windows; U; Windows NT 5.1; en-US; rv:1.8.1.18) Gecko/20081029 Firefox/2.0.0.18"
72.152.150.147 - - [23/Nov/2008:11:38:52 -0500] "GET /home/images/quick/brochure_inter.gif HTTP/1.1" 200 1333 "http://www.log-viewer.com/?gclid=CIDI_83ei5cCFRJexwodxU8gcw" "Mozilla/5.0 (Windows; U; Windows NT 5.1; en-US; rv:1.8.1.18) Gecko/20081029 Firefox/2.0.0.18"
92.80.155.150 - - [23/Nov/2008:11:38:52 -0500] "GET /home/css/xplg.css HTTP/1.1" 200 8720 "http://www.xpolog-management.com/?gclid=CK2wiM7ei5cCFQ5cQgodwFtx-A" "Mozilla/4.0 (compatible; MSIE 6.0; Windows NT 5.1; SV1; SIMBAR={36044255-5480-42EE-83A1-D3F58F802AF1})"
72.152.150.147 - - [23/Nov/2008:11:38:52 -0500] "GET /home/images/quick/icon.gif HTTP/1.1" 200 161 "http://www.log-viewer.com/?gclid=CIDI_83ei5cCFRJexwodxU8gcw" "Mozilla/5.0 (Windows; U; Windows NT 5.1; en-US; rv:1.8.1.18) Gecko/20081029 Firefox/2.0.0.18"
72.152.150.147 - - [23/Nov/2008:11:38:52 -0500] "GET /home/images/quick/appicon.gif HTTP/1.1" 200 396 "http://www.log-viewer.com/?gclid=CIDI_83ei5cCFRJexwodxU8gcw" "Mozilla/5.0 (Windows; U; Windows NT 5.1; en-US; rv:1.8.1.18) Gecko/20081029 Firefox/2.0.0.18"
72.152.150.147 - - [23/Nov/2008:11:38:52 -0500] "GET /home/images/quick/opicon.gif HTTP/1.1" 200 397 "http://www.log-viewer.com/?gclid=CIDI_83ei5cCFRJexwodxU8gcw" "Mozilla/5.0 (Windows; U; Windows NT 5.1; en-US; rv:1.8.1.18) Gecko/20081029 Firefox/2.0.0.18"
72.152.150.147 - - [23/Nov/2008:11:38:52 -0500] "GET /home/images/quick/upper_line_inter_2.gif HTTP/1.1" 200 125 "http://www.log-viewer.com/?gclid=CIDI_83ei5cCFRJexwodxU8gcw" "Mozilla/5.0 (Windows; U; Windows NT 5.1; en-US; rv:1.8.1.18) Gecko/20081029 Firefox/2.0.0.18"
72.152.150.147 - - [23/Nov/2008:11:38:52 -0500] "GET /home/images/quick/lower_line_inter_2.gif HTTP/1.1" 200 125 "http://www.log-viewer.com/?gclid=CIDI_83ei5cCFRJexwodxU8gcw" "Mozilla/5.0 (Windows; U; Windows NT 5.1; en-US; rv:1.8.1.18) Gecko/20081029 Firefox/2.0.0.18"
92.80.155.150 - - [23/Nov/2008:11:38:52 -0500] "GET /home/css/texts.css HTTP/1.1" 200 3369 "http://www.xpolog-management.com/?gclid=CK2wiM7ei5cCFQ5cQgodwFtx-A" "Mozilla/4.0 (compatible; MSIE 6.0; Windows NT 5.1; SV1; SIMBAR={36044255-5480-42EE-83A1-D3F58F802AF1})"
72.152.150.147 - - [23/Nov/2008:11:38:52 -0500] "GET /home/images/quick/lower_line_inter.gif HTTP/1.1" 200 121 "http://www.log-viewer.com/?gclid=CIDI_83ei5cCFRJexwodxU8gcw" "Mozilla/5.0 (Windows; U; Windows NT 5.1; en-US; rv:1.8.1.18) Gecko/20081029 Firefox/2.0.0.18"
72.152.150.147 - - [23/Nov/2008:11:38:53 -0500] "GET /home/images/logviewer/iis.gif HTTP/1.1" 200 1567 "http://www.log-viewer.com/?gclid=CIDI_83ei5cCFRJexwodxU8gcw" "Mozilla/5.0 (Windows; U; Windows NT 5.1; en-US; rv:1.8.1.18) Gecko/20081029 Firefox/2.0.0.18"
72.152.150.147 - - [23/Nov/2008:11:38:53 -0500] "GET /home/images/logviewer/linux.gif HTTP/1.1" 200 1891 "http://www.log-viewer.com/?gclid=CIDI_83ei5cCFRJexwodxU8gcw" "Mozilla/5.0 (Windows; U; Windows NT 5.1; en-US; rv:1.8.1.18) Gecko/20081029 Firefox/2.0.0.18"
72.152.150.147 - - [23/Nov/2008:11:38:53 -0500] "GET /home/images/logviewer/homeSnap.gif HTTP/1.1" 200 8883 "http://www.log-viewer.com/?gclid=CIDI_83ei5cCFRJexwodxU8gcw" "Mozilla/5.0 (Windows; U; Windows NT 5.1; en-US; rv:1.8.1.18) Gecko/20081029 Firefox/2.0.0.18"
72.152.150.147 - - [23/Nov/2008:11:38:53 -0500] "GET /home/images/downloads/download-button.gif HTTP/1.1" 200 1426 "http://www.log-viewer.com/?gclid=CIDI_83ei5cCFRJexwodxU8gcw" "Mozilla/5.0 (Windows; U; Windows NT 5.1; en-US; rv:1.8.1.18) Gecko/20081029 Firefox/2.0.0.18"
72.152.150.147 - - [23/Nov/2008:11:38:53 -0500] "GET /home/images/logviewer/apache.gif HTTP/1.1" 200 1460 "http://www.log-viewer.com/?gclid=CIDI_83ei5cCFRJexwodxU8gcw" "Mozilla/5.0 (Windows; U; Windows NT 5.1; en-US; rv:1.8.1.18) Gecko/20081029 Firefox/2.0.0.18"
72.152.150.147 - - [23/Nov/2008:11:38:53 -0500] "GET /home/images/logviewer/report.gif HTTP/1.1" 200 6164 "http://www.log-viewer.com/?gclid=CIDI_83ei5cCFRJexwodxU8gcw" "Mozilla/5.0 (Windows; U; Windows NT 5.1; en-US; rv:1.8.1.18) Gecko/20081029 Firefox/2.0.0.18"
72.152.150.147 - - [23/Nov/2008:11:38:54 -0500] "GET /home/images/logviewer/log4j.gif HTTP/1.1" 200 2026 "http://www.log-viewer.com/?gclid=CIDI_83ei5cCFRJexwodxU8gcw" "Mozilla/5.0 (Windows; U; Windows NT 5.1; en-US; rv:1.8.1.18) Gecko/20081029 Firefox/2.0.0.18"
72.152.150.147 - - [23/Nov/2008:11:38:54 -0500] "GET /home/images/logviewer/aspnet.gif HTTP/1.1" 200 1513 "http://www.log-viewer.com/?gclid=CIDI_83ei5cCFRJexwodxU8gcw" "Mozilla/5.0 (Windows; U; Windows NT 5.1; en-US; rv:1.8.1.18) Gecko/20081029 Firefox/2.0.0.18"
72.152.150.147 - - [23/Nov/2008:11:38:54 -0500] "GET /home/images/quick/upper_line_inter.gif HTTP/1.1" 200 130 "http://www.log-viewer.com/?gclid=CIDI_83ei5cCFRJexwodxU8gcw" "Mozilla/5.0 (Windows; U; Windows NT 5.1; en-US; rv:1.8.1.18) Gecko/20081029 Firefox/2.0.0.18"
72.152.150.147 - - [23/Nov/2008:11:38:54 -0500] "GET /home/images/logviewer/transaction.gif HTTP/1.1" 200 5449 "http://www.log-viewer.com/?gclid=CIDI_83ei5cCFRJexwodxU8gcw" "Mozilla/5.0 (Windows; U; Windows NT 5.1; en-US; rv:1.8.1.18) Gecko/20081029 Firefox/2.0.0.18"
92.80.155.150 - - [23/Nov/2008:11:38:52 -0500] "GET /home/css/links.css HTTP/1.1" 200 30502 "http://www.xpolog-management.com/?gclid=CK2wiM7ei5cCFQ5cQgodwFtx-A" "Mozilla/4.0 (compatible; MSIE 6.0; Windows NT 5.1; SV1; SIMBAR={36044255-5480-42EE-83A1-D3F58F802AF1})"
72.152.150.147 - - [23/Nov/2008:11:38:54 -0500] "GET /home/images/quick/header.gif HTTP/1.1" 200 305 "http://www.log-viewer.com/?gclid=CIDI_83ei5cCFRJexwodxU8gcw" "Mozilla/5.0 (Windows; U; Windows NT 5.1; en-US; rv:1.8.1.18) Gecko/20081029 Firefox/2.0.0.18"
72.152.150.147 - - [23/Nov/2008:11:38:57 -0500] "GET /home/images/logviewer/dashboard.gif HTTP/1.1" 200 6560 "http://www.log-viewer.com/?gclid=CIDI_83ei5cCFRJexwodxU8gcw" "Mozilla/5.0 (Windows; U; Windows NT 5.1; en-US; rv:1.8.1.18) Gecko/20081029 Firefox/2.0.0.18"
89.137.170.33 - - [23/Nov/2008:11:39:03 -0500] "GET /home/css/texts.css HTTP/1.1" 200 3369 "http://www.log-viewer.com/?gclid=COLmwdPei5cCFQtoQgodlWL--g" "Mozilla/4.0 (compatible; MSIE 6.0; Windows NT 5.1; SV1; FunWebProducts)"
89.137.170.33 - - [23/Nov/2008:11:39:03 -0500] "GET /home/css/xplg.css HTTP/1.1" 200 8720 "http://www.log-viewer.com/?gclid=COLmwdPei5cCFQtoQgodlWL--g" "Mozilla/4.0 (compatible; MSIE 6.0; Windows NT 5.1; SV1; FunWebProducts)"
89.137.170.33 - - [23/Nov/2008:11:39:03 -0500] "GET /home/css/links.css HTTP/1.1" 200 30502 "http://www.log-viewer.com/?gclid=COLmwdPei5cCFQtoQgodlWL--g" "Mozilla/4.0 (compatible; MSIE 6.0; Windows NT 5.1; SV1; FunWebProducts)"
89.137.170.33 - - [23/Nov/2008:11:39:04 -0500] "GET /home/images/quick/upper_line_inter.gif HTTP/1.1" 200 130 "http://www.log-viewer.com/?gclid=COLmwdPei5cCFQtoQgodlWL--g" "Mozilla/4.0 (compatible; MSIE 6.0; Windows NT 5.1; SV1; FunWebProducts)"
89.137.170.33 - - [23/Nov/2008:11:39:04 -0500] "GET /home/images/home/logo.gif HTTP/1.1" 200 3128 "http://www.log-viewer.com/?gclid=COLmwdPei5cCFQtoQgodlWL--g" "Mozilla/4.0 (compatible; MSIE 6.0; Windows NT 5.1; SV1; FunWebProducts)"
89.137.170.33 - - [23/Nov/2008:11:39:04 -0500] "GET /home/images/quick/download_inter.gif HTTP/1.1" 200 2070 "http://www.log-viewer.com/?gclid=COLmwdPei5cCFQtoQgodlWL--g" "Mozilla/4.0 (compatible; MSIE 6.0; Windows NT 5.1; SV1; FunWebProducts)"
89.137.170.33 - - [23/Nov/2008:11:39:04 -0500] "GET /home/images/quick/online_demo_inter.gif HTTP/1.1" 200 1684 "http://www.log-viewer.com/?gclid=COLmwdPei5cCFQtoQgodlWL--g" "Mozilla/4.0 (compatible; MSIE 6.0; Windows NT 5.1; SV1; FunWebProducts)"
89.137.170.33 - - [23/Nov/2008:11:39:04 -0500] "GET /home/images/quick/brochure_inter.gif HTTP/1.1" 200 1333 "http://www.log-viewer.com/?gclid=COLmwdPei5cCFQtoQgodlWL--g" "Mozilla/4.0 (compatible; MSIE 6.0; Windows NT 5.1; SV1; FunWebProducts)"
89.137.170.33 - - [23/Nov/2008:11:39:05 -0500] "GET /home/images/quick/icon.gif HTTP/1.1" 200 161 "http://www.log-viewer.com/?gclid=COLmwdPei5cCFQtoQgodlWL--g" "Mozilla/4.0 (compatible; MSIE 6.0; Windows NT 5.1; SV1; FunWebProducts)"
89.137.170.33 - - [23/Nov/2008:11:39:05 -0500] "GET /home/images/quick/appicon.gif HTTP/1.1" 200 396 "http://www.log-viewer.com/?gclid=COLmwdPei5cCFQtoQgodlWL--g" "Mozilla/4.0 (compatible; MSIE 6.0; Windows NT 5.1; SV1; FunWebProducts)"
89.137.170.33 - - [23/Nov/2008:11:39:05 -0500] "GET /home/images/quick/lower_line_inter_2.gif HTTP/1.1" 200 125 "http://www.log-viewer.com/?gclid=COLmwdPei5cCFQtoQgodlWL--g" "Mozilla/4.0 (compatible; MSIE 6.0; Windows NT 5.1; SV1; FunWebProducts)"
89.137.170.33 - - [23/Nov/2008:11:39:05 -0500] "GET /home/images/quick/opicon.gif HTTP/1.1" 200 397 "http://www.log-viewer.com/?gclid=COLmwdPei5cCFQtoQgodlWL--g" "Mozilla/4.0 (compatible; MSIE 6.0; Windows NT 5.1; SV1; FunWebProducts)"
89.137.170.33 - - [23/Nov/2008:11:39:06 -0500] "GET /home/images/quick/lower_line_inter.gif HTTP/1.1" 200 121 "http://www.log-viewer.com/?gclid=COLmwdPei5cCFQtoQgodlWL--g" "Mozilla/4.0 (compatible; MSIE 6.0; Windows NT 5.1; SV1; FunWebProducts)"
89.137.170.33 - - [23/Nov/2008:11:39:06 -0500] "GET /home/images/quick/upper_line_inter_2.gif HTTP/1.1" 200 125 "http://www.log-viewer.com/?gclid=COLmwdPei5cCFQtoQgodlWL--g" "Mozilla/4.0 (compatible; MSIE 6.0; Windows NT 5.1; SV1; FunWebProducts)"
89.137.170.33 - - [23/Nov/2008:11:39:06 -0500] "GET /home/images/logviewer/iis.gif HTTP/1.1" 200 1567 "http://www.log-viewer.com/?gclid=COLmwdPei5cCFQtoQgodlWL--g" "Mozilla/4.0 (compatible; MSIE 6.0; Windows NT 5.1; SV1; FunWebProducts)"
89.137.170.33 - - [23/Nov/2008:11:39:06 -0500] "GET /home/images/logviewer/linux.gif HTTP/1.1" 200 1891 "http://www.log-viewer.com/?gclid=COLmwdPei5cCFQtoQgodlWL--g" "Mozilla/4.0 (compatible; MSIE 6.0; Windows NT 5.1; SV1; FunWebProducts)"
89.137.170.33 - - [23/Nov/2008:11:39:06 -0500] "GET /home/images/logviewer/apache.gif HTTP/1.1" 200 1460 "http://www.log-viewer.com/?gclid=COLmwdPei5cCFQtoQgodlWL--g" "Mozilla/4.0 (compatible; MSIE 6.0; Windows NT 5.1; SV1; FunWebProducts)"
89.137.170.33 - - [23/Nov/2008:11:39:06 -0500] "GET /home/images/downloads/download-button.gif HTTP/1.1" 200 1426 "http://www.log-viewer.com/?gclid=COLmwdPei5cCFQtoQgodlWL--g" "Mozilla/4.0 (compatible; MSIE 6.0; Windows NT 5.1; SV1; FunWebProducts)"
89.137.170.33 - - [23/Nov/2008:11:39:07 -0500] "GET /home/images/logviewer/homeSnap.gif HTTP/1.1" 200 8883 "http://www.log-viewer.com/?gclid=COLmwdPei5cCFQtoQgodlWL--g" "Mozilla/4.0 (compatible; MSIE 6.0; Windows NT 5.1; SV1; FunWebProducts)"
89.137.170.33 - - [23/Nov/2008:11:39:07 -0500] "GET /home/images/logviewer/report.gif HTTP/1.1" 200 6164 "http://www.log-viewer.com/?gclid=COLmwdPei5cCFQtoQgodlWL--g" "Mozilla/4.0 (compatible; MSIE 6.0; Windows NT 5.1; SV1; FunWebProducts)"
89.137.170.33 - - [23/Nov/2008:11:39:07 -0500] "GET /home/images/logviewer/log4j.gif HTTP/1.1" 200 2026 "http://www.log-viewer.com/?gclid=COLmwdPei5cCFQtoQgodlWL--g" "Mozilla/4.0 (compatible; MSIE 6.0; Windows NT 5.1; SV1; FunWebProducts)"
89.137.170.33 - - [23/Nov/2008:11:39:07 -0500] "GET /home/images/logviewer/dashboard.gif HTTP/1.1" 200 6560 "http://www.log-viewer.com/?gclid=COLmwdPei5cCFQtoQgodlWL--g" "Mozilla/4.0 (compatible; MSIE 6.0; Windows NT 5.1; SV1; FunWebProducts)"
89.137.170.33 - - [23/Nov/2008:11:39:08 -0500] "GET /home/images/logviewer/aspnet.gif HTTP/1.1" 200 1513 "http://www.log-viewer.com/?gclid=COLmwdPei5cCFQtoQgodlWL--g" "Mozilla/4.0 (compatible; MSIE 6.0; Windows NT 5.1; SV1; FunWebProducts)"
89.137.170.33 - - [23/Nov/2008:11:39:08 -0500] "GET /home/images/quick/header.gif HTTP/1.1" 200 305 "http://www.log-viewer.com/?gclid=COLmwdPei5cCFQtoQgodlWL--g" "Mozilla/4.0 (compatible; MSIE 6.0; Windows NT 5.1; SV1; FunWebProducts)"
89.137.170.33 - - [23/Nov/2008:11:39:08 -0500] "GET /home/images/logviewer/transaction.gif HTTP/1.1" 200 5449 "http://www.log-viewer.com/?gclid=COLmwdPei5cCFQtoQgodlWL--g" "Mozilla/4.0 (compatible; MSIE 6.0; Windows NT 5.1; SV1; FunWebProducts)"
86.100.116.236 - - [23/Nov/2008:11:39:08 -0500] "GET /home/css/xplg.css HTTP/1.1" 200 8720 "http://www.log-viewer.com/?gclid=COaL5NXei5cCFRmlugodZn4w8Q" "Mozilla/4.0 (compatible; MSIE 7.0; Windows NT 5.1; InfoPath.1)"
86.100.116.236 - - [23/Nov/2008:11:39:09 -0500] "GET /home/css/texts.css HTTP/1.1" 200 3369 "http://www.log-viewer.com/?gclid=COaL5NXei5cCFRmlugodZn4w8Q" "Mozilla/4.0 (compatible; MSIE 7.0; Windows NT 5.1; InfoPath.1)"
86.100.116.236 - - [23/Nov/2008:11:39:08 -0500] "GET /home/css/links.css HTTP/1.1" 200 30502 "http://www.log-viewer.com/?gclid=COaL5NXei5cCFRmlugodZn4w8Q" "Mozilla/4.0 (compatible; MSIE 7.0; Windows NT 5.1; InfoPath.1)"
86.100.116.236 - - [23/Nov/2008:11:39:11 -0500] "GET /home/images/quick/upper_line_inter.gif HTTP/1.1" 200 130 "http://www.log-viewer.com/?gclid=COaL5NXei5cCFRmlugodZn4w8Q" "Mozilla/4.0 (compatible; MSIE 7.0; Windows NT 5.1; InfoPath.1)"
86.100.116.236 - - [23/Nov/2008:11:39:11 -0500] "GET /home/images/home/logo.gif HTTP/1.1" 200 3128 "http://www.log-viewer.com/?gclid=COaL5NXei5cCFRmlugodZn4w8Q" "Mozilla/4.0 (compatible; MSIE 7.0; Windows NT 5.1; InfoPath.1)"
86.100.116.236 - - [23/Nov/2008:11:39:11 -0500] "GET /home/images/quick/download_inter.gif HTTP/1.1" 200 2070 "http://www.log-viewer.com/?gclid=COaL5NXei5cCFRmlugodZn4w8Q" "Mozilla/4.0 (compatible; MSIE 7.0; Windows NT 5.1; InfoPath.1)"
86.100.116.236 - - [23/Nov/2008:11:39:12 -0500] "GET /home/images/quick/online_demo_inter.gif HTTP/1.1" 200 1684 "http://www.log-viewer.com/?gclid=COaL5NXei5cCFRmlugodZn4w8Q" "Mozilla/4.0 (compatible; MSIE 7.0; Windows NT 5.1; InfoPath.1)"
86.100.116.236 - - [23/Nov/2008:11:39:12 -0500] "GET /home/images/quick/brochure_inter.gif HTTP/1.1" 200 1333 "http://www.log-viewer.com/?gclid=COaL5NXei5cCFRmlugodZn4w8Q" "Mozilla/4.0 (compatible; MSIE 7.0; Windows NT 5.1; InfoPath.1)"
86.100.116.236 - - [23/Nov/2008:11:39:12 -0500] "GET /home/images/quick/icon.gif HTTP/1.1" 200 161 "http://www.log-viewer.com/?gclid=COaL5NXei5cCFRmlugodZn4w8Q" "Mozilla/4.0 (compatible; MSIE 7.0; Windows NT 5.1; InfoPath.1)"
86.100.116.236 - - [23/Nov/2008:11:39:13 -0500] "GET /home/images/quick/appicon.gif HTTP/1.1" 200 396 "http://www.log-viewer.com/?gclid=COaL5NXei5cCFRmlugodZn4w8Q" "Mozilla/4.0 (compatible; MSIE 7.0; Windows NT 5.1; InfoPath.1)"
86.100.116.236 - - [23/Nov/2008:11:39:13 -0500] "GET /home/images/quick/opicon.gif HTTP/1.1" 200 397 "http://www.log-viewer.com/?gclid=COaL5NXei5cCFRmlugodZn4w8Q" "Mozilla/4.0 (compatible; MSIE 7.0; Windows NT 5.1; InfoPath.1)"
86.100.116.236 - - [23/Nov/2008:11:39:14 -0500] "GET /home/images/quick/upper_line_inter_2.gif HTTP/1.1" 200 125 "http://www.log-viewer.com/?gclid=COaL5NXei5cCFRmlugodZn4w8Q" "Mozilla/4.0 (compatible; MSIE 7.0; Windows NT 5.1; InfoPath.1)"
86.100.116.236 - - [23/Nov/2008:11:39:14 -0500] "GET /home/images/quick/lower_line_inter_2.gif HTTP/1.1" 200 125 "http://www.log-viewer.com/?gclid=COaL5NXei5cCFRmlugodZn4w8Q" "Mozilla/4.0 (compatible; MSIE 7.0; Windows NT 5.1; InfoPath.1)"
86.100.116.236 - - [23/Nov/2008:11:39:14 -0500] "GET /home/images/quick/lower_line_inter.gif HTTP/1.1" 200 121 "http://www.log-viewer.com/?gclid=COaL5NXei5cCFRmlugodZn4w8Q" "Mozilla/4.0 (compatible; MSIE 7.0; Windows NT 5.1; InfoPath.1)"
86.100.116.236 - - [23/Nov/2008:11:39:14 -0500] "GET /home/images/logviewer/iis.gif HTTP/1.1" 200 1567 "http://www.log-viewer.com/?gclid=COaL5NXei5cCFRmlugodZn4w8Q" "Mozilla/4.0 (compatible; MSIE 7.0; Windows NT 5.1; InfoPath.1)"
86.100.116.236 - - [23/Nov/2008:11:39:15 -0500] "GET /home/images/logviewer/linux.gif HTTP/1.1" 200 1891 "http://www.log-viewer.com/?gclid=COaL5NXei5cCFRmlugodZn4w8Q" "Mozilla/4.0 (compatible; MSIE 7.0; Windows NT 5.1; InfoPath.1)"
86.100.116.236 - - [23/Nov/2008:11:39:15 -0500] "GET /home/images/quick/header.gif HTTP/1.1" 200 305 "http://www.log-viewer.com/?gclid=COaL5NXei5cCFRmlugodZn4w8Q" "Mozilla/4.0 (compatible; MSIE 7.0; Windows NT 5.1; InfoPath.1)"
86.100.116.236 - - [23/Nov/2008:11:39:15 -0500] "GET /home/images/logviewer/homeSnap.gif HTTP/1.1" 200 8883 "http://www.log-viewer.com/?gclid=COaL5NXei5cCFRmlugodZn4w8Q" "Mozilla/4.0 (compatible; MSIE 7.0; Windows NT 5.1; InfoPath.1)"
86.100.116.236 - - [23/Nov/2008:11:39:17 -0500] "GET /home/images/logviewer/apache.gif HTTP/1.1" 200 1460 "http://www.log-viewer.com/?gclid=COaL5NXei5cCFRmlugodZn4w8Q" "Mozilla/4.0 (compatible; MSIE 7.0; Windows NT 5.1; InfoPath.1)"
86.100.116.236 - - [23/Nov/2008:11:39:18 -0500] "GET /home/images/logviewer/report.gif HTTP/1.1" 200 6164 "http://www.log-viewer.com/?gclid=COaL5NXei5cCFRmlugodZn4w8Q" "Mozilla/4.0 (compatible; MSIE 7.0; Windows NT 5.1; InfoPath.1)"
86.100.116.236 - - [23/Nov/2008:11:39:18 -0500] "GET /home/images/logviewer/log4j.gif HTTP/1.1" 200 2026 "http://www.log-viewer.com/?gclid=COaL5NXei5cCFRmlugodZn4w8Q" "Mozilla/4.0 (compatible; MSIE 7.0; Windows NT 5.1; InfoPath.1)"
86.100.116.236 - - [23/Nov/2008:11:39:19 -0500] "GET /home/images/logviewer/aspnet.gif HTTP/1.1" 200 1513 "http://www.log-viewer.com/?gclid=COaL5NXei5cCFRmlugodZn4w8Q" "Mozilla/4.0 (compatible; MSIE 7.0; Windows NT 5.1; InfoPath.1)"
86.100.116.236 - - [23/Nov/2008:11:39:19 -0500] "GET /home/images/logviewer/dashboard.gif HTTP/1.1" 200 6560 "http://www.log-viewer.com/?gclid=COaL5NXei5cCFRmlugodZn4w8Q" "Mozilla/4.0 (compatible; MSIE 7.0; Windows NT 5.1; InfoPath.1)"
86.100.116.236 - - [23/Nov/2008:11:39:19 -0500] "GET /home/images/downloads/download-button.gif HTTP/1.1" 200 1426 "http://www.log-viewer.com/?gclid=COaL5NXei5cCFRmlugodZn4w8Q" "Mozilla/4.0 (compatible; MSIE 7.0; Windows NT 5.1; InfoPath.1)"
86.100.116.236 - - [23/Nov/2008:11:39:20 -0500] "GET /home/images/logviewer/transaction.gif HTTP/1.1" 200 5449 "http://www.log-viewer.com/?gclid=COaL5NXei5cCFRmlugodZn4w8Q" "Mozilla/4.0 (compatible; MSIE 7.0; Windows NT 5.1; InfoPath.1)"
89.137.170.33 - - [23/Nov/2008:11:39:32 -0500] "GET /home/downloads/index.jsp HTTP/1.1" 200 43987 "-" "Mozilla/4.0 (compatible; MSIE 6.0; Windows NT 5.1; SV1; FunWebProducts)"
89.137.170.33 - - [23/Nov/2008:11:39:33 -0500] "GET /home/css/menus.css HTTP/1.1" 200 8999 "http://www.xpolog.com/home/downloads/index.jsp" "Mozilla/4.0 (compatible; MSIE 6.0; Windows NT 5.1; SV1; FunWebProducts)"
89.137.170.33 - - [23/Nov/2008:11:39:32 -0500] "GET /home/scripts/coolmenus4.js HTTP/1.1" 200 25713 "http://www.xpolog.com/home/downloads/index.jsp" "Mozilla/4.0 (compatible; MSIE 6.0; Windows NT 5.1; SV1; FunWebProducts)"
89.137.170.33 - - [23/Nov/2008:11:39:33 -0500] "GET /home/scripts/iframebackground.html HTTP/1.1" 200 67 "http://www.xpolog.com/home/downloads/index.jsp" "Mozilla/4.0 (compatible; MSIE 6.0; Windows NT 5.1; SV1; FunWebProducts)"
89.137.170.33 - - [23/Nov/2008:11:39:33 -0500] "GET /home/scripts/iframebackground.html HTTP/1.1" 200 67 "http://www.xpolog.com/home/downloads/index.jsp" "Mozilla/4.0 (compatible; MSIE 6.0; Windows NT 5.1; SV1; FunWebProducts)"
89.137.170.33 - - [23/Nov/2008:11:39:34 -0500] "GET /home/scripts/iframebackground.html HTTP/1.1" 200 67 "http://www.xpolog.com/home/downloads/index.jsp" "Mozilla/4.0 (compatible; MSIE 6.0; Windows NT 5.1; SV1; FunWebProducts)"
89.137.170.33 - - [23/Nov/2008:11:39:34 -0500] "GET /home/scripts/iframebackground.html HTTP/1.1" 200 67 "http://www.xpolog.com/home/downloads/index.jsp" "Mozilla/4.0 (compatible; MSIE 6.0; Windows NT 5.1; SV1; FunWebProducts)"
89.137.170.33 - - [23/Nov/2008:11:39:34 -0500] "GET /home/scripts/iframebackground.html HTTP/1.1" 200 67 "http://www.xpolog.com/home/downloads/index.jsp" "Mozilla/4.0 (compatible; MSIE 6.0; Windows NT 5.1; SV1; FunWebProducts)"
89.137.170.33 - - [23/Nov/2008:11:39:34 -0500] "GET /home/scripts/iframebackground.html HTTP/1.1" 200 67 "http://www.xpolog.com/home/downloads/index.jsp" "Mozilla/4.0 (compatible; MSIE 6.0; Windows NT 5.1; SV1; FunWebProducts)"
89.137.170.33 - - [23/Nov/2008:11:39:34 -0500] "GET /home/scripts/iframebackground.html HTTP/1.1" 200 67 "http://www.xpolog.com/home/downloads/index.jsp" "Mozilla/4.0 (compatible; MSIE 6.0; Windows NT 5.1; SV1; FunWebProducts)"
89.137.170.33 - - [23/Nov/2008:11:39:34 -0500] "GET /home/scripts/iframebackground.html HTTP/1.1" 200 67 "http://www.xpolog.com/home/downloads/index.jsp" "Mozilla/4.0 (compatible; MSIE 6.0; Windows NT 5.1; SV1; FunWebProducts)"
89.137.170.33 - - [23/Nov/2008:11:39:35 -0500] "GET /home/scripts/iframebackground.html HTTP/1.1" 200 67 "http://www.xpolog.com/home/downloads/index.jsp" "Mozilla/4.0 (compatible; MSIE 6.0; Windows NT 5.1; SV1; FunWebProducts)"
89.137.170.33 - - [23/Nov/2008:11:39:35 -0500] "GET /home/scripts/iframebackground.html HTTP/1.1" 200 67 "http://www.xpolog.com/home/downloads/index.jsp" "Mozilla/4.0 (compatible; MSIE 6.0; Windows NT 5.1; SV1; FunWebProducts)"
89.137.170.33 - - [23/Nov/2008:11:39:35 -0500] "GET /home/scripts/iframebackground.html HTTP/1.1" 200 67 "http://www.xpolog.com/home/downloads/index.jsp" "Mozilla/4.0 (compatible; MSIE 6.0; Windows NT 5.1; SV1; FunWebProducts)"
89.137.170.33 - - [23/Nov/2008:11:39:35 -0500] "GET /home/scripts/iframebackground.html HTTP/1.1" 200 67 "http://www.xpolog.com/home/downloads/index.jsp" "Mozilla/4.0 (compatible; MSIE 6.0; Windows NT 5.1; SV1; FunWebProducts)"
89.137.170.33 - - [23/Nov/2008:11:39:35 -0500] "GET /home/scripts/iframebackground.html HTTP/1.1" 200 67 "http://www.xpolog.com/home/downloads/index.jsp" "Mozilla/4.0 (compatible; MSIE 6.0; Windows NT 5.1; SV1; FunWebProducts)"
89.137.170.33 - - [23/Nov/2008:11:39:36 -0500] "GET /home/images/downloads/windows.gif HTTP/1.1" 200 1982 "http://www.xpolog.com/home/downloads/index.jsp" "Mozilla/4.0 (compatible; MSIE 6.0; Windows NT 5.1; SV1; FunWebProducts)"
89.137.170.33 - - [23/Nov/2008:11:39:35 -0500] "GET /home/images/downloads/downloads.gif HTTP/1.1" 200 22028 "http://www.xpolog.com/home/downloads/index.jsp" "Mozilla/4.0 (compatible; MSIE 6.0; Windows NT 5.1; SV1; FunWebProducts)"
89.137.170.33 - - [23/Nov/2008:11:39:36 -0500] "GET /home/images/downloads/linux.gif HTTP/1.1" 200 1758 "http://www.xpolog.com/home/downloads/index.jsp" "Mozilla/4.0 (compatible; MSIE 6.0; Windows NT 5.1; SV1; FunWebProducts)"
89.137.170.33 - - [23/Nov/2008:11:39:36 -0500] "GET /home/images/downloads/j2ee.gif HTTP/1.1" 200 3039 "http://www.xpolog.com/home/downloads/index.jsp" "Mozilla/4.0 (compatible; MSIE 6.0; Windows NT 5.1; SV1; FunWebProducts)"
89.137.170.33 - - [23/Nov/2008:11:39:36 -0500] "GET /home/images/downloads/solaris.gif HTTP/1.1" 200 2513 "http://www.xpolog.com/home/downloads/index.jsp" "Mozilla/4.0 (compatible; MSIE 6.0; Windows NT 5.1; SV1; FunWebProducts)"
89.137.170.33 - - [23/Nov/2008:11:39:37 -0500] "GET /home/images/quick/mgmticon.gif HTTP/1.1" 200 392 "http://www.xpolog.com/home/downloads/index.jsp" "Mozilla/4.0 (compatible; MSIE 6.0; Windows NT 5.1; SV1; FunWebProducts)"
89.137.170.33 - - [23/Nov/2008:11:39:37 -0500] "GET /home/images/footer/v.gif HTTP/1.1" 200 176 "http://www.xpolog.com/home/downloads/index.jsp" "Mozilla/4.0 (compatible; MSIE 6.0; Windows NT 5.1; SV1; FunWebProducts)"
89.137.170.33 - - [23/Nov/2008:11:39:37 -0500] "GET /home/images/footer/background.gif HTTP/1.1" 200 13744 "http://www.xpolog.com/home/downloads/index.jsp" "Mozilla/4.0 (compatible; MSIE 6.0; Windows NT 5.1; SV1; FunWebProducts)"
89.137.170.33 - - [23/Nov/2008:11:39:37 -0500] "GET /home/images/footer/download_btn.gif HTTP/1.1" 200 591 "http://www.xpolog.com/home/downloads/index.jsp" "Mozilla/4.0 (compatible; MSIE 6.0; Windows NT 5.1; SV1; FunWebProducts)"
92.80.29.231 - - [23/Nov/2008:11:41:14 -0500] "GET /home/css/xplg.css HTTP/1.1" 200 8720 "http://www.log-viewer.com/net-java-log4j-log-viewer/?gclid=CJ3U-5Hfi5cCFcse3godyEepDA" "Opera/9.62 (Windows NT 5.1; U; en) Presto/2.1.1"
92.80.29.231 - - [23/Nov/2008:11:41:15 -0500] "GET /home/css/texts.css HTTP/1.1" 200 3369 "http://www.log-viewer.com/net-java-log4j-log-viewer/?gclid=CJ3U-5Hfi5cCFcse3godyEepDA" "Opera/9.62 (Windows NT 5.1; U; en) Presto/2.1.1"
92.80.29.231 - - [23/Nov/2008:11:41:14 -0500] "GET /home/css/links.css HTTP/1.1" 200 30502 "http://www.log-viewer.com/net-java-log4j-log-viewer/?gclid=CJ3U-5Hfi5cCFcse3godyEepDA" "Opera/9.62 (Windows NT 5.1; U; en) Presto/2.1.1"
92.80.29.231 - - [23/Nov/2008:11:41:16 -0500] "GET /home/images/home/logo.gif HTTP/1.1" 200 3128 "http://www.log-viewer.com/net-java-log4j-log-viewer/?gclid=CJ3U-5Hfi5cCFcse3godyEepDA" "Opera/9.62 (Windows NT 5.1; U; en) Presto/2.1.1"
92.80.29.231 - - [23/Nov/2008:11:41:16 -0500] "GET /home/images/quick/upper_line_inter.gif HTTP/1.1" 200 130 "http://www.log-viewer.com/net-java-log4j-log-viewer/?gclid=CJ3U-5Hfi5cCFcse3godyEepDA" "Opera/9.62 (Windows NT 5.1; U; en) Presto/2.1.1"
