92.80.29.231 - - [23/Nov/2008:11:41:16 -0500] "GET /home/images/quick/download_inter.gif HTTP/1.1" 200 2070 "http://www.log-viewer.com/net-java-log4j-log-viewer/?gclid=CJ3U-5Hfi5cCFcse3godyEepDA" "Opera/9.62 (Windows NT 5.1; U; en) Presto/2.1.1"
92.80.29.231 - - [23/Nov/2008:11:41:16 -0500] "GET /home/images/quick/online_demo_inter.gif HTTP/1.1" 200 1684 "http://www.log-viewer.com/net-java-log4j-log-viewer/?gclid=CJ3U-5Hfi5cCFcse3godyEepDA" "Opera/9.62 (Windows NT 5.1; U; en) Presto/2.1.1"
92.80.29.231 - - [23/Nov/2008:11:41:16 -0500] "GET /home/images/quick/brochure_inter.gif HTTP/1.1" 200 1333 "http://www.log-viewer.com/net-java-log4j-log-viewer/?gclid=CJ3U-5Hfi5cCFcse3godyEepDA" "Opera/9.62 (Windows NT 5.1; U; en) Presto/2.1.1"
92.80.29.231 - - [23/Nov/2008:11:41:16 -0500] "GET /home/images/quick/header.gif HTTP/1.1" 200 305 "http://www.log-viewer.com/net-java-log4j-log-viewer/?gclid=CJ3U-5Hfi5cCFcse3godyEepDA" "Opera/9.62 (Windows NT 5.1; U; en) Presto/2.1.1"
92.80.29.231 - - [23/Nov/2008:11:41:16 -0500] "GET /home/images/quick/icon.gif HTTP/1.1" 200 161 "http://www.log-viewer.com/net-java-log4j-log-viewer/?gclid=CJ3U-5Hfi5cCFcse3godyEepDA" "Opera/9.62 (Windows NT 5.1; U; en) Presto/2.1.1"
92.80.29.231 - - [23/Nov/2008:11:41:16 -0500] "GET /home/images/quick/appicon.gif HTTP/1.1" 200 396 "http://www.log-viewer.com/net-java-log4j-log-viewer/?gclid=CJ3U-5Hfi5cCFcse3godyEepDA" "Opera/9.62 (Windows NT 5.1; U; en) Presto/2.1.1"
92.80.29.231 - - [23/Nov/2008:11:41:16 -0500] "GET /home/images/quick/opicon.gif HTTP/1.1" 200 397 "http://www.log-viewer.com/net-java-log4j-log-viewer/?gclid=CJ3U-5Hfi5cCFcse3godyEepDA" "Opera/9.62 (Windows NT 5.1; U; en) Presto/2.1.1"
92.80.29.231 - - [23/Nov/2008:11:41:17 -0500] "GET /home/images/quick/upper_line_inter_2.gif HTTP/1.1" 200 125 "http://www.log-viewer.com/net-java-log4j-log-viewer/?gclid=CJ3U-5Hfi5cCFcse3godyEepDA" "Opera/9.62 (Windows NT 5.1; U; en) Presto/2.1.1"
92.80.29.231 - - [23/Nov/2008:11:41:17 -0500] "GET /home/images/quick/lower_line_inter_2.gif HTTP/1.1" 200 125 "http://www.log-viewer.com/net-java-log4j-log-viewer/?gclid=CJ3U-5Hfi5cCFcse3godyEepDA" "Opera/9.62 (Windows NT 5.1; U; en) Presto/2.1.1"
92.80.29.231 - - [23/Nov/2008:11:41:17 -0500] "GET /home/images/quick/lower_line_inter.gif HTTP/1.1" 200 121 "http://www.log-viewer.com/net-java-log4j-log-viewer/?gclid=CJ3U-5Hfi5cCFcse3godyEepDA" "Opera/9.62 (Windows NT 5.1; U; en) Presto/2.1.1"
92.80.29.231 - - [23/Nov/2008:11:41:17 -0500] "GET /home/images/logviewer/log4j.gif HTTP/1.1" 200 2026 "http://www.log-viewer.com/net-java-log4j-log-viewer/?gclid=CJ3U-5Hfi5cCFcse3godyEepDA" "Opera/9.62 (Windows NT 5.1; U; en) Presto/2.1.1"
92.80.29.231 - - [23/Nov/2008:11:41:17 -0500] "GET /home/images/logviewer/aspnet.gif HTTP/1.1" 200 1513 "http://www.log-viewer.com/net-java-log4j-log-viewer/?gclid=CJ3U-5Hfi5cCFcse3godyEepDA" "Opera/9.62 (Windows NT 5.1; U; en) Presto/2.1.1"
92.80.29.231 - - [23/Nov/2008:11:41:17 -0500] "GET /home/images/logviewer/homeSnap.gif HTTP/1.1" 200 8883 "http://www.log-viewer.com/net-java-log4j-log-viewer/?gclid=CJ3U-5Hfi5cCFcse3godyEepDA" "Opera/9.62 (Windows NT 5.1; U; en) Presto/2.1.1"
92.80.29.231 - - [23/Nov/2008:11:41:17 -0500] "GET /home/images/logviewer/report.gif HTTP/1.1" 200 6164 "http://www.log-viewer.com/net-java-log4j-log-viewer/?gclid=CJ3U-5Hfi5cCFcse3godyEepDA" "Opera/9.62 (Windows NT 5.1; U; en) Presto/2.1.1"
92.80.29.231 - - [23/Nov/2008:11:41:17 -0500] "GET /home/images/downloads/downloadBtn.gif HTTP/1.1" 200 54 "http://www.log-viewer.com/net-java-log4j-log-viewer/?gclid=CJ3U-5Hfi5cCFcse3godyEepDA" "Opera/9.62 (Windows NT 5.1; U; en) Presto/2.1.1"
92.80.29.231 - - [23/Nov/2008:11:41:57 -0500] "GET /home/favicon.ico HTTP/1.1" 200 1150 "http://www.xpolog.com/home/downloads/index.jsp" "Opera/9.62 (Windows NT 5.1; U; en) Presto/2.1.1"
92.80.29.231 - - [23/Nov/2008:11:41:57 -0500] "GET /home/css/menus.css HTTP/1.1" 200 8999 "http://www.xpolog.com/home/downloads/index.jsp" "Opera/9.62 (Windows NT 5.1; U; en) Presto/2.1.1"
92.80.29.231 - - [23/Nov/2008:11:41:55 -0500] "GET /home/downloads/index.jsp HTTP/1.1" 200 43987 "http://www.log-viewer.com/net-java-log4j-log-viewer/?gclid=CJ3U-5Hfi5cCFcse3godyEepDA" "Opera/9.62 (Windows NT 5.1; U; en) Presto/2.1.1"
92.80.29.231 - - [23/Nov/2008:11:41:57 -0500] "GET /home/scripts/coolmenus4.js HTTP/1.1" 200 25713 "http://www.xpolog.com/home/downloads/index.jsp" "Opera/9.62 (Windows NT 5.1; U; en) Presto/2.1.1"
92.80.29.231 - - [23/Nov/2008:11:41:58 -0500] "GET /home/scripts/iframebackground.html HTTP/1.1" 200 67 "http://www.xpolog.com/home/downloads/index.jsp" "Opera/9.62 (Windows NT 5.1; U; en) Presto/2.1.1"
92.80.29.231 - - [23/Nov/2008:11:41:58 -0500] "GET /home/images/downloads/windows.gif HTTP/1.1" 200 1982 "http://www.xpolog.com/home/downloads/index.jsp" "Opera/9.62 (Windows NT 5.1; U; en) Presto/2.1.1"
92.80.29.231 - - [23/Nov/2008:11:41:58 -0500] "GET /home/images/downloads/download-button.gif HTTP/1.1" 200 1426 "http://www.xpolog.com/home/downloads/index.jsp" "Opera/9.62 (Windows NT 5.1; U; en) Presto/2.1.1"
92.80.29.231 - - [23/Nov/2008:11:41:59 -0500] "GET /home/images/downloads/linux.gif HTTP/1.1" 200 1758 "http://www.xpolog.com/home/downloads/index.jsp" "Opera/9.62 (Windows NT 5.1; U; en) Presto/2.1.1"
92.80.29.231 - - [23/Nov/2008:11:41:59 -0500] "GET /home/images/downloads/j2ee.gif HTTP/1.1" 200 3039 "http://www.xpolog.com/home/downloads/index.jsp" "Opera/9.62 (Windows NT 5.1; U; en) Presto/2.1.1"
92.80.29.231 - - [23/Nov/2008:11:41:59 -0500] "GET /home/images/downloads/solaris.gif HTTP/1.1" 200 2513 "http://www.xpolog.com/home/downloads/index.jsp" "Opera/9.62 (Windows NT 5.1; U; en) Presto/2.1.1"
92.80.29.231 - - [23/Nov/2008:11:41:59 -0500] "GET /home/images/quick/mgmticon.gif HTTP/1.1" 200 392 "http://www.xpolog.com/home/downloads/index.jsp" "Opera/9.62 (Windows NT 5.1; U; en) Presto/2.1.1"
92.80.29.231 - - [23/Nov/2008:11:41:58 -0500] "GET /home/images/downloads/downloads.gif HTTP/1.1" 200 22028 "http://www.xpolog.com/home/downloads/index.jsp" "Opera/9.62 (Windows NT 5.1; U; en) Presto/2.1.1"
92.80.29.231 - - [23/Nov/2008:11:41:59 -0500] "GET /home/images/footer/v.gif HTTP/1.1" 200 176 "http://www.xpolog.com/home/downloads/index.jsp" "Opera/9.62 (Windows NT 5.1; U; en) Presto/2.1.1"
92.80.29.231 - - [23/Nov/2008:11:41:59 -0500] "GET /home/images/footer/download_btn.gif HTTP/1.1" 200 591 "http://www.xpolog.com/home/downloads/index.jsp" "Opera/9.62 (Windows NT 5.1; U; en) Presto/2.1.1"
92.80.29.231 - - [23/Nov/2008:11:41:59 -0500] "GET /home/images/footer/background.gif HTTP/1.1" 200 13744 "http://www.xpolog.com/home/downloads/index.jsp" "Opera/9.62 (Windows NT 5.1; U; en) Presto/2.1.1"
59.161.159.62 - - [23/Nov/2008:11:38:17 -0500] "GET /home/master/xplgMaster_downloads_trial_registration.jsp HTTP/1.1" 500 9760 "-" "Mozilla/4.0 (compatible; MSIE 6.0; Windows NT 5.1; SV1; .NET CLR 1.1.4322; .NET CLR 2.0.50727; .NET CLR 3.0.04506.30; .NET CLR 3.0.04506.648)"
92.80.29.231 - - [23/Nov/2008:11:42:44 -0500] "GET /home/scripts/iframebackground.html HTTP/1.1" 304 - "http://www.xpolog.com/home/downloads/index.jsp" "Opera/9.62 (Windows NT 5.1; U; en) Presto/2.1.1"
92.80.29.231 - - [23/Nov/2008:11:42:43 -0500] "GET /home/downloads/index.jsp HTTP/1.1" 200 43987 "http://www.xpolog.com/home/downloads/index.jsp" "Opera/9.62 (Windows NT 5.1; U; en) Presto/2.1.1"
72.30.78.217 - - [23/Nov/2008:11:42:53 -0500] "GET /snap/snapFull.htm HTTP/1.0" 200 2774 "-" "Mozilla/5.0 (compatible; Yahoo! Slurp; http://help.yahoo.com/help/us/ysearch/slurp)"
92.80.29.231 - - [23/Nov/2008:11:42:53 -0500] "GET /home/downloads/index.jsp HTTP/1.1" 200 43987 "http://www.xpolog.com/home/downloads/index.jsp" "Opera/9.62 (Windows NT 5.1; U; en) Presto/2.1.1"
92.80.29.231 - - [23/Nov/2008:11:42:54 -0500] "GET /home/scripts/iframebackground.html HTTP/1.1" 304 - "http://www.xpolog.com/home/downloads/index.jsp" "Opera/9.62 (Windows NT 5.1; U; en) Presto/2.1.1"
92.80.29.231 - - [23/Nov/2008:11:43:24 -0500] "GET /home/scripts/iframebackground.html HTTP/1.1" 304 - "http://www.xpolog.com/home/products/xpologSearch.jsp" "Opera/9.62 (Windows NT 5.1; U; en) Presto/2.1.1"
92.80.29.231 - - [23/Nov/2008:11:43:24 -0500] "GET /home/images/products/tab.gif HTTP/1.1" 200 149 "http://www.xpolog.com/home/products/xpologSearch.jsp" "Opera/9.62 (Windows NT 5.1; U; en) Presto/2.1.1"
92.80.29.231 - - [23/Nov/2008:11:43:24 -0500] "GET /home/images/products/xpologSearchBackground.gif HTTP/1.1" 200 7180 "http://www.xpolog.com/home/products/xpologSearch.jsp" "Opera/9.62 (Windows NT 5.1; U; en) Presto/2.1.1"
92.80.29.231 - - [23/Nov/2008:11:43:25 -0500] "GET /home/images/products/manager-overview-1.gif HTTP/1.1" 200 5225 "http://www.xpolog.com/home/products/xpologSearch.jsp" "Opera/9.62 (Windows NT 5.1; U; en) Presto/2.1.1"
92.80.29.231 - - [23/Nov/2008:11:43:25 -0500] "GET /home/images/products/overview-v.gif HTTP/1.1" 200 285 "http://www.xpolog.com/home/products/xpologSearch.jsp" "Opera/9.62 (Windows NT 5.1; U; en) Presto/2.1.1"
92.80.29.231 - - [23/Nov/2008:11:43:25 -0500] "GET /home/images/products/app_icon.gif HTTP/1.1" 200 833 "http://www.xpolog.com/home/products/xpologSearch.jsp" "Opera/9.62 (Windows NT 5.1; U; en) Presto/2.1.1"
92.80.29.231 - - [23/Nov/2008:11:43:25 -0500] "GET /home/images/products/op_icon.gif HTTP/1.1" 200 626 "http://www.xpolog.com/home/products/xpologSearch.jsp" "Opera/9.62 (Windows NT 5.1; U; en) Presto/2.1.1"
92.80.29.231 - - [23/Nov/2008:11:43:25 -0500] "GET /home/images/products/security_icon.gif HTTP/1.1" 200 529 "http://www.xpolog.com/home/products/xpologSearch.jsp" "Opera/9.62 (Windows NT 5.1; U; en) Presto/2.1.1"
92.80.29.231 - - [23/Nov/2008:11:43:24 -0500] "GET /home/images/products/xpologSearch.gif HTTP/1.1" 200 21387 "http://www.xpolog.com/home/products/xpologSearch.jsp" "Opera/9.62 (Windows NT 5.1; U; en) Presto/2.1.1"
92.80.29.231 - - [23/Nov/2008:11:43:25 -0500] "GET /home/images/products/quote.gif HTTP/1.1" 200 196 "http://www.xpolog.com/home/products/xpologSearch.jsp" "Opera/9.62 (Windows NT 5.1; U; en) Presto/2.1.1"
92.80.29.231 - - [23/Nov/2008:11:43:23 -0500] "GET /home/products/xpologSearch.jsp HTTP/1.1" 200 58818 "http://www.xpolog.com/home/downloads/index.jsp" "Opera/9.62 (Windows NT 5.1; U; en) Presto/2.1.1"
86.96.229.87 - - [23/Nov/2008:11:43:58 -0500] "GET /home/downloads/index.jsp HTTP/1.1" 200 43987 "-" "Mozilla/4.0 (compatible; MSIE 7.0; Windows NT 6.0; SLCC1; .NET CLR 2.0.50727; Media Center PC 5.0; .NET CLR 3.0.04506)"
92.80.29.231 - - [23/Nov/2008:11:44:33 -0500] "GET /home/scripts/iframebackground.html HTTP/1.1" 304 - "http://www.xpolog.com/home/solutions/app.jsp" "Opera/9.62 (Windows NT 5.1; U; en) Presto/2.1.1"
92.80.29.231 - - [23/Nov/2008:11:44:33 -0500] "GET /home/images/solutions/applicationsBackground.gif HTTP/1.1" 200 4930 "http://www.xpolog.com/home/solutions/app.jsp" "Opera/9.62 (Windows NT 5.1; U; en) Presto/2.1.1"
92.80.29.231 - - [23/Nov/2008:11:44:33 -0500] "GET /home/images/solutions/upper-box-line.gif HTTP/1.1" 200 350 "http://www.xpolog.com/home/solutions/app.jsp" "Opera/9.62 (Windows NT 5.1; U; en) Presto/2.1.1"
92.80.29.231 - - [23/Nov/2008:11:44:33 -0500] "GET /home/images/solutions/applications.gif HTTP/1.1" 200 24238 "http://www.xpolog.com/home/solutions/app.jsp" "Opera/9.62 (Windows NT 5.1; U; en) Presto/2.1.1"
92.80.29.231 - - [23/Nov/2008:11:44:34 -0500] "GET /home/images/solutions/features-v.gif HTTP/1.1" 200 283 "http://www.xpolog.com/home/solutions/app.jsp" "Opera/9.62 (Windows NT 5.1; U; en) Presto/2.1.1"
92.80.29.231 - - [23/Nov/2008:11:44:34 -0500] "GET /home/images/solutions/middle-box-line.gif HTTP/1.1" 200 894 "http://www.xpolog.com/home/solutions/app.jsp" "Opera/9.62 (Windows NT 5.1; U; en) Presto/2.1.1"
92.80.29.231 - - [23/Nov/2008:11:44:34 -0500] "GET /home/images/solutions/minus-icon.gif HTTP/1.1" 200 70 "http://www.xpolog.com/home/solutions/app.jsp" "Opera/9.62 (Windows NT 5.1; U; en) Presto/2.1.1"
92.80.29.231 - - [23/Nov/2008:11:44:35 -0500] "GET /home/images/solutions/lower-box-line.gif HTTP/1.1" 200 241 "http://www.xpolog.com/home/solutions/app.jsp" "Opera/9.62 (Windows NT 5.1; U; en) Presto/2.1.1"
92.80.29.231 - - [23/Nov/2008:11:44:32 -0500] "GET /home/solutions/app.jsp HTTP/1.1" 200 48645 "http://www.xpolog.com/home/products/xpologSearch.jsp" "Opera/9.62 (Windows NT 5.1; U; en) Presto/2.1.1"
92.80.29.231 - - [23/Nov/2008:11:45:25 -0500] "GET /home/scripts/iframebackground.html HTTP/1.1" 304 - "http://www.xpolog.com/home/products/xpologDashboard.jsp" "Opera/9.62 (Windows NT 5.1; U; en) Presto/2.1.1"
92.80.29.231 - - [23/Nov/2008:11:45:25 -0500] "GET /home/images/products/xpologDashboardBackground.gif HTTP/1.1" 200 6208 "http://www.xpolog.com/home/products/xpologDashboard.jsp" "Opera/9.62 (Windows NT 5.1; U; en) Presto/2.1.1"
92.80.29.231 - - [23/Nov/2008:11:45:24 -0500] "GET /home/products/xpologDashboard.jsp HTTP/1.1" 200 59933 "http://www.xpolog.com/home/solutions/app.jsp" "Opera/9.62 (Windows NT 5.1; U; en) Presto/2.1.1"
92.80.29.231 - - [23/Nov/2008:11:45:25 -0500] "GET /home/images/products/xpologDashboard.gif HTTP/1.1" 200 21098 "http://www.xpolog.com/home/products/xpologDashboard.jsp" "Opera/9.62 (Windows NT 5.1; U; en) Presto/2.1.1"
92.80.29.231 - - [23/Nov/2008:11:45:50 -0500] "GET /home/scripts/iframebackground.html HTTP/1.1" 304 - "http://www.xpolog.com/home/products/xpologTxExpo.jsp" "Opera/9.62 (Windows NT 5.1; U; en) Presto/2.1.1"
92.80.29.231 - - [23/Nov/2008:11:45:50 -0500] "GET /home/images/products/xpologTxexpoBackground.gif HTTP/1.1" 200 6215 "http://www.xpolog.com/home/products/xpologTxExpo.jsp" "Opera/9.62 (Windows NT 5.1; U; en) Presto/2.1.1"
92.80.29.231 - - [23/Nov/2008:11:45:49 -0500] "GET /home/products/xpologTxExpo.jsp HTTP/1.1" 200 68708 "http://www.xpolog.com/home/products/xpologDashboard.jsp" "Opera/9.62 (Windows NT 5.1; U; en) Presto/2.1.1"
92.80.29.231 - - [23/Nov/2008:11:45:50 -0500] "GET /home/images/products/xpologTxexpo.gif HTTP/1.1" 200 20142 "http://www.xpolog.com/home/products/xpologTxExpo.jsp" "Opera/9.62 (Windows NT 5.1; U; en) Presto/2.1.1"
92.80.29.231 - - [23/Nov/2008:11:46:25 -0500] "GET /home/scripts/iframebackground.html HTTP/1.1" 304 - "http://www.xpolog.com/home/solutions/app.jsp" "Opera/9.62 (Windows NT 5.1; U; en) Presto/2.1.1"
92.80.29.231 - - [23/Nov/2008:11:46:23 -0500] "GET /home/solutions/app.jsp HTTP/1.1" 200 48645 "http://www.xpolog.com/home/products/xpologTxExpo.jsp" "Opera/9.62 (Windows NT 5.1; U; en) Presto/2.1.1"
66.249.66.242 - - [23/Nov/2008:11:46:48 -0500] "GET /home/images/home/line_1.gif HTTP/1.1" 200 54 "-" "Googlebot-Image/1.0"
92.54.251.21 - - [23/Nov/2008:11:47:33 -0500] "GET /?gclid=CNPygcfgi5cCFQSJugodYCkA_Q HTTP/1.1" 200 50903 "http://sedoparking.com/secure.de" "Mozilla/4.0 (compatible; MSIE 6.0; Windows NT 5.1; SV1; .NET CLR 2.0.50727)"
92.54.251.21 - - [23/Nov/2008:11:47:34 -0500] "GET /home/css/links.css HTTP/1.1" 200 30502 "http://www.xpolog.com/?gclid=CNPygcfgi5cCFQSJugodYCkA_Q" "Mozilla/4.0 (compatible; MSIE 6.0; Windows NT 5.1; SV1; .NET CLR 2.0.50727)"
92.54.251.21 - - [23/Nov/2008:11:47:37 -0500] "GET /home/css/xplg.css HTTP/1.1" 200 8720 "http://www.xpolog.com/?gclid=CNPygcfgi5cCFQSJugodYCkA_Q" "Mozilla/4.0 (compatible; MSIE 6.0; Windows NT 5.1; SV1; .NET CLR 2.0.50727)"
92.54.251.21 - - [23/Nov/2008:11:47:37 -0500] "GET /home/css/texts.css HTTP/1.1" 200 3369 "http://www.xpolog.com/?gclid=CNPygcfgi5cCFQSJugodYCkA_Q" "Mozilla/4.0 (compatible; MSIE 6.0; Windows NT 5.1; SV1; .NET CLR 2.0.50727)"
24.250.125.85 - - [23/Nov/2008:11:47:37 -0500] "GET /home/css/xplg.css HTTP/1.1" 200 8720 "http://www.xpolog.com/" "Mozilla/4.0 (compatible; MSIE 7.0; Windows NT 5.1; .NET CLR 1.1.4322; FDM)"
24.250.125.85 - - [23/Nov/2008:11:47:37 -0500] "GET / HTTP/1.1" 200 50903 "http://www.theserverside.com/news/thread.tss?thread_id=51904" "Mozilla/4.0 (compatible; MSIE 7.0; Windows NT 5.1; .NET CLR 1.1.4322; FDM)"
24.250.125.85 - - [23/Nov/2008:11:47:38 -0500] "GET /home/css/texts.css HTTP/1.1" 200 3369 "http://www.xpolog.com/" "Mozilla/4.0 (compatible; MSIE 7.0; Windows NT 5.1; .NET CLR 1.1.4322; FDM)"
24.250.125.85 - - [23/Nov/2008:11:47:38 -0500] "GET /home/css/links.css HTTP/1.1" 200 30502 "http://www.xpolog.com/" "Mozilla/4.0 (compatible; MSIE 7.0; Windows NT 5.1; .NET CLR 1.1.4322; FDM)"
24.250.125.85 - - [23/Nov/2008:11:47:39 -0500] "GET /css/xplg.css HTTP/1.1" 404 292 "http://www.xpolog.com/" "Mozilla/4.0 (compatible; MSIE 7.0; Windows NT 5.1; .NET CLR 1.1.4322; FDM)"
24.250.125.85 - - [23/Nov/2008:11:47:39 -0500] "GET /home/css/menus.css HTTP/1.1" 200 8999 "http://www.xpolog.com/" "Mozilla/4.0 (compatible; MSIE 7.0; Windows NT 5.1; .NET CLR 1.1.4322; FDM)"
24.250.125.85 - - [23/Nov/2008:11:47:39 -0500] "GET /home/scripts/coolmenus4.js HTTP/1.1" 200 25713 "http://www.xpolog.com/" "Mozilla/4.0 (compatible; MSIE 7.0; Windows NT 5.1; .NET CLR 1.1.4322; FDM)"
92.54.251.21 - - [23/Nov/2008:11:47:41 -0500] "GET /css/xplg.css HTTP/1.1" 404 292 "http://www.xpolog.com/?gclid=CNPygcfgi5cCFQSJugodYCkA_Q" "Mozilla/4.0 (compatible; MSIE 6.0; Windows NT 5.1; SV1; .NET CLR 2.0.50727)"
92.54.251.21 - - [23/Nov/2008:11:47:41 -0500] "GET /home/css/menus.css HTTP/1.1" 200 8999 "http://www.xpolog.com/?gclid=CNPygcfgi5cCFQSJugodYCkA_Q" "Mozilla/4.0 (compatible; MSIE 6.0; Windows NT 5.1; SV1; .NET CLR 2.0.50727)"
24.250.125.85 - - [23/Nov/2008:11:47:41 -0500] "GET /home/scripts/iframebackground.html HTTP/1.1" 200 67 "http://www.xpolog.com/" "Mozilla/4.0 (compatible; MSIE 7.0; Windows NT 5.1; .NET CLR 1.1.4322; FDM)"
24.250.125.85 - - [23/Nov/2008:11:47:41 -0500] "GET /home/scripts/iframebackground.html HTTP/1.1" 200 67 "http://www.xpolog.com/" "Mozilla/4.0 (compatible; MSIE 7.0; Windows NT 5.1; .NET CLR 1.1.4322; FDM)"
24.250.125.85 - - [23/Nov/2008:11:47:41 -0500] "GET /home/scripts/iframebackground.html HTTP/1.1" 200 67 "http://www.xpolog.com/" "Mozilla/4.0 (compatible; MSIE 7.0; Windows NT 5.1; .NET CLR 1.1.4322; FDM)"
24.250.125.85 - - [23/Nov/2008:11:47:42 -0500] "GET /home/scripts/iframebackground.html HTTP/1.1" 200 67 "http://www.xpolog.com/" "Mozilla/4.0 (compatible; MSIE 7.0; Windows NT 5.1; .NET CLR 1.1.4322; FDM)"
24.250.125.85 - - [23/Nov/2008:11:47:42 -0500] "GET /home/scripts/iframebackground.html HTTP/1.1" 200 67 "http://www.xpolog.com/" "Mozilla/4.0 (compatible; MSIE 7.0; Windows NT 5.1; .NET CLR 1.1.4322; FDM)"
24.250.125.85 - - [23/Nov/2008:11:47:42 -0500] "GET /home/scripts/iframebackground.html HTTP/1.1" 200 67 "http://www.xpolog.com/" "Mozilla/4.0 (compatible; MSIE 7.0; Windows NT 5.1; .NET CLR 1.1.4322; FDM)"
24.250.125.85 - - [23/Nov/2008:11:47:42 -0500] "GET /home/scripts/iframebackground.html HTTP/1.1" 200 67 "http://www.xpolog.com/" "Mozilla/4.0 (compatible; MSIE 7.0; Windows NT 5.1; .NET CLR 1.1.4322; FDM)"
24.250.125.85 - - [23/Nov/2008:11:47:42 -0500] "GET /home/scripts/iframebackground.html HTTP/1.1" 200 67 "http://www.xpolog.com/" "Mozilla/4.0 (compatible; MSIE 7.0; Windows NT 5.1; .NET CLR 1.1.4322; FDM)"
24.250.125.85 - - [23/Nov/2008:11:47:42 -0500] "GET /home/scripts/iframebackground.html HTTP/1.1" 200 67 "http://www.xpolog.com/" "Mozilla/4.0 (compatible; MSIE 7.0; Windows NT 5.1; .NET CLR 1.1.4322; FDM)"
24.250.125.85 - - [23/Nov/2008:11:47:42 -0500] "GET /home/scripts/iframebackground.html HTTP/1.1" 200 67 "http://www.xpolog.com/" "Mozilla/4.0 (compatible; MSIE 7.0; Windows NT 5.1; .NET CLR 1.1.4322; FDM)"
24.250.125.85 - - [23/Nov/2008:11:47:42 -0500] "GET /home/scripts/iframebackground.html HTTP/1.1" 200 67 "http://www.xpolog.com/" "Mozilla/4.0 (compatible; MSIE 7.0; Windows NT 5.1; .NET CLR 1.1.4322; FDM)"
24.250.125.85 - - [23/Nov/2008:11:47:42 -0500] "GET /home/scripts/iframebackground.html HTTP/1.1" 200 67 "http://www.xpolog.com/" "Mozilla/4.0 (compatible; MSIE 7.0; Windows NT 5.1; .NET CLR 1.1.4322; FDM)"
24.250.125.85 - - [23/Nov/2008:11:47:43 -0500] "GET /home/images/home/logo.gif HTTP/1.1" 200 3128 "http://www.xpolog.com/" "Mozilla/4.0 (compatible; MSIE 7.0; Windows NT 5.1; .NET CLR 1.1.4322; FDM)"
24.250.125.85 - - [23/Nov/2008:11:47:43 -0500] "GET /home/scripts/iframebackground.html HTTP/1.1" 200 67 "http://www.xpolog.com/" "Mozilla/4.0 (compatible; MSIE 7.0; Windows NT 5.1; .NET CLR 1.1.4322; FDM)"
92.54.251.21 - - [23/Nov/2008:11:47:41 -0500] "GET /home/scripts/coolmenus4.js HTTP/1.1" 200 25713 "http://www.xpolog.com/?gclid=CNPygcfgi5cCFQSJugodYCkA_Q" "Mozilla/4.0 (compatible; MSIE 6.0; Windows NT 5.1; SV1; .NET CLR 2.0.50727)"
24.250.125.85 - - [23/Nov/2008:11:47:43 -0500] "GET /home/images/home/2.jpg HTTP/1.1" 200 34757 "http://www.xpolog.com/" "Mozilla/4.0 (compatible; MSIE 7.0; Windows NT 5.1; .NET CLR 1.1.4322; FDM)"
24.250.125.85 - - [23/Nov/2008:11:47:43 -0500] "GET /home/images/home/3.jpg HTTP/1.1" 200 29833 "http://www.xpolog.com/" "Mozilla/4.0 (compatible; MSIE 7.0; Windows NT 5.1; .NET CLR 1.1.4322; FDM)"
24.250.125.85 - - [23/Nov/2008:11:47:43 -0500] "GET /home/images/home/1.jpg HTTP/1.1" 200 40920 "http://www.xpolog.com/" "Mozilla/4.0 (compatible; MSIE 7.0; Windows NT 5.1; .NET CLR 1.1.4322; FDM)"
24.250.125.85 - - [23/Nov/2008:11:47:44 -0500] "GET /home/images/home/4.jpg HTTP/1.1" 200 31779 "http://www.xpolog.com/" "Mozilla/4.0 (compatible; MSIE 7.0; Windows NT 5.1; .NET CLR 1.1.4322; FDM)"
92.54.251.21 - - [23/Nov/2008:11:47:44 -0500] "GET /home/scripts/iframebackground.html HTTP/1.1" 200 67 "http://www.xpolog.com/?gclid=CNPygcfgi5cCFQSJugodYCkA_Q" "Mozilla/4.0 (compatible; MSIE 6.0; Windows NT 5.1; SV1; .NET CLR 2.0.50727)"
24.250.125.85 - - [23/Nov/2008:11:47:44 -0500] "GET /home/images/home/homeBackground.jpg HTTP/1.1" 200 20596 "http://www.xpolog.com/" "Mozilla/4.0 (compatible; MSIE 7.0; Windows NT 5.1; .NET CLR 1.1.4322; FDM)"
92.54.251.21 - - [23/Nov/2008:11:47:44 -0500] "GET /home/scripts/iframebackground.html HTTP/1.1" 200 67 "http://www.xpolog.com/?gclid=CNPygcfgi5cCFQSJugodYCkA_Q" "Mozilla/4.0 (compatible; MSIE 6.0; Windows NT 5.1; SV1; .NET CLR 2.0.50727)"
24.250.125.85 - - [23/Nov/2008:11:47:44 -0500] "GET /home/images/home/gray_dot_2.gif HTTP/1.1" 200 102 "http://www.xpolog.com/" "Mozilla/4.0 (compatible; MSIE 7.0; Windows NT 5.1; .NET CLR 1.1.4322; FDM)"
24.250.125.85 - - [23/Nov/2008:11:47:45 -0500] "GET /home/images/home/downloadBtn.gif HTTP/1.1" 200 334 "http://www.xpolog.com/" "Mozilla/4.0 (compatible; MSIE 7.0; Windows NT 5.1; .NET CLR 1.1.4322; FDM)"
24.250.125.85 - - [23/Nov/2008:11:47:45 -0500] "GET /home/images/home/download_inter.gif HTTP/1.1" 200 2418 "http://www.xpolog.com/" "Mozilla/4.0 (compatible; MSIE 7.0; Windows NT 5.1; .NET CLR 1.1.4322; FDM)"
24.250.125.85 - - [23/Nov/2008:11:47:45 -0500] "GET /home/images/home/online_demo_inter.gif HTTP/1.1" 200 1829 "http://www.xpolog.com/" "Mozilla/4.0 (compatible; MSIE 7.0; Windows NT 5.1; .NET CLR 1.1.4322; FDM)"
24.250.125.85 - - [23/Nov/2008:11:47:45 -0500] "GET /home/images/home/brochure_inter.gif HTTP/1.1" 200 1900 "http://www.xpolog.com/" "Mozilla/4.0 (compatible; MSIE 7.0; Windows NT 5.1; .NET CLR 1.1.4322; FDM)"
24.250.125.85 - - [23/Nov/2008:11:47:45 -0500] "GET /home/images/home/line_2.gif HTTP/1.1" 200 56 "http://www.xpolog.com/" "Mozilla/4.0 (compatible; MSIE 7.0; Windows NT 5.1; .NET CLR 1.1.4322; FDM)"
24.250.125.85 - - [23/Nov/2008:11:47:45 -0500] "GET /home/images/home/line_1.gif HTTP/1.1" 200 54 "http://www.xpolog.com/" "Mozilla/4.0 (compatible; MSIE 7.0; Windows NT 5.1; .NET CLR 1.1.4322; FDM)"
92.54.251.21 - - [23/Nov/2008:11:47:45 -0500] "GET /home/scripts/iframebackground.html HTTP/1.1" 200 67 "http://www.xpolog.com/?gclid=CNPygcfgi5cCFQSJugodYCkA_Q" "Mozilla/4.0 (compatible; MSIE 6.0; Windows NT 5.1; SV1; .NET CLR 2.0.50727)"
92.54.251.21 - - [23/Nov/2008:11:47:45 -0500] "GET /home/scripts/iframebackground.html HTTP/1.1" 200 67 "http://www.xpolog.com/?gclid=CNPygcfgi5cCFQSJugodYCkA_Q" "Mozilla/4.0 (compatible; MSIE 6.0; Windows NT 5.1; SV1; .NET CLR 2.0.50727)"
24.250.125.85 - - [23/Nov/2008:11:47:45 -0500] "GET /home/images/home/line_4.gif HTTP/1.1" 200 93 "http://www.xpolog.com/" "Mozilla/4.0 (compatible; MSIE 7.0; Windows NT 5.1; .NET CLR 1.1.4322; FDM)"
24.250.125.85 - - [23/Nov/2008:11:47:45 -0500] "GET /home/images/home/downloadBtn_2.gif HTTP/1.1" 200 366 "http://www.xpolog.com/" "Mozilla/4.0 (compatible; MSIE 7.0; Windows NT 5.1; .NET CLR 1.1.4322; FDM)"
24.250.125.85 - - [23/Nov/2008:11:47:46 -0500] "GET /home/images/home/line_3.gif HTTP/1.1" 200 54 "http://www.xpolog.com/" "Mozilla/4.0 (compatible; MSIE 7.0; Windows NT 5.1; .NET CLR 1.1.4322; FDM)"
24.250.125.85 - - [23/Nov/2008:11:47:46 -0500] "GET /home/images/home/testimonials_upper_line.gif HTTP/1.1" 200 108 "http://www.xpolog.com/" "Mozilla/4.0 (compatible; MSIE 7.0; Windows NT 5.1; .NET CLR 1.1.4322; FDM)"
24.250.125.85 - - [23/Nov/2008:11:47:46 -0500] "GET /home/images/home/line_5.gif HTTP/1.1" 200 53 "http://www.xpolog.com/" "Mozilla/4.0 (compatible; MSIE 7.0; Windows NT 5.1; .NET CLR 1.1.4322; FDM)"
24.250.125.85 - - [23/Nov/2008:11:47:46 -0500] "GET /home/images/home/testimonials_bottom_line.gif HTTP/1.1" 200 103 "http://www.xpolog.com/" "Mozilla/4.0 (compatible; MSIE 7.0; Windows NT 5.1; .NET CLR 1.1.4322; FDM)"
92.54.251.21 - - [23/Nov/2008:11:47:46 -0500] "GET /home/scripts/iframebackground.html HTTP/1.1" 200 67 "http://www.xpolog.com/?gclid=CNPygcfgi5cCFQSJugodYCkA_Q" "Mozilla/4.0 (compatible; MSIE 6.0; Windows NT 5.1; SV1; .NET CLR 2.0.50727)"
24.250.125.85 - - [23/Nov/2008:11:47:46 -0500] "GET /home/images/home/v.gif HTTP/1.1" 200 176 "http://www.xpolog.com/" "Mozilla/4.0 (compatible; MSIE 7.0; Windows NT 5.1; .NET CLR 1.1.4322; FDM)"
24.250.125.85 - - [23/Nov/2008:11:47:46 -0500] "GET /home/images/home/home_footer_background.gif HTTP/1.1" 200 11400 "http://www.xpolog.com/" "Mozilla/4.0 (compatible; MSIE 7.0; Windows NT 5.1; .NET CLR 1.1.4322; FDM)"
92.54.251.21 - - [23/Nov/2008:11:47:46 -0500] "GET /home/scripts/iframebackground.html HTTP/1.1" 200 67 "http://www.xpolog.com/?gclid=CNPygcfgi5cCFQSJugodYCkA_Q" "Mozilla/4.0 (compatible; MSIE 6.0; Windows NT 5.1; SV1; .NET CLR 2.0.50727)"
24.250.125.85 - - [23/Nov/2008:11:47:46 -0500] "GET /home/images/footer/download_btn.gif HTTP/1.1" 200 591 "http://www.xpolog.com/" "Mozilla/4.0 (compatible; MSIE 7.0; Windows NT 5.1; .NET CLR 1.1.4322; FDM)"
24.250.125.85 - - [23/Nov/2008:11:47:47 -0500] "GET /home/favicon.ico HTTP/1.1" 200 1150 "-" "Mozilla/4.0 (compatible; MSIE 7.0; Windows NT 5.1; .NET CLR 1.1.4322; FDM)"
92.54.251.21 - - [23/Nov/2008:11:47:47 -0500] "GET /home/scripts/iframebackground.html HTTP/1.1" 200 67 "http://www.xpolog.com/?gclid=CNPygcfgi5cCFQSJugodYCkA_Q" "Mozilla/4.0 (compatible; MSIE 6.0; Windows NT 5.1; SV1; .NET CLR 2.0.50727)"
92.54.251.21 - - [23/Nov/2008:11:47:47 -0500] "GET /home/scripts/iframebackground.html HTTP/1.1" 200 67 "http://www.xpolog.com/?gclid=CNPygcfgi5cCFQSJugodYCkA_Q" "Mozilla/4.0 (compatible; MSIE 6.0; Windows NT 5.1; SV1; .NET CLR 2.0.50727)"
92.54.251.21 - - [23/Nov/2008:11:47:48 -0500] "GET /home/scripts/iframebackground.html HTTP/1.1" 200 67 "http://www.xpolog.com/?gclid=CNPygcfgi5cCFQSJugodYCkA_Q" "Mozilla/4.0 (compatible; MSIE 6.0; Windows NT 5.1; SV1; .NET CLR 2.0.50727)"
92.54.251.21 - - [23/Nov/2008:11:47:48 -0500] "GET /home/scripts/iframebackground.html HTTP/1.1" 200 67 "http://www.xpolog.com/?gclid=CNPygcfgi5cCFQSJugodYCkA_Q" "Mozilla/4.0 (compatible; MSIE 6.0; Windows NT 5.1; SV1; .NET CLR 2.0.50727)"
92.54.251.21 - - [23/Nov/2008:11:47:49 -0500] "GET /home/scripts/iframebackground.html HTTP/1.1" 200 67 "http://www.xpolog.com/?gclid=CNPygcfgi5cCFQSJugodYCkA_Q" "Mozilla/4.0 (compatible; MSIE 6.0; Windows NT 5.1; SV1; .NET CLR 2.0.50727)"
92.54.251.21 - - [23/Nov/2008:11:47:49 -0500] "GET /home/scripts/iframebackground.html HTTP/1.1" 200 67 "http://www.xpolog.com/?gclid=CNPygcfgi5cCFQSJugodYCkA_Q" "Mozilla/4.0 (compatible; MSIE 6.0; Windows NT 5.1; SV1; .NET CLR 2.0.50727)"
92.54.251.21 - - [23/Nov/2008:11:47:49 -0500] "GET /home/scripts/iframebackground.html HTTP/1.1" 200 67 "http://www.xpolog.com/?gclid=CNPygcfgi5cCFQSJugodYCkA_Q" "Mozilla/4.0 (compatible; MSIE 6.0; Windows NT 5.1; SV1; .NET CLR 2.0.50727)"
92.54.251.21 - - [23/Nov/2008:11:47:50 -0500] "GET /home/images/home/logo.gif HTTP/1.1" 200 3128 "http://www.xpolog.com/?gclid=CNPygcfgi5cCFQSJugodYCkA_Q" "Mozilla/4.0 (compatible; MSIE 6.0; Windows NT 5.1; SV1; .NET CLR 2.0.50727)"
92.54.251.21 - - [23/Nov/2008:11:47:50 -0500] "GET /home/images/home/1.jpg HTTP/1.1" 200 40920 "http://www.xpolog.com/?gclid=CNPygcfgi5cCFQSJugodYCkA_Q" "Mozilla/4.0 (compatible; MSIE 6.0; Windows NT 5.1; SV1; .NET CLR 2.0.50727)"
92.54.251.21 - - [23/Nov/2008:11:47:51 -0500] "GET /home/images/home/2.jpg HTTP/1.1" 200 34757 "http://www.xpolog.com/?gclid=CNPygcfgi5cCFQSJugodYCkA_Q" "Mozilla/4.0 (compatible; MSIE 6.0; Windows NT 5.1; SV1; .NET CLR 2.0.50727)"
92.54.251.21 - - [23/Nov/2008:11:47:53 -0500] "GET /home/images/home/3.jpg HTTP/1.1" 200 29833 "http://www.xpolog.com/?gclid=CNPygcfgi5cCFQSJugodYCkA_Q" "Mozilla/4.0 (compatible; MSIE 6.0; Windows NT 5.1; SV1; .NET CLR 2.0.50727)"
92.54.251.21 - - [23/Nov/2008:11:47:54 -0500] "GET /home/images/home/4.jpg HTTP/1.1" 200 31779 "http://www.xpolog.com/?gclid=CNPygcfgi5cCFQSJugodYCkA_Q" "Mozilla/4.0 (compatible; MSIE 6.0; Windows NT 5.1; SV1; .NET CLR 2.0.50727)"
92.54.251.21 - - [23/Nov/2008:11:47:56 -0500] "GET /home/images/home/gray_dot_2.gif HTTP/1.1" 200 102 "http://www.xpolog.com/?gclid=CNPygcfgi5cCFQSJugodYCkA_Q" "Mozilla/4.0 (compatible; MSIE 6.0; Windows NT 5.1; SV1; .NET CLR 2.0.50727)"
92.54.251.21 - - [23/Nov/2008:11:47:57 -0500] "GET /home/images/home/downloadBtn.gif HTTP/1.1" 200 334 "http://www.xpolog.com/?gclid=CNPygcfgi5cCFQSJugodYCkA_Q" "Mozilla/4.0 (compatible; MSIE 6.0; Windows NT 5.1; SV1; .NET CLR 2.0.50727)"
92.54.251.21 - - [23/Nov/2008:11:47:58 -0500] "GET /home/images/home/online_demo_inter.gif HTTP/1.1" 200 1829 "http://www.xpolog.com/?gclid=CNPygcfgi5cCFQSJugodYCkA_Q" "Mozilla/4.0 (compatible; MSIE 6.0; Windows NT 5.1; SV1; .NET CLR 2.0.50727)"
92.54.251.21 - - [23/Nov/2008:11:47:58 -0500] "GET /home/images/home/brochure_inter.gif HTTP/1.1" 200 1900 "http://www.xpolog.com/?gclid=CNPygcfgi5cCFQSJugodYCkA_Q" "Mozilla/4.0 (compatible; MSIE 6.0; Windows NT 5.1; SV1; .NET CLR 2.0.50727)"
92.54.251.21 - - [23/Nov/2008:11:47:57 -0500] "GET /home/images/home/homeBackground.jpg HTTP/1.1" 200 20596 "http://www.xpolog.com/?gclid=CNPygcfgi5cCFQSJugodYCkA_Q" "Mozilla/4.0 (compatible; MSIE 6.0; Windows NT 5.1; SV1; .NET CLR 2.0.50727)"
92.54.251.21 - - [23/Nov/2008:11:47:59 -0500] "GET /home/images/home/download_inter.gif HTTP/1.1" 200 2418 "http://www.xpolog.com/?gclid=CNPygcfgi5cCFQSJugodYCkA_Q" "Mozilla/4.0 (compatible; MSIE 6.0; Windows NT 5.1; SV1; .NET CLR 2.0.50727)"
92.54.251.21 - - [23/Nov/2008:11:47:59 -0500] "GET /home/images/home/line_1.gif HTTP/1.1" 200 54 "http://www.xpolog.com/?gclid=CNPygcfgi5cCFQSJugodYCkA_Q" "Mozilla/4.0 (compatible; MSIE 6.0; Windows NT 5.1; SV1; .NET CLR 2.0.50727)"
92.54.251.21 - - [23/Nov/2008:11:48:00 -0500] "GET /home/images/home/line_2.gif HTTP/1.1" 200 56 "http://www.xpolog.com/?gclid=CNPygcfgi5cCFQSJugodYCkA_Q" "Mozilla/4.0 (compatible; MSIE 6.0; Windows NT 5.1; SV1; .NET CLR 2.0.50727)"
92.54.251.21 - - [23/Nov/2008:11:48:00 -0500] "GET /home/images/home/line_4.gif HTTP/1.1" 200 93 "http://www.xpolog.com/?gclid=CNPygcfgi5cCFQSJugodYCkA_Q" "Mozilla/4.0 (compatible; MSIE 6.0; Windows NT 5.1; SV1; .NET CLR 2.0.50727)"
92.54.251.21 - - [23/Nov/2008:11:48:01 -0500] "GET /home/images/home/downloadBtn_2.gif HTTP/1.1" 200 366 "http://www.xpolog.com/?gclid=CNPygcfgi5cCFQSJugodYCkA_Q" "Mozilla/4.0 (compatible; MSIE 6.0; Windows NT 5.1; SV1; .NET CLR 2.0.50727)"
92.54.251.21 - - [23/Nov/2008:11:48:01 -0500] "GET /home/images/home/line_3.gif HTTP/1.1" 200 54 "http://www.xpolog.com/?gclid=CNPygcfgi5cCFQSJugodYCkA_Q" "Mozilla/4.0 (compatible; MSIE 6.0; Windows NT 5.1; SV1; .NET CLR 2.0.50727)"
92.54.251.21 - - [23/Nov/2008:11:48:02 -0500] "GET /home/images/home/testimonials_upper_line.gif HTTP/1.1" 200 108 "http://www.xpolog.com/?gclid=CNPygcfgi5cCFQSJugodYCkA_Q" "Mozilla/4.0 (compatible; MSIE 6.0; Windows NT 5.1; SV1; .NET CLR 2.0.50727)"
92.194.126.235 - - [23/Nov/2008:11:48:02 -0500] "GET /home/css/xplg.css HTTP/1.1" 200 8720 "http://www.log-viewer.com/?gclid=CNnSx9Tgi5cCFQ06QgodxV64-Q" "Mozilla/5.0 (Windows; U; Windows NT 6.0; de; rv:1.9.0.3) Gecko/2008092417 Firefox/3.0.3"
92.194.126.235 - - [23/Nov/2008:11:48:02 -0500] "GET /home/css/texts.css HTTP/1.1" 200 3369 "http://www.log-viewer.com/?gclid=CNnSx9Tgi5cCFQ06QgodxV64-Q" "Mozilla/5.0 (Windows; U; Windows NT 6.0; de; rv:1.9.0.3) Gecko/2008092417 Firefox/3.0.3"
92.54.251.21 - - [23/Nov/2008:11:48:02 -0500] "GET /home/images/home/line_5.gif HTTP/1.1" 200 53 "http://www.xpolog.com/?gclid=CNPygcfgi5cCFQSJugodYCkA_Q" "Mozilla/4.0 (compatible; MSIE 6.0; Windows NT 5.1; SV1; .NET CLR 2.0.50727)"
92.194.126.235 - - [23/Nov/2008:11:48:02 -0500] "GET /home/css/links.css HTTP/1.1" 200 30502 "http://www.log-viewer.com/?gclid=CNnSx9Tgi5cCFQ06QgodxV64-Q" "Mozilla/5.0 (Windows; U; Windows NT 6.0; de; rv:1.9.0.3) Gecko/2008092417 Firefox/3.0.3"
92.54.251.21 - - [23/Nov/2008:11:48:02 -0500] "GET /home/images/home/testimonials_bottom_line.gif HTTP/1.1" 200 103 "http://www.xpolog.com/?gclid=CNPygcfgi5cCFQSJugodYCkA_Q" "Mozilla/4.0 (compatible; MSIE 6.0; Windows NT 5.1; SV1; .NET CLR 2.0.50727)"
92.194.126.235 - - [23/Nov/2008:11:48:03 -0500] "GET /home/images/home/logo.gif HTTP/1.1" 200 3128 "http://www.log-viewer.com/?gclid=CNnSx9Tgi5cCFQ06QgodxV64-Q" "Mozilla/5.0 (Windows; U; Windows NT 6.0; de; rv:1.9.0.3) Gecko/2008092417 Firefox/3.0.3"
92.194.126.235 - - [23/Nov/2008:11:48:03 -0500] "GET /home/images/quick/upper_line_inter.gif HTTP/1.1" 200 130 "http://www.log-viewer.com/?gclid=CNnSx9Tgi5cCFQ06QgodxV64-Q" "Mozilla/5.0 (Windows; U; Windows NT 6.0; de; rv:1.9.0.3) Gecko/2008092417 Firefox/3.0.3"
92.194.126.235 - - [23/Nov/2008:11:48:03 -0500] "GET /home/images/quick/download_inter.gif HTTP/1.1" 200 2070 "http://www.log-viewer.com/?gclid=CNnSx9Tgi5cCFQ06QgodxV64-Q" "Mozilla/5.0 (Windows; U; Windows NT 6.0; de; rv:1.9.0.3) Gecko/2008092417 Firefox/3.0.3"
92.194.126.235 - - [23/Nov/2008:11:48:03 -0500] "GET /home/images/quick/brochure_inter.gif HTTP/1.1" 200 1333 "http://www.log-viewer.com/?gclid=CNnSx9Tgi5cCFQ06QgodxV64-Q" "Mozilla/5.0 (Windows; U; Windows NT 6.0; de; rv:1.9.0.3) Gecko/2008092417 Firefox/3.0.3"
92.194.126.235 - - [23/Nov/2008:11:48:03 -0500] "GET /home/images/quick/online_demo_inter.gif HTTP/1.1" 200 1684 "http://www.log-viewer.com/?gclid=CNnSx9Tgi5cCFQ06QgodxV64-Q" "Mozilla/5.0 (Windows; U; Windows NT 6.0; de; rv:1.9.0.3) Gecko/2008092417 Firefox/3.0.3"
92.194.126.235 - - [23/Nov/2008:11:48:04 -0500] "GET /home/images/quick/appicon.gif HTTP/1.1" 200 396 "http://www.log-viewer.com/?gclid=CNnSx9Tgi5cCFQ06QgodxV64-Q" "Mozilla/5.0 (Windows; U; Windows NT 6.0; de; rv:1.9.0.3) Gecko/2008092417 Firefox/3.0.3"
92.194.126.235 - - [23/Nov/2008:11:48:04 -0500] "GET /home/images/quick/opicon.gif HTTP/1.1" 200 397 "http://www.log-viewer.com/?gclid=CNnSx9Tgi5cCFQ06QgodxV64-Q" "Mozilla/5.0 (Windows; U; Windows NT 6.0; de; rv:1.9.0.3) Gecko/2008092417 Firefox/3.0.3"
92.194.126.235 - - [23/Nov/2008:11:48:04 -0500] "GET /home/images/quick/upper_line_inter_2.gif HTTP/1.1" 200 125 "http://www.log-viewer.com/?gclid=CNnSx9Tgi5cCFQ06QgodxV64-Q" "Mozilla/5.0 (Windows; U; Windows NT 6.0; de; rv:1.9.0.3) Gecko/2008092417 Firefox/3.0.3"
92.194.126.235 - - [23/Nov/2008:11:48:04 -0500] "GET /home/images/quick/lower_line_inter_2.gif HTTP/1.1" 200 125 "http://www.log-viewer.com/?gclid=CNnSx9Tgi5cCFQ06QgodxV64-Q" "Mozilla/5.0 (Windows; U; Windows NT 6.0; de; rv:1.9.0.3) Gecko/2008092417 Firefox/3.0.3"
92.194.126.235 - - [23/Nov/2008:11:48:04 -0500] "GET /home/images/quick/lower_line_inter.gif HTTP/1.1" 200 121 "http://www.log-viewer.com/?gclid=CNnSx9Tgi5cCFQ06QgodxV64-Q" "Mozilla/5.0 (Windows; U; Windows NT 6.0; de; rv:1.9.0.3) Gecko/2008092417 Firefox/3.0.3"
92.194.126.235 - - [23/Nov/2008:11:48:04 -0500] "GET /home/images/quick/icon.gif HTTP/1.1" 200 161 "http://www.log-viewer.com/?gclid=CNnSx9Tgi5cCFQ06QgodxV64-Q" "Mozilla/5.0 (Windows; U; Windows NT 6.0; de; rv:1.9.0.3) Gecko/2008092417 Firefox/3.0.3"
92.194.126.235 - - [23/Nov/2008:11:48:04 -0500] "GET /home/images/logviewer/iis.gif HTTP/1.1" 200 1567 "http://www.log-viewer.com/?gclid=CNnSx9Tgi5cCFQ06QgodxV64-Q" "Mozilla/5.0 (Windows; U; Windows NT 6.0; de; rv:1.9.0.3) Gecko/2008092417 Firefox/3.0.3"
92.194.126.235 - - [23/Nov/2008:11:48:04 -0500] "GET /home/images/logviewer/linux.gif HTTP/1.1" 200 1891 "http://www.log-viewer.com/?gclid=CNnSx9Tgi5cCFQ06QgodxV64-Q" "Mozilla/5.0 (Windows; U; Windows NT 6.0; de; rv:1.9.0.3) Gecko/2008092417 Firefox/3.0.3"
92.194.126.235 - - [23/Nov/2008:11:48:04 -0500] "GET /home/images/logviewer/homeSnap.gif HTTP/1.1" 200 8883 "http://www.log-viewer.com/?gclid=CNnSx9Tgi5cCFQ06QgodxV64-Q" "Mozilla/5.0 (Windows; U; Windows NT 6.0; de; rv:1.9.0.3) Gecko/2008092417 Firefox/3.0.3"
92.194.126.235 - - [23/Nov/2008:11:48:04 -0500] "GET /home/images/logviewer/apache.gif HTTP/1.1" 200 1460 "http://www.log-viewer.com/?gclid=CNnSx9Tgi5cCFQ06QgodxV64-Q" "Mozilla/5.0 (Windows; U; Windows NT 6.0; de; rv:1.9.0.3) Gecko/2008092417 Firefox/3.0.3"
92.194.126.235 - - [23/Nov/2008:11:48:04 -0500] "GET /home/images/logviewer/report.gif HTTP/1.1" 200 6164 "http://www.log-viewer.com/?gclid=CNnSx9Tgi5cCFQ06QgodxV64-Q" "Mozilla/5.0 (Windows; U; Windows NT 6.0; de; rv:1.9.0.3) Gecko/2008092417 Firefox/3.0.3"
92.194.126.235 - - [23/Nov/2008:11:48:04 -0500] "GET /home/images/logviewer/log4j.gif HTTP/1.1" 200 2026 "http://www.log-viewer.com/?gclid=CNnSx9Tgi5cCFQ06QgodxV64-Q" "Mozilla/5.0 (Windows; U; Windows NT 6.0; de; rv:1.9.0.3) Gecko/2008092417 Firefox/3.0.3"
92.194.126.235 - - [23/Nov/2008:11:48:05 -0500] "GET /home/images/logviewer/aspnet.gif HTTP/1.1" 200 1513 "http://www.log-viewer.com/?gclid=CNnSx9Tgi5cCFQ06QgodxV64-Q" "Mozilla/5.0 (Windows; U; Windows NT 6.0; de; rv:1.9.0.3) Gecko/2008092417 Firefox/3.0.3"
92.194.126.235 - - [23/Nov/2008:11:48:05 -0500] "GET /home/images/logviewer/dashboard.gif HTTP/1.1" 200 6560 "http://www.log-viewer.com/?gclid=CNnSx9Tgi5cCFQ06QgodxV64-Q" "Mozilla/5.0 (Windows; U; Windows NT 6.0; de; rv:1.9.0.3) Gecko/2008092417 Firefox/3.0.3"
92.194.126.235 - - [23/Nov/2008:11:48:05 -0500] "GET /home/images/logviewer/transaction.gif HTTP/1.1" 200 5449 "http://www.log-viewer.com/?gclid=CNnSx9Tgi5cCFQ06QgodxV64-Q" "Mozilla/5.0 (Windows; U; Windows NT 6.0; de; rv:1.9.0.3) Gecko/2008092417 Firefox/3.0.3"
92.194.126.235 - - [23/Nov/2008:11:48:05 -0500] "GET /home/images/quick/header.gif HTTP/1.1" 200 305 "http://www.log-viewer.com/?gclid=CNnSx9Tgi5cCFQ06QgodxV64-Q" "Mozilla/5.0 (Windows; U; Windows NT 6.0; de; rv:1.9.0.3) Gecko/2008092417 Firefox/3.0.3"
92.194.126.235 - - [23/Nov/2008:11:48:05 -0500] "GET /home/images/downloads/download-button.gif HTTP/1.1" 200 1426 "http://www.log-viewer.com/?gclid=CNnSx9Tgi5cCFQ06QgodxV64-Q" "Mozilla/5.0 (Windows; U; Windows NT 6.0; de; rv:1.9.0.3) Gecko/2008092417 Firefox/3.0.3"
92.54.251.21 - - [23/Nov/2008:11:48:03 -0500] "GET /home/solutions/app.jsp HTTP/1.1" 200 48645 "http://www.xpolog.com/?gclid=CNPygcfgi5cCFQSJugodYCkA_Q" "Mozilla/4.0 (compatible; MSIE 6.0; Windows NT 5.1; SV1; .NET CLR 2.0.50727)"
92.54.251.21 - - [23/Nov/2008:11:48:06 -0500] "GET /home/images/solutions/applicationsBackground.gif HTTP/1.1" 200 4930 "http://www.xpolog.com/home/solutions/app.jsp" "Mozilla/4.0 (compatible; MSIE 6.0; Windows NT 5.1; SV1; .NET CLR 2.0.50727)"
92.54.251.21 - - [23/Nov/2008:11:48:06 -0500] "GET /home/images/solutions/applications.gif HTTP/1.1" 200 24238 "http://www.xpolog.com/home/solutions/app.jsp" "Mozilla/4.0 (compatible; MSIE 6.0; Windows NT 5.1; SV1; .NET CLR 2.0.50727)"
92.54.251.21 - - [23/Nov/2008:11:48:08 -0500] "GET /home/images/solutions/upper-box-line.gif HTTP/1.1" 200 350 "http://www.xpolog.com/home/solutions/app.jsp" "Mozilla/4.0 (compatible; MSIE 6.0; Windows NT 5.1; SV1; .NET CLR 2.0.50727)"
92.54.251.21 - - [23/Nov/2008:11:48:08 -0500] "GET /home/images/solutions/features-v.gif HTTP/1.1" 200 283 "http://www.xpolog.com/home/solutions/app.jsp" "Mozilla/4.0 (compatible; MSIE 6.0; Windows NT 5.1; SV1; .NET CLR 2.0.50727)"
92.54.251.21 - - [23/Nov/2008:11:48:08 -0500] "GET /home/images/solutions/middle-box-line.gif HTTP/1.1" 200 894 "http://www.xpolog.com/home/solutions/app.jsp" "Mozilla/4.0 (compatible; MSIE 6.0; Windows NT 5.1; SV1; .NET CLR 2.0.50727)"
92.54.251.21 - - [23/Nov/2008:11:48:08 -0500] "GET /home/images/solutions/minus-icon.gif HTTP/1.1" 200 70 "http://www.xpolog.com/home/solutions/app.jsp" "Mozilla/4.0 (compatible; MSIE 6.0; Windows NT 5.1; SV1; .NET CLR 2.0.50727)"
92.54.251.21 - - [23/Nov/2008:11:48:09 -0500] "GET /home/images/products/manager-overview-1.gif HTTP/1.1" 200 5225 "http://www.xpolog.com/home/solutions/app.jsp" "Mozilla/4.0 (compatible; MSIE 6.0; Windows NT 5.1; SV1; .NET CLR 2.0.50727)"
92.54.251.21 - - [23/Nov/2008:11:48:09 -0500] "GET /home/images/solutions/lower-box-line.gif HTTP/1.1" 200 241 "http://www.xpolog.com/home/solutions/app.jsp" "Mozilla/4.0 (compatible; MSIE 6.0; Windows NT 5.1; SV1; .NET CLR 2.0.50727)"
92.54.251.21 - - [23/Nov/2008:11:48:10 -0500] "GET /home/images/products/quote.gif HTTP/1.1" 200 196 "http://www.xpolog.com/home/solutions/app.jsp" "Mozilla/4.0 (compatible; MSIE 6.0; Windows NT 5.1; SV1; .NET CLR 2.0.50727)"
92.54.251.21 - - [23/Nov/2008:11:48:10 -0500] "GET /home/images/quick/upper_line_inter.gif HTTP/1.1" 200 130 "http://www.xpolog.com/home/solutions/app.jsp" "Mozilla/4.0 (compatible; MSIE 6.0; Windows NT 5.1; SV1; .NET CLR 2.0.50727)"
92.54.251.21 - - [23/Nov/2008:11:48:11 -0500] "GET /home/images/quick/download_inter.gif HTTP/1.1" 200 2070 "http://www.xpolog.com/home/solutions/app.jsp" "Mozilla/4.0 (compatible; MSIE 6.0; Windows NT 5.1; SV1; .NET CLR 2.0.50727)"
92.54.251.21 - - [23/Nov/2008:11:48:11 -0500] "GET /home/images/quick/brochure_inter.gif HTTP/1.1" 200 1333 "http://www.xpolog.com/home/solutions/app.jsp" "Mozilla/4.0 (compatible; MSIE 6.0; Windows NT 5.1; SV1; .NET CLR 2.0.50727)"
92.54.251.21 - - [23/Nov/2008:11:48:12 -0500] "GET /home/images/quick/online_demo_inter.gif HTTP/1.1" 200 1684 "http://www.xpolog.com/home/solutions/app.jsp" "Mozilla/4.0 (compatible; MSIE 6.0; Windows NT 5.1; SV1; .NET CLR 2.0.50727)"
92.54.251.21 - - [23/Nov/2008:11:48:12 -0500] "GET /home/images/quick/header.gif HTTP/1.1" 200 305 "http://www.xpolog.com/home/solutions/app.jsp" "Mozilla/4.0 (compatible; MSIE 6.0; Windows NT 5.1; SV1; .NET CLR 2.0.50727)"
92.54.251.21 - - [23/Nov/2008:11:48:13 -0500] "GET /home/images/quick/icon.gif HTTP/1.1" 200 161 "http://www.xpolog.com/home/solutions/app.jsp" "Mozilla/4.0 (compatible; MSIE 6.0; Windows NT 5.1; SV1; .NET CLR 2.0.50727)"
92.54.251.21 - - [23/Nov/2008:11:48:14 -0500] "GET /css/xplg.css HTTP/1.1" 404 292 "http://www.xpolog.com/?gclid=CNPygcfgi5cCFQSJugodYCkA_Q" "Mozilla/4.0 (compatible; MSIE 6.0; Windows NT 5.1; SV1; .NET CLR 2.0.50727)"
92.194.126.235 - - [23/Nov/2008:11:49:29 -0500] "GET /home/favicon.ico HTTP/1.1" 200 1150 "-" "Mozilla/5.0 (Windows; U; Windows NT 6.0; de; rv:1.9.0.3) Gecko/2008092417 Firefox/3.0.3"
92.194.126.235 - - [23/Nov/2008:11:49:29 -0500] "GET /home/css/menus.css HTTP/1.1" 200 8999 "http://www.xpolog.com/home/downloads/index.jsp" "Mozilla/5.0 (Windows; U; Windows NT 6.0; de; rv:1.9.0.3) Gecko/2008092417 Firefox/3.0.3"
92.194.126.235 - - [23/Nov/2008:11:49:28 -0500] "GET /home/downloads/index.jsp HTTP/1.1" 200 43987 "http://www.log-viewer.com/?gclid=CNnSx9Tgi5cCFQ06QgodxV64-Q" "Mozilla/5.0 (Windows; U; Windows NT 6.0; de; rv:1.9.0.3) Gecko/2008092417 Firefox/3.0.3"
92.194.126.235 - - [23/Nov/2008:11:49:29 -0500] "GET /home/scripts/coolmenus4.js HTTP/1.1" 200 25713 "http://www.xpolog.com/home/downloads/index.jsp" "Mozilla/5.0 (Windows; U; Windows NT 6.0; de; rv:1.9.0.3) Gecko/2008092417 Firefox/3.0.3"
92.194.126.235 - - [23/Nov/2008:11:49:30 -0500] "GET /home/images/downloads/windows.gif HTTP/1.1" 200 1982 "http://www.xpolog.com/home/downloads/index.jsp" "Mozilla/5.0 (Windows; U; Windows NT 6.0; de; rv:1.9.0.3) Gecko/2008092417 Firefox/3.0.3"
92.194.126.235 - - [23/Nov/2008:11:49:30 -0500] "GET /home/images/downloads/j2ee.gif HTTP/1.1" 200 3039 "http://www.xpolog.com/home/downloads/index.jsp" "Mozilla/5.0 (Windows; U; Windows NT 6.0; de; rv:1.9.0.3) Gecko/2008092417 Firefox/3.0.3"
92.194.126.235 - - [23/Nov/2008:11:49:30 -0500] "GET /home/images/downloads/linux.gif HTTP/1.1" 200 1758 "http://www.xpolog.com/home/downloads/index.jsp" "Mozilla/5.0 (Windows; U; Windows NT 6.0; de; rv:1.9.0.3) Gecko/2008092417 Firefox/3.0.3"
92.194.126.235 - - [23/Nov/2008:11:49:30 -0500] "GET /home/images/downloads/solaris.gif HTTP/1.1" 200 2513 "http://www.xpolog.com/home/downloads/index.jsp" "Mozilla/5.0 (Windows; U; Windows NT 6.0; de; rv:1.9.0.3) Gecko/2008092417 Firefox/3.0.3"
92.194.126.235 - - [23/Nov/2008:11:49:30 -0500] "GET /home/images/quick/mgmticon.gif HTTP/1.1" 200 392 "http://www.xpolog.com/home/downloads/index.jsp" "Mozilla/5.0 (Windows; U; Windows NT 6.0; de; rv:1.9.0.3) Gecko/2008092417 Firefox/3.0.3"
92.194.126.235 - - [23/Nov/2008:11:49:30 -0500] "GET /home/images/footer/v.gif HTTP/1.1" 200 176 "http://www.xpolog.com/home/downloads/index.jsp" "Mozilla/5.0 (Windows; U; Windows NT 6.0; de; rv:1.9.0.3) Gecko/2008092417 Firefox/3.0.3"
92.194.126.235 - - [23/Nov/2008:11:49:30 -0500] "GET /home/images/footer/download_btn.gif HTTP/1.1" 200 591 "http://www.xpolog.com/home/downloads/index.jsp" "Mozilla/5.0 (Windows; U; Windows NT 6.0; de; rv:1.9.0.3) Gecko/2008092417 Firefox/3.0.3"
92.194.126.235 - - [23/Nov/2008:11:49:30 -0500] "GET /home/images/downloads/downloads.gif HTTP/1.1" 200 22028 "http://www.xpolog.com/home/downloads/index.jsp" "Mozilla/5.0 (Windows; U; Windows NT 6.0; de; rv:1.9.0.3) Gecko/2008092417 Firefox/3.0.3"
92.194.126.235 - - [23/Nov/2008:11:49:30 -0500] "GET /home/images/footer/background.gif HTTP/1.1" 200 13744 "http://www.xpolog.com/home/downloads/index.jsp" "Mozilla/5.0 (Windows; U; Windows NT 6.0; de; rv:1.9.0.3) Gecko/2008092417 Firefox/3.0.3"
92.194.126.235 - - [23/Nov/2008:11:49:47 -0500] "GET /home/contents/downloads/trialAction.jsp?downloadType=win HTTP/1.1" 302 - "http://www.xpolog.com/home/downloads/index.jsp" "Mozilla/5.0 (Windows; U; Windows NT 6.0; de; rv:1.9.0.3) Gecko/2008092417 Firefox/3.0.3"
92.194.126.235 - - [23/Nov/2008:11:49:48 -0500] "GET /home/master/xplgMaster_downloads_trial_registration.jsp HTTP/1.1" 200 26359 "http://www.xpolog.com/home/downloads/index.jsp" "Mozilla/5.0 (Windows; U; Windows NT 6.0; de; rv:1.9.0.3) Gecko/2008092417 Firefox/3.0.3"
92.194.126.235 - - [23/Nov/2008:11:49:49 -0500] "GET /home/images/downloads/reg-download.gif HTTP/1.1" 200 1975 "http://www.xpolog.com/home/master/xplgMaster_downloads_trial_registration.jsp" "Mozilla/5.0 (Windows; U; Windows NT 6.0; de; rv:1.9.0.3) Gecko/2008092417 Firefox/3.0.3"
92.194.126.235 - - [23/Nov/2008:11:49:49 -0500] "GET /home/images/downloads/input.gif HTTP/1.1" 200 863 "http://www.xpolog.com/home/css/xplg.css" "Mozilla/5.0 (Windows; U; Windows NT 6.0; de; rv:1.9.0.3) Gecko/2008092417 Firefox/3.0.3"
92.194.126.235 - - [23/Nov/2008:11:49:53 -0500] "POST /home/common/registerAction.jsp? HTTP/1.1" 200 306 "http://www.xpolog.com/home/master/xplgMaster_downloads_trial_registration.jsp" "Mozilla/5.0 (Windows; U; Windows NT 6.0; de; rv:1.9.0.3) Gecko/2008092417 Firefox/3.0.3"
92.114.239.203 - - [23/Nov/2008:11:49:57 -0500] "GET /home/css/xplg.css HTTP/1.1" 200 8720 "http://www.xpolog-management.com/?gclid=COi5uIvhi5cCFQTQugodJEG1-g" "Opera/9.51 (Windows NT 5.1; U; ru)"
92.114.239.203 - - [23/Nov/2008:11:49:58 -0500] "GET /home/css/texts.css HTTP/1.1" 200 3369 "http://www.xpolog-management.com/?gclid=COi5uIvhi5cCFQTQugodJEG1-g" "Opera/9.51 (Windows NT 5.1; U; ru)"
92.114.239.203 - - [23/Nov/2008:11:49:57 -0500] "GET /home/css/links.css HTTP/1.1" 200 30502 "http://www.xpolog-management.com/?gclid=COi5uIvhi5cCFQTQugodJEG1-g" "Opera/9.51 (Windows NT 5.1; U; ru)"
92.114.239.203 - - [23/Nov/2008:11:49:59 -0500] "GET /home/images/home/logo.gif HTTP/1.1" 200 3128 "http://www.xpolog-management.com/?gclid=COi5uIvhi5cCFQTQugodJEG1-g" "Opera/9.51 (Windows NT 5.1; U; ru)"
92.114.239.203 - - [23/Nov/2008:11:49:59 -0500] "GET /home/images/quick/upper_line_inter.gif HTTP/1.1" 200 130 "http://www.xpolog-management.com/?gclid=COi5uIvhi5cCFQTQugodJEG1-g" "Opera/9.51 (Windows NT 5.1; U; ru)"
92.114.239.203 - - [23/Nov/2008:11:49:59 -0500] "GET /home/images/quick/download_inter.gif HTTP/1.1" 200 2070 "http://www.xpolog-management.com/?gclid=COi5uIvhi5cCFQTQugodJEG1-g" "Opera/9.51 (Windows NT 5.1; U; ru)"
92.114.239.203 - - [23/Nov/2008:11:49:59 -0500] "GET /home/images/quick/online_demo_inter.gif HTTP/1.1" 200 1684 "http://www.xpolog-management.com/?gclid=COi5uIvhi5cCFQTQugodJEG1-g" "Opera/9.51 (Windows NT 5.1; U; ru)"
92.114.239.203 - - [23/Nov/2008:11:49:59 -0500] "GET /home/images/quick/brochure_inter.gif HTTP/1.1" 200 1333 "http://www.xpolog-management.com/?gclid=COi5uIvhi5cCFQTQugodJEG1-g" "Opera/9.51 (Windows NT 5.1; U; ru)"
92.114.239.203 - - [23/Nov/2008:11:49:59 -0500] "GET /home/images/quick/header.gif HTTP/1.1" 200 305 "http://www.xpolog-management.com/?gclid=COi5uIvhi5cCFQTQugodJEG1-g" "Opera/9.51 (Windows NT 5.1; U; ru)"
92.114.239.203 - - [23/Nov/2008:11:49:59 -0500] "GET /home/images/quick/icon.gif HTTP/1.1" 200 161 "http://www.xpolog-management.com/?gclid=COi5uIvhi5cCFQTQugodJEG1-g" "Opera/9.51 (Windows NT 5.1; U; ru)"
92.114.239.203 - - [23/Nov/2008:11:49:59 -0500] "GET /home/images/quick/appicon.gif HTTP/1.1" 200 396 "http://www.xpolog-management.com/?gclid=COi5uIvhi5cCFQTQugodJEG1-g" "Opera/9.51 (Windows NT 5.1; U; ru)"
92.114.239.203 - - [23/Nov/2008:11:49:59 -0500] "GET /home/images/quick/opicon.gif HTTP/1.1" 200 397 "http://www.xpolog-management.com/?gclid=COi5uIvhi5cCFQTQugodJEG1-g" "Opera/9.51 (Windows NT 5.1; U; ru)"
